<!doctype html public "-//w3c//dtd html 4.0 transitional//en">
<html><head>
<title>Static Call Graph - [.\Objects\Project.axf]</title></head>
<body><HR>
<H1>Static Call Graph for image .\Objects\Project.axf</H1><HR>
<BR><P>#&#060CALLGRAPH&#062# ARM Linker, 6190004: Last Updated: Thu Mar 13 10:49:04 2025
<BR><P>
<H3>Maximum Stack Usage =         32 bytes + Unknown(Cycles, Untraceable Function Pointers)</H3><H3>
Call chain for Maximum Stack Depth:</H3>
main &rArr; LL_Init1msTick &rArr; __aeabi_uidiv
<P>
<H3>
Mutually Recursive functions
</H3> <LI><a href="#[b]">ADC_COMP_IRQHandler</a>&nbsp;&nbsp;&nbsp;&rArr;&nbsp;&nbsp;&nbsp;<a href="#[b]">ADC_COMP_IRQHandler</a><BR>
 <LI><a href="#[2]">HardFault_Handler</a>&nbsp;&nbsp;&nbsp;&rArr;&nbsp;&nbsp;&nbsp;<a href="#[2]">HardFault_Handler</a><BR>
</UL>
<P>
<H3>
Function Pointers
</H3><UL>
 <LI><a href="#[b]">ADC_COMP_IRQHandler</a> from startup_py32f002bxx.o(.text) referenced from startup_py32f002bxx.o(RESET)
 <LI><a href="#[8]">EXTI0_1_IRQHandler</a> from startup_py32f002bxx.o(.text) referenced from startup_py32f002bxx.o(RESET)
 <LI><a href="#[9]">EXTI2_3_IRQHandler</a> from startup_py32f002bxx.o(.text) referenced from startup_py32f002bxx.o(RESET)
 <LI><a href="#[a]">EXTI4_15_IRQHandler</a> from startup_py32f002bxx.o(.text) referenced from startup_py32f002bxx.o(RESET)
 <LI><a href="#[6]">FLASH_IRQHandler</a> from startup_py32f002bxx.o(.text) referenced from startup_py32f002bxx.o(RESET)
 <LI><a href="#[2]">HardFault_Handler</a> from py32f002b_it.o(.text.HardFault_Handler) referenced from startup_py32f002bxx.o(RESET)
 <LI><a href="#[10]">I2C1_IRQHandler</a> from startup_py32f002bxx.o(.text) referenced from startup_py32f002bxx.o(RESET)
 <LI><a href="#[e]">LPTIM1_IRQHandler</a> from startup_py32f002bxx.o(.text) referenced from startup_py32f002bxx.o(RESET)
 <LI><a href="#[1]">NMI_Handler</a> from py32f002b_it.o(.text.NMI_Handler) referenced from startup_py32f002bxx.o(RESET)
 <LI><a href="#[4]">PendSV_Handler</a> from py32f002b_it.o(.text.PendSV_Handler) referenced from startup_py32f002bxx.o(RESET)
 <LI><a href="#[7]">RCC_IRQHandler</a> from startup_py32f002bxx.o(.text) referenced from startup_py32f002bxx.o(RESET)
 <LI><a href="#[0]">Reset_Handler</a> from startup_py32f002bxx.o(.text) referenced from startup_py32f002bxx.o(RESET)
 <LI><a href="#[11]">SPI1_IRQHandler</a> from startup_py32f002bxx.o(.text) referenced from startup_py32f002bxx.o(RESET)
 <LI><a href="#[3]">SVC_Handler</a> from py32f002b_it.o(.text.SVC_Handler) referenced from startup_py32f002bxx.o(RESET)
 <LI><a href="#[5]">SysTick_Handler</a> from py32f002b_it.o(.text.SysTick_Handler) referenced from startup_py32f002bxx.o(RESET)
 <LI><a href="#[14]">SystemInit</a> from system_py32f002b.o(.text.SystemInit) referenced from startup_py32f002bxx.o(.text)
 <LI><a href="#[f]">TIM14_IRQHandler</a> from startup_py32f002bxx.o(.text) referenced from startup_py32f002bxx.o(RESET)
 <LI><a href="#[c]">TIM1_BRK_UP_TRG_COM_IRQHandler</a> from startup_py32f002bxx.o(.text) referenced from startup_py32f002bxx.o(RESET)
 <LI><a href="#[d]">TIM1_CC_IRQHandler</a> from startup_py32f002bxx.o(.text) referenced from startup_py32f002bxx.o(RESET)
 <LI><a href="#[12]">USART1_IRQHandler</a> from startup_py32f002bxx.o(.text) referenced from startup_py32f002bxx.o(RESET)
 <LI><a href="#[15]">__main</a> from entry.o(.ARM.Collect$$$$00000000) referenced from startup_py32f002bxx.o(.text)
 <LI><a href="#[13]">main</a> from main.o(.text.main) referenced from entry9a.o(.ARM.Collect$$$$0000000B)
</UL>
<P>
<H3>
Global Symbols
</H3>
<P><STRONG><a name="[15]"></a>__main</STRONG> (Thumb, 0 bytes, Stack size unknown bytes, entry.o(.ARM.Collect$$$$00000000))
<BR>[Address Reference Count : 1]<UL><LI> startup_py32f002bxx.o(.text)
</UL>
<P><STRONG><a name="[1c]"></a>_main_stk</STRONG> (Thumb, 0 bytes, Stack size unknown bytes, entry2.o(.ARM.Collect$$$$00000001))

<P><STRONG><a name="[16]"></a>_main_scatterload</STRONG> (Thumb, 0 bytes, Stack size unknown bytes, entry5.o(.ARM.Collect$$$$00000004))
<BR><BR>[Calls]<UL><LI><a href="#[17]">&gt;&gt;</a>&nbsp;&nbsp;&nbsp;__scatterload
</UL>

<P><STRONG><a name="[18]"></a>__main_after_scatterload</STRONG> (Thumb, 0 bytes, Stack size unknown bytes, entry5.o(.ARM.Collect$$$$00000004))
<BR><BR>[Called By]<UL><LI><a href="#[17]">&gt;&gt;</a>&nbsp;&nbsp;&nbsp;__scatterload
</UL>

<P><STRONG><a name="[1d]"></a>_main_clock</STRONG> (Thumb, 0 bytes, Stack size unknown bytes, entry7b.o(.ARM.Collect$$$$00000008))

<P><STRONG><a name="[1e]"></a>_main_cpp_init</STRONG> (Thumb, 0 bytes, Stack size unknown bytes, entry8b.o(.ARM.Collect$$$$0000000A))

<P><STRONG><a name="[1f]"></a>_main_init</STRONG> (Thumb, 0 bytes, Stack size unknown bytes, entry9a.o(.ARM.Collect$$$$0000000B))

<P><STRONG><a name="[20]"></a>__rt_final_cpp</STRONG> (Thumb, 0 bytes, Stack size unknown bytes, entry10a.o(.ARM.Collect$$$$0000000D))

<P><STRONG><a name="[21]"></a>__rt_final_exit</STRONG> (Thumb, 0 bytes, Stack size unknown bytes, entry11a.o(.ARM.Collect$$$$0000000F))

<P><STRONG><a name="[0]"></a>Reset_Handler</STRONG> (Thumb, 8 bytes, Stack size 0 bytes, startup_py32f002bxx.o(.text))
<BR>[Address Reference Count : 1]<UL><LI> startup_py32f002bxx.o(RESET)
</UL>
<P><STRONG><a name="[b]"></a>ADC_COMP_IRQHandler</STRONG> (Thumb, 0 bytes, Stack size 0 bytes, startup_py32f002bxx.o(.text))
<BR><BR>[Calls]<UL><LI><a href="#[b]">&gt;&gt;</a>&nbsp;&nbsp;&nbsp;ADC_COMP_IRQHandler
</UL>
<BR>[Called By]<UL><LI><a href="#[b]">&gt;&gt;</a>&nbsp;&nbsp;&nbsp;ADC_COMP_IRQHandler
</UL>
<BR>[Address Reference Count : 1]<UL><LI> startup_py32f002bxx.o(RESET)
</UL>
<P><STRONG><a name="[8]"></a>EXTI0_1_IRQHandler</STRONG> (Thumb, 0 bytes, Stack size 0 bytes, startup_py32f002bxx.o(.text))
<BR>[Address Reference Count : 1]<UL><LI> startup_py32f002bxx.o(RESET)
</UL>
<P><STRONG><a name="[9]"></a>EXTI2_3_IRQHandler</STRONG> (Thumb, 0 bytes, Stack size 0 bytes, startup_py32f002bxx.o(.text))
<BR>[Address Reference Count : 1]<UL><LI> startup_py32f002bxx.o(RESET)
</UL>
<P><STRONG><a name="[a]"></a>EXTI4_15_IRQHandler</STRONG> (Thumb, 0 bytes, Stack size 0 bytes, startup_py32f002bxx.o(.text))
<BR>[Address Reference Count : 1]<UL><LI> startup_py32f002bxx.o(RESET)
</UL>
<P><STRONG><a name="[6]"></a>FLASH_IRQHandler</STRONG> (Thumb, 0 bytes, Stack size 0 bytes, startup_py32f002bxx.o(.text))
<BR>[Address Reference Count : 1]<UL><LI> startup_py32f002bxx.o(RESET)
</UL>
<P><STRONG><a name="[10]"></a>I2C1_IRQHandler</STRONG> (Thumb, 0 bytes, Stack size 0 bytes, startup_py32f002bxx.o(.text))
<BR>[Address Reference Count : 1]<UL><LI> startup_py32f002bxx.o(RESET)
</UL>
<P><STRONG><a name="[e]"></a>LPTIM1_IRQHandler</STRONG> (Thumb, 0 bytes, Stack size 0 bytes, startup_py32f002bxx.o(.text))
<BR>[Address Reference Count : 1]<UL><LI> startup_py32f002bxx.o(RESET)
</UL>
<P><STRONG><a name="[7]"></a>RCC_IRQHandler</STRONG> (Thumb, 0 bytes, Stack size 0 bytes, startup_py32f002bxx.o(.text))
<BR>[Address Reference Count : 1]<UL><LI> startup_py32f002bxx.o(RESET)
</UL>
<P><STRONG><a name="[11]"></a>SPI1_IRQHandler</STRONG> (Thumb, 0 bytes, Stack size 0 bytes, startup_py32f002bxx.o(.text))
<BR>[Address Reference Count : 1]<UL><LI> startup_py32f002bxx.o(RESET)
</UL>
<P><STRONG><a name="[f]"></a>TIM14_IRQHandler</STRONG> (Thumb, 0 bytes, Stack size 0 bytes, startup_py32f002bxx.o(.text))
<BR>[Address Reference Count : 1]<UL><LI> startup_py32f002bxx.o(RESET)
</UL>
<P><STRONG><a name="[c]"></a>TIM1_BRK_UP_TRG_COM_IRQHandler</STRONG> (Thumb, 0 bytes, Stack size 0 bytes, startup_py32f002bxx.o(.text))
<BR>[Address Reference Count : 1]<UL><LI> startup_py32f002bxx.o(RESET)
</UL>
<P><STRONG><a name="[d]"></a>TIM1_CC_IRQHandler</STRONG> (Thumb, 0 bytes, Stack size 0 bytes, startup_py32f002bxx.o(.text))
<BR>[Address Reference Count : 1]<UL><LI> startup_py32f002bxx.o(RESET)
</UL>
<P><STRONG><a name="[12]"></a>USART1_IRQHandler</STRONG> (Thumb, 0 bytes, Stack size 0 bytes, startup_py32f002bxx.o(.text))
<BR>[Address Reference Count : 1]<UL><LI> startup_py32f002bxx.o(RESET)
</UL>
<P><STRONG><a name="[1a]"></a>__aeabi_uidiv</STRONG> (Thumb, 0 bytes, Stack size 16 bytes, uidiv_div0.o(.text))
<BR><BR>[Stack]<UL><LI>Max Depth = 16<LI>Call Chain = __aeabi_uidiv
</UL>
<BR>[Called By]<UL><LI><a href="#[19]">&gt;&gt;</a>&nbsp;&nbsp;&nbsp;LL_Init1msTick
</UL>

<P><STRONG><a name="[22]"></a>__aeabi_uidivmod</STRONG> (Thumb, 62 bytes, Stack size 16 bytes, uidiv_div0.o(.text), UNUSED)

<P><STRONG><a name="[17]"></a>__scatterload</STRONG> (Thumb, 28 bytes, Stack size 0 bytes, init.o(.text))
<BR><BR>[Calls]<UL><LI><a href="#[18]">&gt;&gt;</a>&nbsp;&nbsp;&nbsp;__main_after_scatterload
</UL>
<BR>[Called By]<UL><LI><a href="#[16]">&gt;&gt;</a>&nbsp;&nbsp;&nbsp;_main_scatterload
</UL>

<P><STRONG><a name="[23]"></a>__scatterload_rt2</STRONG> (Thumb, 0 bytes, Stack size 0 bytes, init.o(.text), UNUSED)

<P><STRONG><a name="[2]"></a>HardFault_Handler</STRONG> (Thumb, 2 bytes, Stack size 0 bytes, py32f002b_it.o(.text.HardFault_Handler))
<BR><BR>[Calls]<UL><LI><a href="#[2]">&gt;&gt;</a>&nbsp;&nbsp;&nbsp;HardFault_Handler
</UL>
<BR>[Called By]<UL><LI><a href="#[2]">&gt;&gt;</a>&nbsp;&nbsp;&nbsp;HardFault_Handler
</UL>
<BR>[Address Reference Count : 1]<UL><LI> startup_py32f002bxx.o(RESET)
</UL>
<P><STRONG><a name="[19]"></a>LL_Init1msTick</STRONG> (Thumb, 28 bytes, Stack size 8 bytes, py32f002b_ll_utils.o(.text.LL_Init1msTick))
<BR><BR>[Stack]<UL><LI>Max Depth = 24<LI>Call Chain = LL_Init1msTick &rArr; __aeabi_uidiv
</UL>
<BR>[Calls]<UL><LI><a href="#[1a]">&gt;&gt;</a>&nbsp;&nbsp;&nbsp;__aeabi_uidiv
</UL>
<BR>[Called By]<UL><LI><a href="#[13]">&gt;&gt;</a>&nbsp;&nbsp;&nbsp;main
</UL>

<P><STRONG><a name="[1b]"></a>LL_SetSystemCoreClock</STRONG> (Thumb, 8 bytes, Stack size 0 bytes, py32f002b_ll_utils.o(.text.LL_SetSystemCoreClock))
<BR><BR>[Called By]<UL><LI><a href="#[13]">&gt;&gt;</a>&nbsp;&nbsp;&nbsp;main
</UL>

<P><STRONG><a name="[1]"></a>NMI_Handler</STRONG> (Thumb, 2 bytes, Stack size 0 bytes, py32f002b_it.o(.text.NMI_Handler))
<BR>[Address Reference Count : 1]<UL><LI> startup_py32f002bxx.o(RESET)
</UL>
<P><STRONG><a name="[4]"></a>PendSV_Handler</STRONG> (Thumb, 2 bytes, Stack size 0 bytes, py32f002b_it.o(.text.PendSV_Handler))
<BR>[Address Reference Count : 1]<UL><LI> startup_py32f002bxx.o(RESET)
</UL>
<P><STRONG><a name="[3]"></a>SVC_Handler</STRONG> (Thumb, 2 bytes, Stack size 0 bytes, py32f002b_it.o(.text.SVC_Handler))
<BR>[Address Reference Count : 1]<UL><LI> startup_py32f002bxx.o(RESET)
</UL>
<P><STRONG><a name="[5]"></a>SysTick_Handler</STRONG> (Thumb, 2 bytes, Stack size 0 bytes, py32f002b_it.o(.text.SysTick_Handler))
<BR>[Address Reference Count : 1]<UL><LI> startup_py32f002bxx.o(RESET)
</UL>
<P><STRONG><a name="[14]"></a>SystemInit</STRONG> (Thumb, 64 bytes, Stack size 4 bytes, system_py32f002b.o(.text.SystemInit))
<BR><BR>[Stack]<UL><LI>Max Depth = 4<LI>Call Chain = SystemInit
</UL>
<BR>[Address Reference Count : 1]<UL><LI> startup_py32f002bxx.o(.text)
</UL>
<P><STRONG><a name="[13]"></a>main</STRONG> (Thumb, 104 bytes, Stack size 8 bytes, main.o(.text.main))
<BR><BR>[Stack]<UL><LI>Max Depth = 32<LI>Call Chain = main &rArr; LL_Init1msTick &rArr; __aeabi_uidiv
</UL>
<BR>[Calls]<UL><LI><a href="#[1b]">&gt;&gt;</a>&nbsp;&nbsp;&nbsp;LL_SetSystemCoreClock
<LI><a href="#[19]">&gt;&gt;</a>&nbsp;&nbsp;&nbsp;LL_Init1msTick
</UL>
<BR>[Address Reference Count : 1]<UL><LI> entry9a.o(.ARM.Collect$$$$0000000B)
</UL>
<P><STRONG><a name="[24]"></a>__scatterload_copy</STRONG> (Thumb, 14 bytes, Stack size unknown bytes, handlers.o(i.__scatterload_copy), UNUSED)

<P><STRONG><a name="[25]"></a>__scatterload_null</STRONG> (Thumb, 2 bytes, Stack size unknown bytes, handlers.o(i.__scatterload_null), UNUSED)

<P><STRONG><a name="[26]"></a>__scatterload_zeroinit</STRONG> (Thumb, 14 bytes, Stack size unknown bytes, handlers.o(i.__scatterload_zeroinit), UNUSED)
<P>
<H3>
Local Symbols
</H3><P>
<H3>
Undefined Global Symbols
</H3><HR></body></html>
