<html>
<body>
<pre>
<h1>µVision Build Log</h1>
<h2>Tool Versions:</h2>
IDE-Version: ¶ÃVision V5.38.0.0
Copyright (C) 2022 ARM Ltd and ARM Germany GmbH. All rights reserved.
License Information: hu tutu, hengchuang, LIC=LSNXV-PH35T-JJ56S-L69KH-TV5YL-NT1CC
 
Tool Versions:
Toolchain:       MDK-ARM Plus  Version: 5.38.0.0
Toolchain Path:  E:\1.software\57.puya_keil\ARM\ARMCLANG\Bin
C Compiler:      ArmClang.exe V6.19
Assembler:       Armasm.exe V6.19
Linker/Locator:  ArmLink.exe V6.19
Library Manager: ArmAr.exe V6.19
Hex Converter:   FromElf.exe V6.19
CPU DLL:         SARMCM3.DLL V5.38.0.0
Dialog DLL:      DARMCM1.DLL V1.19.6.0
Target DLL:      CMSIS_AGDI.dll V1.33.15.0
Dialog DLL:      TARMCM1.DLL V1.14.6.0
 
<h2>Project:</h2>
D:\Users\148005\Desktop\∆’»Ω\3.infermation\5.SDK\PY32F002B_Firmware_V1.1.4\Templates\PY32F002Bxx_Templates_LL\MDK-ARM\Project.uvprojx
Project File Date:  03/13/2025

<h2>Output:</h2>
*** Using Compiler 'V6.19', folder: 'E:\1.software\57.puya_keil\ARM\ARMCLANG\Bin'
Rebuild target 'PY32F002Bx5_Project'
assembling startup_py32f002bxx.s...
compiling system_py32f002b.c...
compiling main.c...
compiling py32f002b_it.c...
compiling py32f002b_ll_utils.c...
linking...
Program Size: Code=436 RO-data=224 RW-data=4 ZI-data=1028  
FromELF: creating hex file...
".\Objects\Project.axf" - 0 Error(s), 0 Warning(s).

<h2>Software Packages used:</h2>

Package Vendor: Puya
                https://www.puyasemi.com/uploadfiles/Puya.PY32F0xx_DFP.1.2.2.pack
                Puya.PY32F0xx_DFP.1.2.2
                Puya PY32F0 Series Device Support

<h2>Collection of Component include folders:</h2>
  E:/1.software/57.puya_keil/packs/Puya/PY32F0xx_DFP/1.2.2/Drivers/CMSIS/Device/PY32F0xx/Include

<h2>Collection of Component Files used:</h2>
Build Time Elapsed:  00:00:01
</pre>
</body>
</html>
