Component: Arm Compiler for Embedded 6.19 Tool: armlink [5e73cb00]

==============================================================================

Section Cross References

    startup_py32f002bxx.o(RESET) refers to startup_py32f002bxx.o(STACK) for __initial_sp
    startup_py32f002bxx.o(RESET) refers to startup_py32f002bxx.o(.text) for Reset_Handler
    startup_py32f002bxx.o(RESET) refers to py32f002b_it.o(.text.NMI_Handler) for NMI_Handler
    startup_py32f002bxx.o(RESET) refers to py32f002b_it.o(.text.HardFault_Handler) for HardFault_Handler
    startup_py32f002bxx.o(RESET) refers to py32f002b_it.o(.text.SVC_Handler) for SVC_Handler
    startup_py32f002bxx.o(RESET) refers to py32f002b_it.o(.text.PendSV_Handler) for PendSV_Handler
    startup_py32f002bxx.o(RESET) refers to py32f002b_it.o(.text.SysTick_Handler) for SysTick_Handler
    startup_py32f002bxx.o(.text) refers to system_py32f002b.o(.text.SystemInit) for SystemInit
    startup_py32f002bxx.o(.text) refers to entry.o(.ARM.Collect$$$$00000000) for __main
    system_py32f002b.o(.text.SystemCoreClockUpdate) refers to system_py32f002b.o(.rodata.HSIFreqTable) for HSIFreqTable
    system_py32f002b.o(.text.SystemCoreClockUpdate) refers to system_py32f002b.o(.data.SystemCoreClock) for SystemCoreClock
    system_py32f002b.o(.text.SystemCoreClockUpdate) refers to system_py32f002b.o(.rodata.AHBPrescTable) for AHBPrescTable
    system_py32f002b.o(.ARM.exidx.text.SystemCoreClockUpdate) refers to system_py32f002b.o(.text.SystemCoreClockUpdate) for [Anonymous Symbol]
    system_py32f002b.o(.ARM.exidx.text.SystemInit) refers to system_py32f002b.o(.text.SystemInit) for [Anonymous Symbol]
    main.o(.text.qst_algo_inti) refers to imualgo_axis9.o(.text.set_cutoff_frequency) for set_cutoff_frequency
    main.o(.text.qst_algo_inti) refers to imualgo_axis9.o(.data.gyro_filter) for gyro_filter
    main.o(.text.qst_algo_inti) refers to imualgo_axis9.o(.data.accel_filter) for accel_filter
    main.o(.ARM.exidx.text.qst_algo_inti) refers to main.o(.text.qst_algo_inti) for [Anonymous Symbol]
    main.o(.text.imu_algo_task) refers to imualgo_axis9.o(.text.Filter_Apply) for Filter_Apply
    main.o(.text.imu_algo_task) refers to imualgo_axis9.o(.text.qst_fusion_update) for qst_fusion_update
    main.o(.text.imu_algo_task) refers to main.o(.bss.accl) for accl
    main.o(.text.imu_algo_task) refers to main.o(.bss.accel_buf) for accel_buf
    main.o(.text.imu_algo_task) refers to imualgo_axis9.o(.data.accel_filter) for accel_filter
    main.o(.text.imu_algo_task) refers to main.o(.bss.accel_correct) for accel_correct
    main.o(.text.imu_algo_task) refers to main.o(.bss.gyro) for gyro
    main.o(.text.imu_algo_task) refers to main.o(.bss.gyro_buf) for gyro_buf
    main.o(.text.imu_algo_task) refers to imualgo_axis9.o(.data.gyro_filter) for gyro_filter
    main.o(.text.imu_algo_task) refers to main.o(.bss.gyro_correct) for gyro_correct
    main.o(.text.imu_algo_task) refers to main.o(.bss.line_acc) for line_acc
    main.o(.text.imu_algo_task) refers to main.o(.bss.quater) for quater
    main.o(.text.imu_algo_task) refers to main.o(.data.dt) for dt
    main.o(.text.imu_algo_task) refers to main.o(.bss.euler_angle) for euler_angle
    main.o(.ARM.exidx.text.imu_algo_task) refers to main.o(.text.imu_algo_task) for [Anonymous Symbol]
    main.o(.text.main) refers to py32f002b_hal.o(.text.HAL_Init) for HAL_Init
    main.o(.text.main) refers to memseta.o(.text) for __aeabi_memclr4
    main.o(.text.main) refers to py32f002b_hal_rcc.o(.text.HAL_RCC_OscConfig) for HAL_RCC_OscConfig
    main.o(.text.main) refers to py32f002b_hal_rcc.o(.text.HAL_RCC_ClockConfig) for HAL_RCC_ClockConfig
    main.o(.text.main) refers to imualgo_axis9.o(.text.set_cutoff_frequency) for set_cutoff_frequency
    main.o(.text.main) refers to main.o(.text.imu_algo_task) for imu_algo_task
    main.o(.text.main) refers to imualgo_axis9.o(.data.gyro_filter) for gyro_filter
    main.o(.text.main) refers to imualgo_axis9.o(.data.accel_filter) for accel_filter
    main.o(.ARM.exidx.text.main) refers to main.o(.text.main) for [Anonymous Symbol]
    main.o(.ARM.exidx.text.APP_ErrorHandler) refers to main.o(.text.APP_ErrorHandler) for [Anonymous Symbol]
    py32f002b_hal_msp.o(.ARM.exidx.text.HAL_MspInit) refers to py32f002b_hal_msp.o(.text.HAL_MspInit) for [Anonymous Symbol]
    py32f002b_it.o(.ARM.exidx.text.NMI_Handler) refers to py32f002b_it.o(.text.NMI_Handler) for [Anonymous Symbol]
    py32f002b_it.o(.ARM.exidx.text.HardFault_Handler) refers to py32f002b_it.o(.text.HardFault_Handler) for [Anonymous Symbol]
    py32f002b_it.o(.ARM.exidx.text.SVC_Handler) refers to py32f002b_it.o(.text.SVC_Handler) for [Anonymous Symbol]
    py32f002b_it.o(.ARM.exidx.text.PendSV_Handler) refers to py32f002b_it.o(.text.PendSV_Handler) for [Anonymous Symbol]
    py32f002b_it.o(.text.SysTick_Handler) refers to py32f002b_hal.o(.text.HAL_IncTick) for HAL_IncTick
[...]
    py32f002b_hal_rcc.o(.text.HAL_RCC_MCOConfig) refers to py32f002b_hal_gpio.o(.text.HAL_GPIO_Init) for HAL_GPIO_Init
    py32f002b_hal_rcc.o(.ARM.exidx.text.HAL_RCC_MCOConfig) refers to py32f002b_hal_rcc.o(.text.HAL_RCC_MCOConfig) for [Anonymous Symbol]
    py32f002b_hal_rcc.o(.text.HAL_RCC_GetHCLKFreq) refers to system_py32f002b.o(.data.SystemCoreClock) for SystemCoreClock
    py32f002b_hal_rcc.o(.ARM.exidx.text.HAL_RCC_GetHCLKFreq) refers to py32f002b_hal_rcc.o(.text.HAL_RCC_GetHCLKFreq) for [Anonymous Symbol]
    py32f002b_hal_rcc.o(.text.HAL_RCC_GetPCLK1Freq) refers to system_py32f002b.o(.data.SystemCoreClock) for SystemCoreClock
    py32f002b_hal_rcc.o(.text.HAL_RCC_GetPCLK1Freq) refers to system_py32f002b.o(.rodata.APBPrescTable) for APBPrescTable
    py32f002b_hal_rcc.o(.ARM.exidx.text.HAL_RCC_GetPCLK1Freq) refers to py32f002b_hal_rcc.o(.text.HAL_RCC_GetPCLK1Freq) for [Anonymous Symbol]
    py32f002b_hal_rcc.o(.ARM.exidx.text.HAL_RCC_GetOscConfig) refers to py32f002b_hal_rcc.o(.text.HAL_RCC_GetOscConfig) for [Anonymous Symbol]
    py32f002b_hal_rcc.o(.ARM.exidx.text.HAL_RCC_GetClockConfig) refers to py32f002b_hal_rcc.o(.text.HAL_RCC_GetClockConfig) for [Anonymous Symbol]
    py32f002b_hal_rcc.o(.ARM.exidx.text.HAL_RCC_EnableLSECSS) refers to py32f002b_hal_rcc.o(.text.HAL_RCC_EnableLSECSS) for [Anonymous Symbol]
    py32f002b_hal_rcc.o(.ARM.exidx.text.HAL_RCC_DisableLSECSS) refers to py32f002b_hal_rcc.o(.text.HAL_RCC_DisableLSECSS) for [Anonymous Symbol]
    py32f002b_hal_rcc.o(.text.HAL_RCC_NMI_IRQHandler) refers to py32f002b_hal_rcc.o(.text.HAL_RCC_LSECSSCallback) for HAL_RCC_LSECSSCallback
    py32f002b_hal_rcc.o(.ARM.exidx.text.HAL_RCC_NMI_IRQHandler) refers to py32f002b_hal_rcc.o(.text.HAL_RCC_NMI_IRQHandler) for [Anonymous Symbol]
    py32f002b_hal_rcc.o(.ARM.exidx.text.HAL_RCC_LSECSSCallback) refers to py32f002b_hal_rcc.o(.text.HAL_RCC_LSECSSCallback) for [Anonymous Symbol]
    py32f002b_hal_rcc.o(.ARM.exidx.text.HAL_RCC_CSSCallback) refers to py32f002b_hal_rcc.o(.text.HAL_RCC_CSSCallback) for [Anonymous Symbol]
    py32f002b_hal_rcc_ex.o(.ARM.exidx.text.HAL_RCCEx_PeriphCLKConfig) refers to py32f002b_hal_rcc_ex.o(.text.HAL_RCCEx_PeriphCLKConfig) for [Anonymous Symbol]
    py32f002b_hal_rcc_ex.o(.ARM.exidx.text.HAL_RCCEx_GetPeriphCLKConfig) refers to py32f002b_hal_rcc_ex.o(.text.HAL_RCCEx_GetPeriphCLKConfig) for [Anonymous Symbol]
    py32f002b_hal_rcc_ex.o(.text.HAL_RCCEx_GetPeriphCLKFreq) refers to py32f002b_hal_rcc.o(.text.HAL_RCC_GetPCLK1Freq) for HAL_RCC_GetPCLK1Freq
    py32f002b_hal_rcc_ex.o(.ARM.exidx.text.HAL_RCCEx_GetPeriphCLKFreq) refers to py32f002b_hal_rcc_ex.o(.text.HAL_RCCEx_GetPeriphCLKFreq) for [Anonymous Symbol]
    py32f002b_hal_rcc_ex.o(.ARM.exidx.text.HAL_RCCEx_EnableLSCO) refers to py32f002b_hal_rcc_ex.o(.text.HAL_RCCEx_EnableLSCO) for [Anonymous Symbol]
    py32f002b_hal_rcc_ex.o(.ARM.exidx.text.HAL_RCCEx_DisableLSCO) refers to py32f002b_hal_rcc_ex.o(.text.HAL_RCCEx_DisableLSCO) for [Anonymous Symbol]
    py32f002b_hal_gpio.o(.ARM.exidx.text.HAL_GPIO_Init) refers to py32f002b_hal_gpio.o(.text.HAL_GPIO_Init) for [Anonymous Symbol]
    py32f002b_hal_gpio.o(.ARM.exidx.text.HAL_GPIO_DeInit) refers to py32f002b_hal_gpio.o(.text.HAL_GPIO_DeInit) for [Anonymous Symbol]
    py32f002b_hal_gpio.o(.ARM.exidx.text.HAL_GPIO_ReadPin) refers to py32f002b_hal_gpio.o(.text.HAL_GPIO_ReadPin) for [Anonymous Symbol]
    py32f002b_hal_gpio.o(.ARM.exidx.text.HAL_GPIO_WritePin) refers to py32f002b_hal_gpio.o(.text.HAL_GPIO_WritePin) for [Anonymous Symbol]
    py32f002b_hal_gpio.o(.ARM.exidx.text.HAL_GPIO_TogglePin) refers to py32f002b_hal_gpio.o(.text.HAL_GPIO_TogglePin) for [Anonymous Symbol]
    py32f002b_hal_gpio.o(.ARM.exidx.text.HAL_GPIO_LockPin) refers to py32f002b_hal_gpio.o(.text.HAL_GPIO_LockPin) for [Anonymous Symbol]
    py32f002b_hal_gpio.o(.ARM.exidx.text.HAL_GPIO_EXTI_Callback) refers to py32f002b_hal_gpio.o(.text.HAL_GPIO_EXTI_Callback) for [Anonymous Symbol]
    py32f002b_hal_gpio.o(.text.HAL_GPIO_EXTI_IRQHandler) refers to py32f002b_hal_gpio.o(.text.HAL_GPIO_EXTI_Callback) for HAL_GPIO_EXTI_Callback
    py32f002b_hal_gpio.o(.ARM.exidx.text.HAL_GPIO_EXTI_IRQHandler) refers to py32f002b_hal_gpio.o(.text.HAL_GPIO_EXTI_IRQHandler) for [Anonymous Symbol]
    py32f002b_hal_pwr.o(.ARM.exidx.text.HAL_PWR_DeInit) refers to py32f002b_hal_pwr.o(.text.HAL_PWR_DeInit) for [Anonymous Symbol]
    py32f002b_hal_pwr.o(.ARM.exidx.text.HAL_PWR_ConfigStopMode) refers to py32f002b_hal_pwr.o(.text.HAL_PWR_ConfigStopMode) for [Anonymous Symbol]
    py32f002b_hal_pwr.o(.ARM.exidx.text.HAL_PWR_ConfigBIAS) refers to py32f002b_hal_pwr.o(.text.HAL_PWR_ConfigBIAS) for [Anonymous Symbol]
    py32f002b_hal_pwr.o(.ARM.exidx.text.HAL_PWR_EnterSLEEPMode) refers to py32f002b_hal_pwr.o(.text.HAL_PWR_EnterSLEEPMode) for [Anonymous Symbol]
    py32f002b_hal_pwr.o(.ARM.exidx.text.HAL_PWR_EnterSTOPMode) refers to py32f002b_hal_pwr.o(.text.HAL_PWR_EnterSTOPMode) for [Anonymous Symbol]
    py32f002b_hal_pwr.o(.ARM.exidx.text.HAL_PWR_EnableSleepOnExit) refers to py32f002b_hal_pwr.o(.text.HAL_PWR_EnableSleepOnExit) for [Anonymous Symbol]
    py32f002b_hal_pwr.o(.ARM.exidx.text.HAL_PWR_DisableSleepOnExit) refers to py32f002b_hal_pwr.o(.text.HAL_PWR_DisableSleepOnExit) for [Anonymous Symbol]
    py32f002b_hal_pwr.o(.ARM.exidx.text.HAL_PWR_EnableSEVOnPend) refers to py32f002b_hal_pwr.o(.text.HAL_PWR_EnableSEVOnPend) for [Anonymous Symbol]
    py32f002b_hal_pwr.o(.ARM.exidx.text.HAL_PWR_DisableSEVOnPend) refers to py32f002b_hal_pwr.o(.text.HAL_PWR_DisableSEVOnPend) for [Anonymous Symbol]
    py32f002b_hal_cortex.o(.ARM.exidx.text.HAL_NVIC_SetPriority) refers to py32f002b_hal_cortex.o(.text.HAL_NVIC_SetPriority) for [Anonymous Symbol]
    py32f002b_hal_cortex.o(.ARM.exidx.text.HAL_NVIC_EnableIRQ) refers to py32f002b_hal_cortex.o(.text.HAL_NVIC_EnableIRQ) for [Anonymous Symbol]
    py32f002b_hal_cortex.o(.ARM.exidx.text.HAL_NVIC_DisableIRQ) refers to py32f002b_hal_cortex.o(.text.HAL_NVIC_DisableIRQ) for [Anonymous Symbol]
    py32f002b_hal_cortex.o(.ARM.exidx.text.HAL_NVIC_SystemReset) refers to py32f002b_hal_cortex.o(.text.HAL_NVIC_SystemReset) for [Anonymous Symbol]
    py32f002b_hal_cortex.o(.ARM.exidx.text.HAL_SYSTICK_Config) refers to py32f002b_hal_cortex.o(.text.HAL_SYSTICK_Config) for [Anonymous Symbol]
    py32f002b_hal_cortex.o(.ARM.exidx.text.HAL_NVIC_GetPriority) refers to py32f002b_hal_cortex.o(.text.HAL_NVIC_GetPriority) for [Anonymous Symbol]
    py32f002b_hal_cortex.o(.ARM.exidx.text.HAL_NVIC_SetPendingIRQ) refers to py32f002b_hal_cortex.o(.text.HAL_NVIC_SetPendingIRQ) for [Anonymous Symbol]
    py32f002b_hal_cortex.o(.ARM.exidx.text.HAL_NVIC_GetPendingIRQ) refers to py32f002b_hal_cortex.o(.text.HAL_NVIC_GetPendingIRQ) for [Anonymous Symbol]
    py32f002b_hal_cortex.o(.ARM.exidx.text.HAL_NVIC_ClearPendingIRQ) refers to py32f002b_hal_cortex.o(.text.HAL_NVIC_ClearPendingIRQ) for [Anonymous Symbol]
    py32f002b_hal_cortex.o(.ARM.exidx.text.HAL_SYSTICK_CLKSourceConfig) refers to py32f002b_hal_cortex.o(.text.HAL_SYSTICK_CLKSourceConfig) for [Anonymous Symbol]
    py32f002b_hal_cortex.o(.text.HAL_SYSTICK_IRQHandler) refers to py32f002b_hal_cortex.o(.text.HAL_SYSTICK_Callback) for HAL_SYSTICK_Callback
    py32f002b_hal_cortex.o(.ARM.exidx.text.HAL_SYSTICK_IRQHandler) refers to py32f002b_hal_cortex.o(.text.HAL_SYSTICK_IRQHandler) for [Anonymous Symbol]
    py32f002b_hal_cortex.o(.ARM.exidx.text.HAL_SYSTICK_Callback) refers to py32f002b_hal_cortex.o(.text.HAL_SYSTICK_Callback) for [Anonymous Symbol]
    imualgo_axis9.o(.text.init_state_recognition) refers to imualgo_axis9.o(.bss..L_MergedGlobals.1) for [Anonymous Symbol]
    imualgo_axis9.o(.ARM.exidx.text.init_state_recognition) refers to imualgo_axis9.o(.text.init_state_recognition) for [Anonymous Symbol]
    imualgo_axis9.o(.text.set_cutoff_frequency) refers to fdiv.o(.text) for __aeabi_fdiv
    imualgo_axis9.o(.text.set_cutoff_frequency) refers to tanf.o(i.tanf) for tanf
    imualgo_axis9.o(.text.set_cutoff_frequency) refers to fmul.o(.text) for __aeabi_fmul
    imualgo_axis9.o(.text.set_cutoff_frequency) refers to fadd.o(.text) for __aeabi_fadd
    imualgo_axis9.o(.ARM.exidx.text.set_cutoff_frequency) refers to imualgo_axis9.o(.text.set_cutoff_frequency) for [Anonymous Symbol]
    imualgo_axis9.o(.text.Filter_Apply) refers to fmul.o(.text) for __aeabi_fmul
    imualgo_axis9.o(.text.Filter_Apply) refers to fadd.o(.text) for __aeabi_fsub
    imualgo_axis9.o(.ARM.exidx.text.Filter_Apply) refers to imualgo_axis9.o(.text.Filter_Apply) for [Anonymous Symbol]
    imualgo_axis9.o(.text.constrain_float) refers to fcmplt.o(.text) for __aeabi_fcmplt
    imualgo_axis9.o(.text.constrain_float) refers to fcmpgt.o(.text) for __aeabi_fcmpgt
    imualgo_axis9.o(.ARM.exidx.text.constrain_float) refers to imualgo_axis9.o(.text.constrain_float) for [Anonymous Symbol]
    imualgo_axis9.o(.text.wrap_PI) refers to fcmpgt.o(.text) for __aeabi_fcmpgt
    imualgo_axis9.o(.text.wrap_PI) refers to fadd.o(.text) for __aeabi_fadd
    imualgo_axis9.o(.text.wrap_PI) refers to fcmpge.o(.text) for __aeabi_fcmpge
    imualgo_axis9.o(.ARM.exidx.text.wrap_PI) refers to imualgo_axis9.o(.text.wrap_PI) for [Anonymous Symbol]
    imualgo_axis9.o(.text.qst_fusion_nomag_rotation_matrix) refers to fmul.o(.text) for __aeabi_fmul
    imualgo_axis9.o(.text.qst_fusion_nomag_rotation_matrix) refers to fadd.o(.text) for __aeabi_fadd
    imualgo_axis9.o(.text.qst_fusion_nomag_rotation_matrix) refers to imualgo_axis9.o(.bss..L_MergedGlobals.1) for [Anonymous Symbol]
    imualgo_axis9.o(.text.qst_fusion_nomag_rotation_matrix) refers to imualgo_axis9.o(.data..L_MergedGlobals) for [Anonymous Symbol]
    imualgo_axis9.o(.ARM.exidx.text.qst_fusion_nomag_rotation_matrix) refers to imualgo_axis9.o(.text.qst_fusion_nomag_rotation_matrix) for [Anonymous Symbol]
    imualgo_axis9.o(.text.qst_fusion_init) refers to fmul.o(.text) for __aeabi_fmul
    imualgo_axis9.o(.text.qst_fusion_init) refers to fadd.o(.text) for __aeabi_fadd
    imualgo_axis9.o(.text.qst_fusion_init) refers to sqrtf.o(i.sqrtf) for sqrtf
    imualgo_axis9.o(.text.qst_fusion_init) refers to fcmple.o(.text) for __aeabi_fcmple
    imualgo_axis9.o(.text.qst_fusion_init) refers to fcmpge.o(.text) for __aeabi_fcmpge
    imualgo_axis9.o(.text.qst_fusion_init) refers to fdiv.o(.text) for __aeabi_fdiv
    imualgo_axis9.o(.text.qst_fusion_init) refers to fcmpgt.o(.text) for __aeabi_fcmpgt
    imualgo_axis9.o(.text.qst_fusion_init) refers to fcmplt.o(.text) for __aeabi_fcmplt
    imualgo_axis9.o(.text.qst_fusion_init) refers to atan2f.o(i.atan2f) for atan2f
    imualgo_axis9.o(.text.qst_fusion_init) refers to imualgo_axis9.o(.data..L_MergedGlobals) for [Anonymous Symbol]
    imualgo_axis9.o(.text.qst_fusion_init) refers to imualgo_axis9.o(.bss..L_MergedGlobals.1) for [Anonymous Symbol]
    imualgo_axis9.o(.ARM.exidx.text.qst_fusion_init) refers to imualgo_axis9.o(.text.qst_fusion_init) for [Anonymous Symbol]
    imualgo_axis9.o(.text.qst_fusion_update) refers to fmul.o(.text) for __aeabi_fmul
    imualgo_axis9.o(.text.qst_fusion_update) refers to fadd.o(.text) for __aeabi_fadd
    imualgo_axis9.o(.text.qst_fusion_update) refers to sqrtf.o(i.sqrtf) for sqrtf
    imualgo_axis9.o(.text.qst_fusion_update) refers to atan2f.o(i.atan2f) for atan2f
    imualgo_axis9.o(.text.qst_fusion_update) refers to fdiv.o(.text) for __aeabi_fdiv
    imualgo_axis9.o(.text.qst_fusion_update) refers to asinf.o(i.asinf) for asinf
    imualgo_axis9.o(.text.qst_fusion_update) refers to f2d.o(.text) for __aeabi_f2d
    imualgo_axis9.o(.text.qst_fusion_update) refers to dcmpgt.o(.text) for __aeabi_dcmpgt
    imualgo_axis9.o(.text.qst_fusion_update) refers to fcmplt.o(.text) for __aeabi_fcmplt
    imualgo_axis9.o(.text.qst_fusion_update) refers to dcmple.o(.text) for __aeabi_dcmple
    imualgo_axis9.o(.text.qst_fusion_update) refers to fcmple.o(.text) for __aeabi_fcmple
    imualgo_axis9.o(.text.qst_fusion_update) refers to imualgo_axis9.o(.text.qst_fusion_init) for qst_fusion_init
    imualgo_axis9.o(.text.qst_fusion_update) refers to imualgo_axis9.o(.bss..L_MergedGlobals.1) for [Anonymous Symbol]
    imualgo_axis9.o(.text.qst_fusion_update) refers to imualgo_axis9.o(.data..L_MergedGlobals) for [Anonymous Symbol]
    imualgo_axis9.o(.text.qst_fusion_update) refers to fcmpgt.o(.text) for __aeabi_fcmpgt
    imualgo_axis9.o(.text.qst_fusion_update) refers to imualgo_axis9.o(.text.qst_fusion_nomag_rotation_matrix) for qst_fusion_nomag_rotation_matrix
    imualgo_axis9.o(.text.qst_fusion_update) refers to imualgo_axis9.o(.text.wrap_PI) for wrap_PI
    imualgo_axis9.o(.text.qst_fusion_update) refers to cosf.o(i.cosf) for cosf
    imualgo_axis9.o(.text.qst_fusion_update) refers to sinf.o(i.sinf) for sinf
    imualgo_axis9.o(.text.qst_fusion_update) refers to fcmpge.o(.text) for __aeabi_fcmpge
    imualgo_axis9.o(.text.qst_fusion_update) refers to imualgo_axis9.o(.bss.gyro_buffer_speed) for gyro_buffer_speed
    imualgo_axis9.o(.ARM.exidx.text.qst_fusion_update) refers to imualgo_axis9.o(.text.qst_fusion_update) for [Anonymous Symbol]
    imualgo_axis9.o(.text.get_angle) refers to fmul.o(.text) for __aeabi_fmul
    imualgo_axis9.o(.text.get_angle) refers to fadd.o(.text) for __aeabi_fadd
    imualgo_axis9.o(.text.get_angle) refers to fcmplt.o(.text) for __aeabi_fcmplt
    imualgo_axis9.o(.text.get_angle) refers to fcmpge.o(.text) for __aeabi_fcmpge
    imualgo_axis9.o(.text.get_angle) refers to imualgo_axis9.o(.bss..L_MergedGlobals.1) for [Anonymous Symbol]
    imualgo_axis9.o(.ARM.exidx.text.get_angle) refers to imualgo_axis9.o(.text.get_angle) for [Anonymous Symbol]
    asinf.o(i.__softfp_asinf) refers (Special) to iusefp.o(.text) for __I$use$fp
    asinf.o(i.__softfp_asinf) refers to asinf.o(i.asinf) for asinf
    asinf.o(i.asinf) refers (Special) to iusefp.o(.text) for __I$use$fp
    asinf.o(i.asinf) refers to fadd.o(.text) for __aeabi_frsub
    asinf.o(i.asinf) refers to fscalb.o(.text) for __ARM_scalbnf
    asinf.o(i.asinf) refers to sqrtf.o(i.sqrtf) for sqrtf
    asinf.o(i.asinf) refers to fmul.o(.text) for __aeabi_fmul
    asinf.o(i.asinf) refers to fpclassifyf.o(i.__ARM_fpclassifyf) for __ARM_fpclassifyf
    asinf.o(i.asinf) refers to funder.o(i.__mathlib_flt_underflow) for __mathlib_flt_underflow
    asinf.o(i.asinf) refers to funder.o(i.__mathlib_flt_infnan) for __mathlib_flt_infnan
    asinf.o(i.asinf) refers to errno.o(i.__set_errno) for __set_errno
    asinf.o(i.asinf) refers to funder.o(i.__mathlib_flt_invalid) for __mathlib_flt_invalid
    atan2f.o(i.__softfp_atan2f) refers (Special) to iusefp.o(.text) for __I$use$fp
    atan2f.o(i.__softfp_atan2f) refers to atan2f.o(i.atan2f) for atan2f
    atan2f.o(i.atan2f) refers (Special) to iusefp.o(.text) for __I$use$fp
    atan2f.o(i.atan2f) refers to fdiv.o(.text) for __aeabi_fdiv
    atan2f.o(i.atan2f) refers to fpclassifyf.o(i.__ARM_fpclassifyf) for __ARM_fpclassifyf
    atan2f.o(i.atan2f) refers to funder.o(i.__mathlib_flt_underflow) for __mathlib_flt_underflow
    atan2f.o(i.atan2f) refers to errno.o(i.__set_errno) for __set_errno
    atan2f.o(i.atan2f) refers to fadd.o(.text) for __aeabi_fsub
    atan2f.o(i.atan2f) refers to fmul.o(.text) for __aeabi_fmul
    atan2f.o(i.atan2f) refers to funder.o(i.__mathlib_flt_infnan2) for __mathlib_flt_infnan2
    cosf.o(i.__softfp_cosf) refers (Special) to iusefp.o(.text) for __I$use$fp
    cosf.o(i.__softfp_cosf) refers to cosf.o(i.cosf) for cosf
    cosf.o(i.cosf) refers (Special) to iusefp.o(.text) for __I$use$fp
    cosf.o(i.cosf) refers to fmul.o(.text) for __aeabi_fmul
    cosf.o(i.cosf) refers to frnd.o(.text) for _frnd
    cosf.o(i.cosf) refers to ffixi.o(.text) for __aeabi_f2iz
    cosf.o(i.cosf) refers to fadd.o(.text) for __aeabi_frsub
    cosf.o(i.cosf) refers to rredf.o(i.__mathlib_rredf2) for __mathlib_rredf2
    cosf.o(i.cosf) refers to errno.o(i.__set_errno) for __set_errno
    cosf.o(i.cosf) refers to funder.o(i.__mathlib_flt_invalid) for __mathlib_flt_invalid
    cosf.o(i.cosf) refers to funder.o(i.__mathlib_flt_infnan) for __mathlib_flt_infnan
    sinf.o(i.__softfp_sinf) refers (Special) to iusefp.o(.text) for __I$use$fp
    sinf.o(i.__softfp_sinf) refers to sinf.o(i.sinf) for sinf
    sinf.o(i.sinf) refers (Special) to iusefp.o(.text) for __I$use$fp
    sinf.o(i.sinf) refers to fmul.o(.text) for __aeabi_fmul
    sinf.o(i.sinf) refers to frnd.o(.text) for _frnd
    sinf.o(i.sinf) refers to ffixi.o(.text) for __aeabi_f2iz
    sinf.o(i.sinf) refers to fadd.o(.text) for __aeabi_frsub
    sinf.o(i.sinf) refers to rredf.o(i.__mathlib_rredf2) for __mathlib_rredf2
    sinf.o(i.sinf) refers to fpclassifyf.o(i.__ARM_fpclassifyf) for __ARM_fpclassifyf
    sinf.o(i.sinf) refers to funder.o(i.__mathlib_flt_underflow) for __mathlib_flt_underflow
    sinf.o(i.sinf) refers to errno.o(i.__set_errno) for __set_errno
    sinf.o(i.sinf) refers to funder.o(i.__mathlib_flt_invalid) for __mathlib_flt_invalid
    sinf.o(i.sinf) refers to funder.o(i.__mathlib_flt_infnan) for __mathlib_flt_infnan
    sqrtf.o(i.__softfp_sqrtf) refers (Special) to iusefp.o(.text) for __I$use$fp
    sqrtf.o(i.__softfp_sqrtf) refers to fsqrt.o(.text) for _fsqrt
    sqrtf.o(i.__softfp_sqrtf) refers to errno.o(i.__set_errno) for __set_errno
    sqrtf.o(i.sqrtf) refers (Special) to iusefp.o(.text) for __I$use$fp
    sqrtf.o(i.sqrtf) refers to fsqrt.o(.text) for _fsqrt
    sqrtf.o(i.sqrtf) refers to errno.o(i.__set_errno) for __set_errno
    tanf.o(i.__softfp_tanf) refers (Special) to iusefp.o(.text) for __I$use$fp
    tanf.o(i.__softfp_tanf) refers to tanf.o(i.tanf) for tanf
    tanf.o(i.tanf) refers (Special) to iusefp.o(.text) for __I$use$fp
    tanf.o(i.tanf) refers to fmul.o(.text) for __aeabi_fmul
    tanf.o(i.tanf) refers to frnd.o(.text) for _frnd
    tanf.o(i.tanf) refers to ffixi.o(.text) for __aeabi_f2iz
    tanf.o(i.tanf) refers to fadd.o(.text) for __aeabi_frsub
    tanf.o(i.tanf) refers to fdiv.o(.text) for __aeabi_fdiv
    tanf.o(i.tanf) refers to rredf.o(i.__mathlib_rredf2) for __mathlib_rredf2
    tanf.o(i.tanf) refers to fpclassifyf.o(i.__ARM_fpclassifyf) for __ARM_fpclassifyf
    tanf.o(i.tanf) refers to funder.o(i.__mathlib_flt_underflow) for __mathlib_flt_underflow
    tanf.o(i.tanf) refers to errno.o(i.__set_errno) for __set_errno
    tanf.o(i.tanf) refers to funder.o(i.__mathlib_flt_invalid) for __mathlib_flt_invalid
    tanf.o(i.tanf) refers to funder.o(i.__mathlib_flt_infnan) for __mathlib_flt_infnan
    entry.o(.ARM.Collect$$$$00000000) refers (Special) to entry10a.o(.ARM.Collect$$$$0000000D) for __rt_final_cpp
    entry.o(.ARM.Collect$$$$00000000) refers (Special) to entry11a.o(.ARM.Collect$$$$0000000F) for __rt_final_exit
    entry.o(.ARM.Collect$$$$00000000) refers (Special) to entry7b.o(.ARM.Collect$$$$00000008) for _main_clock
    entry.o(.ARM.Collect$$$$00000000) refers (Special) to entry8b.o(.ARM.Collect$$$$0000000A) for _main_cpp_init
    entry.o(.ARM.Collect$$$$00000000) refers (Special) to entry9a.o(.ARM.Collect$$$$0000000B) for _main_init
    entry.o(.ARM.Collect$$$$00000000) refers (Special) to entry5.o(.ARM.Collect$$$$00000004) for _main_scatterload
    entry.o(.ARM.Collect$$$$00000000) refers (Special) to entry2.o(.ARM.Collect$$$$00000001) for _main_stk
    fadd.o(.text) refers (Special) to iusefp.o(.text) for __I$use$fp
    fadd.o(.text) refers to fepilogue.o(.text) for _float_epilogue
    fmul.o(.text) refers (Special) to iusefp.o(.text) for __I$use$fp
    fdiv.o(.text) refers (Special) to iusefp.o(.text) for __I$use$fp
    fdiv.o(.text) refers to fepilogue.o(.text) for _float_round
    fcmple.o(.text) refers (Special) to iusefp.o(.text) for __I$use$fp
    fcmplt.o(.text) refers (Special) to iusefp.o(.text) for __I$use$fp
    fcmpge.o(.text) refers (Special) to iusefp.o(.text) for __I$use$fp
    fcmpgt.o(.text) refers (Special) to iusefp.o(.text) for __I$use$fp
    dcmple.o(.text) refers (Special) to iusefp.o(.text) for __I$use$fp
    dcmpgt.o(.text) refers (Special) to iusefp.o(.text) for __I$use$fp
    f2d.o(.text) refers (Special) to iusefp.o(.text) for __I$use$fp
    fpclassifyf.o(i.__ARM_fpclassifyf) refers (Special) to iusefp.o(.text) for __I$use$fp
    funder.o(i.__mathlib_flt_divzero) refers to fdiv.o(.text) for __aeabi_fdiv
    funder.o(i.__mathlib_flt_infnan) refers to fscalb.o(.text) for __ARM_scalbnf
    funder.o(i.__mathlib_flt_infnan2) refers to fadd.o(.text) for __aeabi_fadd
    funder.o(i.__mathlib_flt_invalid) refers to fdiv.o(.text) for __aeabi_fdiv
    funder.o(i.__mathlib_flt_overflow) refers to fscalb.o(.text) for __ARM_scalbnf
    funder.o(i.__mathlib_flt_posinfnan) refers to fmul.o(.text) for __aeabi_fmul
    funder.o(i.__mathlib_flt_underflow) refers to fscalb.o(.text) for __ARM_scalbnf
    rredf.o(i.__mathlib_rredf2) refers (Special) to iusefp.o(.text) for __I$use$fp
    rredf.o(i.__mathlib_rredf2) refers to rredf.o(i.__ARM_common_ll_muluu) for __ARM_common_ll_muluu
    rredf.o(i.__mathlib_rredf2) refers to fflti.o(.text) for __aeabi_i2f
    rredf.o(i.__mathlib_rredf2) refers to ffltui.o(.text) for __aeabi_ui2f
    rredf.o(i.__mathlib_rredf2) refers to fscalb.o(.text) for __ARM_scalbnf
    rredf.o(i.__mathlib_rredf2) refers to fadd.o(.text) for __aeabi_fadd
    rredf.o(i.__mathlib_rredf2) refers to fmul.o(.text) for __aeabi_fmul
    rredf.o(i.__mathlib_rredf2) refers to rredf.o(.constdata) for .constdata
    rredf.o(.constdata) refers (Special) to iusefp.o(.text) for __I$use$fp
    entry2.o(.ARM.Collect$$$$00000001) refers to entry2.o(.ARM.Collect$$$$00002712) for __lit__00000000
    entry2.o(.ARM.Collect$$$$00002712) refers to startup_py32f002bxx.o(STACK) for __initial_sp
    entry2.o(__vectab_stack_and_reset_area) refers to startup_py32f002bxx.o(STACK) for __initial_sp
    entry2.o(__vectab_stack_and_reset_area) refers to entry.o(.ARM.Collect$$$$00000000) for __main
    entry5.o(.ARM.Collect$$$$00000004) refers to init.o(.text) for __scatterload
    entry9a.o(.ARM.Collect$$$$0000000B) refers to main.o(.text.main) for main
    entry9b.o(.ARM.Collect$$$$0000000C) refers to main.o(.text.main) for main
    idiv_div0.o(.text) refers to uidiv_div0.o(.text) for __aeabi_uidivmod
    errno.o(i.__aeabi_errno_addr) refers to errno.o(.data) for .data
    errno.o(i.__read_errno) refers to errno.o(.data) for .data
    errno.o(i.__set_errno) refers to errno.o(.data) for .data
    fepilogue.o(.text) refers (Special) to iusefp.o(.text) for __I$use$fp
    fscalb.o(.text) refers (Special) to iusefp.o(.text) for __I$use$fp
    fsqrt.o(.text) refers (Special) to iusefp.o(.text) for __I$use$fp
    fsqrt.o(.text) refers to fepilogue.o(.text) for _float_round
    frnd.o(.text) refers (Special) to iusefp.o(.text) for __I$use$fp
    frnd.o(.text) refers to fepilogue.o(.text) for _float_round
    ffixi.o(.text) refers (Special) to iusefp.o(.text) for __I$use$fp
    init.o(.text) refers to entry5.o(.ARM.Collect$$$$00000004) for __main_after_scatterload
    fflti.o(.text) refers (Special) to iusefp.o(.text) for __I$use$fp
    fflti.o(.text) refers to fepilogue.o(.text) for _float_epilogue
    ffltui.o(.text) refers (Special) to iusefp.o(.text) for __I$use$fp
    ffltui.o(.text) refers to fepilogue.o(.text) for _float_epilogue
    rredf.o(i.__ARM_common_ll_muluu) refers (Special) to iusefp.o(.text) for __I$use$fp


==============================================================================

Removing Unused input sections from the image.

    Removing startup_py32f002bxx.o(HEAP), (0 bytes).
    Removing system_py32f002b.o(.text), (0 bytes).
    Removing system_py32f002b.o(.text.SystemCoreClockUpdate), (104 bytes).
    Removing system_py32f002b.o(.ARM.exidx.text.SystemCoreClockUpdate), (8 bytes).
    Removing system_py32f002b.o(.ARM.exidx.text.SystemInit), (8 bytes).
    Removing system_py32f002b.o(.rodata.APBPrescTable), (32 bytes).
    Removing system_py32f002b.o(.rodata.HSIFreqTable), (32 bytes).
    Removing main.o(.text), (0 bytes).
    Removing main.o(.text.qst_algo_inti), (44 bytes).
    Removing main.o(.ARM.exidx.text.qst_algo_inti), (8 bytes).
    Removing main.o(.ARM.exidx.text.imu_algo_task), (8 bytes).
    Removing main.o(.ARM.exidx.text.main), (8 bytes).
    Removing main.o(.text.APP_ErrorHandler), (2 bytes).
    Removing main.o(.ARM.exidx.text.APP_ErrorHandler), (8 bytes).
    Removing main.o(.ARM.use_no_argv), (4 bytes).
    Removing py32f002b_hal_msp.o(.text), (0 bytes).
    Removing py32f002b_hal_msp.o(.ARM.exidx.text.HAL_MspInit), (8 bytes).
    Removing py32f002b_it.o(.text), (0 bytes).
    Removing py32f002b_it.o(.ARM.exidx.text.NMI_Handler), (8 bytes).
    Removing py32f002b_it.o(.ARM.exidx.text.HardFault_Handler), (8 bytes).
    Removing py32f002b_it.o(.ARM.exidx.text.SVC_Handler), (8 bytes).
    Removing py32f002b_it.o(.ARM.exidx.text.PendSV_Handler), (8 bytes).
    Removing py32f002b_it.o(.ARM.exidx.text.SysTick_Handler), (8 bytes).
    Removing py32f002b_hal.o(.text), (0 bytes).
    Removing py32f002b_hal.o(.ARM.exidx.text.HAL_Init), (8 bytes).
    Removing py32f002b_hal.o(.ARM.exidx.text.HAL_InitTick), (8 bytes).
    Removing py32f002b_hal.o(.text.HAL_MspInit), (2 bytes).
    Removing py32f002b_hal.o(.ARM.exidx.text.HAL_MspInit), (8 bytes).
    Removing py32f002b_hal.o(.text.HAL_DeInit), (36 bytes).
    Removing py32f002b_hal.o(.ARM.exidx.text.HAL_DeInit), (8 bytes).
    Removing py32f002b_hal.o(.text.HAL_MspDeInit), (2 bytes).
    Removing py32f002b_hal.o(.ARM.exidx.text.HAL_MspDeInit), (8 bytes).
    Removing py32f002b_hal.o(.ARM.exidx.text.HAL_IncTick), (8 bytes).
    Removing py32f002b_hal.o(.ARM.exidx.text.HAL_GetTick), (8 bytes).
    Removing py32f002b_hal.o(.text.HAL_GetTickPrio), (12 bytes).
    Removing py32f002b_hal.o(.ARM.exidx.text.HAL_GetTickPrio), (8 bytes).
    Removing py32f002b_hal.o(.text.HAL_SetTickFreq), (44 bytes).
    Removing py32f002b_hal.o(.ARM.exidx.text.HAL_SetTickFreq), (8 bytes).
    Removing py32f002b_hal.o(.text.HAL_GetTickFreq), (12 bytes).
    Removing py32f002b_hal.o(.ARM.exidx.text.HAL_GetTickFreq), (8 bytes).
    Removing py32f002b_hal.o(.text.HAL_Delay), (36 bytes).
    Removing py32f002b_hal.o(.ARM.exidx.text.HAL_Delay), (8 bytes).
    Removing py32f002b_hal.o(.text.HAL_SuspendTick), (16 bytes).
    Removing py32f002b_hal.o(.ARM.exidx.text.HAL_SuspendTick), (8 bytes).
    Removing py32f002b_hal.o(.text.HAL_ResumeTick), (16 bytes).
    Removing py32f002b_hal.o(.ARM.exidx.text.HAL_ResumeTick), (8 bytes).
    Removing py32f002b_hal.o(.text.HAL_GetHalVersion), (6 bytes).
    Removing py32f002b_hal.o(.ARM.exidx.text.HAL_GetHalVersion), (8 bytes).
    Removing py32f002b_hal.o(.text.HAL_GetREVID), (12 bytes).
    Removing py32f002b_hal.o(.ARM.exidx.text.HAL_GetREVID), (8 bytes).
    Removing py32f002b_hal.o(.text.HAL_GetDEVID), (16 bytes).
    Removing py32f002b_hal.o(.ARM.exidx.text.HAL_GetDEVID), (8 bytes).
    Removing py32f002b_hal.o(.text.HAL_GetUIDw0), (12 bytes).
    Removing py32f002b_hal.o(.ARM.exidx.text.HAL_GetUIDw0), (8 bytes).
    Removing py32f002b_hal.o(.text.HAL_GetUIDw1), (12 bytes).
    Removing py32f002b_hal.o(.ARM.exidx.text.HAL_GetUIDw1), (8 bytes).
    Removing py32f002b_hal.o(.text.HAL_GetUIDw2), (12 bytes).
    Removing py32f002b_hal.o(.ARM.exidx.text.HAL_GetUIDw2), (8 bytes).
    Removing py32f002b_hal.o(.text.HAL_DBGMCU_EnableDBGMCUStopMode), (16 bytes).
    Removing py32f002b_hal.o(.ARM.exidx.text.HAL_DBGMCU_EnableDBGMCUStopMode), (8 bytes).
    Removing py32f002b_hal.o(.text.HAL_DBGMCU_DisableDBGMCUStopMode), (16 bytes).
    Removing py32f002b_hal.o(.ARM.exidx.text.HAL_DBGMCU_DisableDBGMCUStopMode), (8 bytes).
    Removing py32f002b_hal.o(.text.HAL_SYSCFG_SetRemapMemory), (20 bytes).
    Removing py32f002b_hal.o(.ARM.exidx.text.HAL_SYSCFG_SetRemapMemory), (8 bytes).
    Removing py32f002b_hal.o(.text.HAL_SYSCFG_GetRemapMemory), (16 bytes).
    Removing py32f002b_hal.o(.ARM.exidx.text.HAL_SYSCFG_GetRemapMemory), (8 bytes).
    Removing py32f002b_hal.o(.text.HAL_SYSCFG_SetTIM1CH1Source), (20 bytes).
    Removing py32f002b_hal.o(.ARM.exidx.text.HAL_SYSCFG_SetTIM1CH1Source), (8 bytes).
    Removing py32f002b_hal.o(.text.HAL_SYSCFG_GetTIM1CH1Source), (16 bytes).
    Removing py32f002b_hal.o(.ARM.exidx.text.HAL_SYSCFG_GetTIM1CH1Source), (8 bytes).
    Removing py32f002b_hal.o(.text.HAL_SYSCFG_EnableI2CFastModePlus), (16 bytes).
    Removing py32f002b_hal.o(.ARM.exidx.text.HAL_SYSCFG_EnableI2CFastModePlus), (8 bytes).
    Removing py32f002b_hal.o(.text.HAL_SYSCFG_DisableI2CFastModePlus), (16 bytes).
    Removing py32f002b_hal.o(.ARM.exidx.text.HAL_SYSCFG_DisableI2CFastModePlus), (8 bytes).
    Removing py32f002b_hal.o(.text.HAL_SYSCFG_TIM1ETRSource), (20 bytes).
    Removing py32f002b_hal.o(.ARM.exidx.text.HAL_SYSCFG_TIM1ETRSource), (8 bytes).
    Removing py32f002b_hal.o(.text.HAL_SYSCFG_EnableGPIONoiseFilter), (52 bytes).
    Removing py32f002b_hal.o(.ARM.exidx.text.HAL_SYSCFG_EnableGPIONoiseFilter), (8 bytes).
    Removing py32f002b_hal.o(.text.HAL_SYSCFG_DisableGPIONoiseFilter), (52 bytes).
    Removing py32f002b_hal.o(.ARM.exidx.text.HAL_SYSCFG_DisableGPIONoiseFilter), (8 bytes).
    Removing py32f002b_hal_rcc.o(.text), (0 bytes).
    Removing py32f002b_hal_rcc.o(.text.HAL_RCC_DeInit), (140 bytes).
    Removing py32f002b_hal_rcc.o(.ARM.exidx.text.HAL_RCC_DeInit), (8 bytes).
    Removing py32f002b_hal_rcc.o(.ARM.exidx.text.HAL_RCC_OscConfig), (8 bytes).
    Removing py32f002b_hal_rcc.o(.text.HAL_RCC_GetSysClockFreq), (88 bytes).
    Removing py32f002b_hal_rcc.o(.ARM.exidx.text.HAL_RCC_GetSysClockFreq), (8 bytes).
    Removing py32f002b_hal_rcc.o(.ARM.exidx.text.HAL_RCC_ClockConfig), (8 bytes).
    Removing py32f002b_hal_rcc.o(.text.HAL_RCC_MCOConfig), (108 bytes).
    Removing py32f002b_hal_rcc.o(.ARM.exidx.text.HAL_RCC_MCOConfig), (8 bytes).
    Removing py32f002b_hal_rcc.o(.text.HAL_RCC_GetHCLKFreq), (12 bytes).
    Removing py32f002b_hal_rcc.o(.ARM.exidx.text.HAL_RCC_GetHCLKFreq), (8 bytes).
    Removing py32f002b_hal_rcc.o(.text.HAL_RCC_GetPCLK1Freq), (40 bytes).
    Removing py32f002b_hal_rcc.o(.ARM.exidx.text.HAL_RCC_GetPCLK1Freq), (8 bytes).
    Removing py32f002b_hal_rcc.o(.text.HAL_RCC_GetOscConfig), (100 bytes).
    Removing py32f002b_hal_rcc.o(.ARM.exidx.text.HAL_RCC_GetOscConfig), (8 bytes).
    Removing py32f002b_hal_rcc.o(.text.HAL_RCC_GetClockConfig), (52 bytes).
    Removing py32f002b_hal_rcc.o(.ARM.exidx.text.HAL_RCC_GetClockConfig), (8 bytes).
    Removing py32f002b_hal_rcc.o(.text.HAL_RCC_EnableLSECSS), (16 bytes).
    Removing py32f002b_hal_rcc.o(.ARM.exidx.text.HAL_RCC_EnableLSECSS), (8 bytes).
    Removing py32f002b_hal_rcc.o(.text.HAL_RCC_DisableLSECSS), (16 bytes).
    Removing py32f002b_hal_rcc.o(.ARM.exidx.text.HAL_RCC_DisableLSECSS), (8 bytes).
    Removing py32f002b_hal_rcc.o(.text.HAL_RCC_NMI_IRQHandler), (28 bytes).
    Removing py32f002b_hal_rcc.o(.ARM.exidx.text.HAL_RCC_NMI_IRQHandler), (8 bytes).
    Removing py32f002b_hal_rcc.o(.text.HAL_RCC_LSECSSCallback), (2 bytes).
    Removing py32f002b_hal_rcc.o(.ARM.exidx.text.HAL_RCC_LSECSSCallback), (8 bytes).
    Removing py32f002b_hal_rcc.o(.text.HAL_RCC_CSSCallback), (2 bytes).
    Removing py32f002b_hal_rcc.o(.ARM.exidx.text.HAL_RCC_CSSCallback), (8 bytes).
    Removing py32f002b_hal_rcc_ex.o(.text), (0 bytes).
    Removing py32f002b_hal_rcc_ex.o(.text.HAL_RCCEx_PeriphCLKConfig), (124 bytes).
    Removing py32f002b_hal_rcc_ex.o(.ARM.exidx.text.HAL_RCCEx_PeriphCLKConfig), (8 bytes).
    Removing py32f002b_hal_rcc_ex.o(.text.HAL_RCCEx_GetPeriphCLKConfig), (48 bytes).
    Removing py32f002b_hal_rcc_ex.o(.ARM.exidx.text.HAL_RCCEx_GetPeriphCLKConfig), (8 bytes).
    Removing py32f002b_hal_rcc_ex.o(.text.HAL_RCCEx_GetPeriphCLKFreq), (160 bytes).
    Removing py32f002b_hal_rcc_ex.o(.ARM.exidx.text.HAL_RCCEx_GetPeriphCLKFreq), (8 bytes).
    Removing py32f002b_hal_rcc_ex.o(.text.HAL_RCCEx_EnableLSCO), (20 bytes).
    Removing py32f002b_hal_rcc_ex.o(.ARM.exidx.text.HAL_RCCEx_EnableLSCO), (8 bytes).
    Removing py32f002b_hal_rcc_ex.o(.text.HAL_RCCEx_DisableLSCO), (2 bytes).
    Removing py32f002b_hal_rcc_ex.o(.ARM.exidx.text.HAL_RCCEx_DisableLSCO), (8 bytes).
    Removing py32f002b_hal_gpio.o(.text), (0 bytes).
    Removing py32f002b_hal_gpio.o(.text.HAL_GPIO_Init), (376 bytes).
    Removing py32f002b_hal_gpio.o(.ARM.exidx.text.HAL_GPIO_Init), (8 bytes).
    Removing py32f002b_hal_gpio.o(.text.HAL_GPIO_DeInit), (236 bytes).
    Removing py32f002b_hal_gpio.o(.ARM.exidx.text.HAL_GPIO_DeInit), (8 bytes).
    Removing py32f002b_hal_gpio.o(.text.HAL_GPIO_ReadPin), (10 bytes).
    Removing py32f002b_hal_gpio.o(.ARM.exidx.text.HAL_GPIO_ReadPin), (8 bytes).
    Removing py32f002b_hal_gpio.o(.text.HAL_GPIO_WritePin), (16 bytes).
    Removing py32f002b_hal_gpio.o(.ARM.exidx.text.HAL_GPIO_WritePin), (8 bytes).
    Removing py32f002b_hal_gpio.o(.text.HAL_GPIO_TogglePin), (18 bytes).
    Removing py32f002b_hal_gpio.o(.ARM.exidx.text.HAL_GPIO_TogglePin), (8 bytes).
    Removing py32f002b_hal_gpio.o(.text.HAL_GPIO_LockPin), (40 bytes).
    Removing py32f002b_hal_gpio.o(.ARM.exidx.text.HAL_GPIO_LockPin), (8 bytes).
    Removing py32f002b_hal_gpio.o(.text.HAL_GPIO_EXTI_Callback), (2 bytes).
    Removing py32f002b_hal_gpio.o(.ARM.exidx.text.HAL_GPIO_EXTI_Callback), (8 bytes).
    Removing py32f002b_hal_gpio.o(.text.HAL_GPIO_EXTI_IRQHandler), (24 bytes).
    Removing py32f002b_hal_gpio.o(.ARM.exidx.text.HAL_GPIO_EXTI_IRQHandler), (8 bytes).
    Removing py32f002b_hal_pwr.o(.text), (0 bytes).
    Removing py32f002b_hal_pwr.o(.text.HAL_PWR_DeInit), (24 bytes).
    Removing py32f002b_hal_pwr.o(.ARM.exidx.text.HAL_PWR_DeInit), (8 bytes).
    Removing py32f002b_hal_pwr.o(.text.HAL_PWR_ConfigStopMode), (36 bytes).
    Removing py32f002b_hal_pwr.o(.ARM.exidx.text.HAL_PWR_ConfigStopMode), (8 bytes).
    Removing py32f002b_hal_pwr.o(.text.HAL_PWR_ConfigBIAS), (40 bytes).
    Removing py32f002b_hal_pwr.o(.ARM.exidx.text.HAL_PWR_ConfigBIAS), (8 bytes).
    Removing py32f002b_hal_pwr.o(.text.HAL_PWR_EnterSLEEPMode), (32 bytes).
    Removing py32f002b_hal_pwr.o(.ARM.exidx.text.HAL_PWR_EnterSLEEPMode), (8 bytes).
    Removing py32f002b_hal_pwr.o(.text.HAL_PWR_EnterSTOPMode), (56 bytes).
    Removing py32f002b_hal_pwr.o(.ARM.exidx.text.HAL_PWR_EnterSTOPMode), (8 bytes).
    Removing py32f002b_hal_pwr.o(.text.HAL_PWR_EnableSleepOnExit), (16 bytes).
    Removing py32f002b_hal_pwr.o(.ARM.exidx.text.HAL_PWR_EnableSleepOnExit), (8 bytes).
    Removing py32f002b_hal_pwr.o(.text.HAL_PWR_DisableSleepOnExit), (16 bytes).
    Removing py32f002b_hal_pwr.o(.ARM.exidx.text.HAL_PWR_DisableSleepOnExit), (8 bytes).
    Removing py32f002b_hal_pwr.o(.text.HAL_PWR_EnableSEVOnPend), (16 bytes).
    Removing py32f002b_hal_pwr.o(.ARM.exidx.text.HAL_PWR_EnableSEVOnPend), (8 bytes).
    Removing py32f002b_hal_pwr.o(.text.HAL_PWR_DisableSEVOnPend), (16 bytes).
    Removing py32f002b_hal_pwr.o(.ARM.exidx.text.HAL_PWR_DisableSEVOnPend), (8 bytes).
    Removing py32f002b_hal_cortex.o(.text), (0 bytes).
    Removing py32f002b_hal_cortex.o(.ARM.exidx.text.HAL_NVIC_SetPriority), (8 bytes).
    Removing py32f002b_hal_cortex.o(.text.HAL_NVIC_EnableIRQ), (20 bytes).
    Removing py32f002b_hal_cortex.o(.ARM.exidx.text.HAL_NVIC_EnableIRQ), (8 bytes).
    Removing py32f002b_hal_cortex.o(.text.HAL_NVIC_DisableIRQ), (20 bytes).
    Removing py32f002b_hal_cortex.o(.ARM.exidx.text.HAL_NVIC_DisableIRQ), (8 bytes).
    Removing py32f002b_hal_cortex.o(.text.HAL_NVIC_SystemReset), (28 bytes).
    Removing py32f002b_hal_cortex.o(.ARM.exidx.text.HAL_NVIC_SystemReset), (8 bytes).
    Removing py32f002b_hal_cortex.o(.ARM.exidx.text.HAL_SYSTICK_Config), (8 bytes).
    Removing py32f002b_hal_cortex.o(.text.HAL_NVIC_GetPriority), (48 bytes).
    Removing py32f002b_hal_cortex.o(.ARM.exidx.text.HAL_NVIC_GetPriority), (8 bytes).
    Removing py32f002b_hal_cortex.o(.text.HAL_NVIC_SetPendingIRQ), (20 bytes).
    Removing py32f002b_hal_cortex.o(.ARM.exidx.text.HAL_NVIC_SetPendingIRQ), (8 bytes).
    Removing py32f002b_hal_cortex.o(.text.HAL_NVIC_GetPendingIRQ), (20 bytes).
    Removing py32f002b_hal_cortex.o(.ARM.exidx.text.HAL_NVIC_GetPendingIRQ), (8 bytes).
    Removing py32f002b_hal_cortex.o(.text.HAL_NVIC_ClearPendingIRQ), (20 bytes).
    Removing py32f002b_hal_cortex.o(.ARM.exidx.text.HAL_NVIC_ClearPendingIRQ), (8 bytes).
    Removing py32f002b_hal_cortex.o(.text.HAL_SYSTICK_CLKSourceConfig), (28 bytes).
    Removing py32f002b_hal_cortex.o(.ARM.exidx.text.HAL_SYSTICK_CLKSourceConfig), (8 bytes).
    Removing py32f002b_hal_cortex.o(.text.HAL_SYSTICK_IRQHandler), (8 bytes).
    Removing py32f002b_hal_cortex.o(.ARM.exidx.text.HAL_SYSTICK_IRQHandler), (8 bytes).
    Removing py32f002b_hal_cortex.o(.text.HAL_SYSTICK_Callback), (2 bytes).
    Removing py32f002b_hal_cortex.o(.ARM.exidx.text.HAL_SYSTICK_Callback), (8 bytes).
    Removing imualgo_axis9.o(.text), (0 bytes).
    Removing imualgo_axis9.o(.text.init_state_recognition), (16 bytes).
    Removing imualgo_axis9.o(.ARM.exidx.text.init_state_recognition), (8 bytes).
    Removing imualgo_axis9.o(.ARM.exidx.text.set_cutoff_frequency), (8 bytes).
    Removing imualgo_axis9.o(.ARM.exidx.text.Filter_Apply), (8 bytes).
    Removing imualgo_axis9.o(.text.constrain_float), (38 bytes).
    Removing imualgo_axis9.o(.ARM.exidx.text.constrain_float), (8 bytes).
    Removing imualgo_axis9.o(.ARM.exidx.text.wrap_PI), (8 bytes).
    Removing imualgo_axis9.o(.ARM.exidx.text.qst_fusion_nomag_rotation_matrix), (8 bytes).
    Removing imualgo_axis9.o(.ARM.exidx.text.qst_fusion_init), (8 bytes).
    Removing imualgo_axis9.o(.ARM.exidx.text.qst_fusion_update), (8 bytes).
    Removing imualgo_axis9.o(.text.get_angle), (104 bytes).
    Removing imualgo_axis9.o(.ARM.exidx.text.get_angle), (8 bytes).
    Removing imualgo_axis9.o(.bss.iCount), (1 bytes).
    Removing imualgo_axis9.o(.data.fusion_nomag_Int_max), (4 bytes).
    Removing imualgo_axis9.o(.data.fusion_nomag_quaternion), (16 bytes).
    Removing imualgo_axis9.o(.bss.lock_delay), (8 bytes).
    Removing imualgo_axis9.o(.bss.gyro_buffer), (24 bytes).
    Removing imualgo_axis9.o(.bss.accel_buffer), (24 bytes).

196 unused section(s) (total 3897 bytes) removed from the image.

==============================================================================

Image Symbol Table

    Local Symbols

    Symbol Name                              Value     Ov Type        Size  Object(Section)

    ../clib/division.s                       0x00000000   Number         0  aeabi_sdivfast.o ABSOLUTE
    ../clib/division.s                       0x00000000   Number         0  aeabi_sdivfast_div0.o ABSOLUTE
    ../clib/microlib/division.c              0x00000000   Number         0  uidiv.o ABSOLUTE
    ../clib/microlib/division.c              0x00000000   Number         0  uidiv_div0.o ABSOLUTE
    ../clib/microlib/division.c              0x00000000   Number         0  idiv_div0.o ABSOLUTE
    ../clib/microlib/division.c              0x00000000   Number         0  idiv0.o ABSOLUTE
    ../clib/microlib/errno.c                 0x00000000   Number         0  errno.o ABSOLUTE
    ../clib/microlib/init/entry.s            0x00000000   Number         0  entry.o ABSOLUTE
    ../clib/microlib/init/entry.s            0x00000000   Number         0  entry2.o ABSOLUTE
    ../clib/microlib/init/entry.s            0x00000000   Number         0  entry5.o ABSOLUTE
    ../clib/microlib/init/entry.s            0x00000000   Number         0  entry7a.o ABSOLUTE
    ../clib/microlib/init/entry.s            0x00000000   Number         0  entry7b.o ABSOLUTE
    ../clib/microlib/init/entry.s            0x00000000   Number         0  entry8a.o ABSOLUTE
    ../clib/microlib/init/entry.s            0x00000000   Number         0  entry8b.o ABSOLUTE
    ../clib/microlib/init/entry.s            0x00000000   Number         0  entry9a.o ABSOLUTE
    ../clib/microlib/init/entry.s            0x00000000   Number         0  entry9b.o ABSOLUTE
    ../clib/microlib/init/entry.s            0x00000000   Number         0  entry10a.o ABSOLUTE
    ../clib/microlib/init/entry.s            0x00000000   Number         0  entry10b.o ABSOLUTE
    ../clib/microlib/init/entry.s            0x00000000   Number         0  entry11a.o ABSOLUTE
    ../clib/microlib/init/entry.s            0x00000000   Number         0  entry11b.o ABSOLUTE
    ../clib/microlib/string/memset.c         0x00000000   Number         0  memseta.o ABSOLUTE
    ../clib/microlib/stubs.s                 0x00000000   Number         0  iusefp.o ABSOLUTE
    ../fplib/microlib/f2d.c                  0x00000000   Number         0  f2d.o ABSOLUTE
    ../fplib/microlib/fpadd.c                0x00000000   Number         0  fadd.o ABSOLUTE
    ../fplib/microlib/fpcmp.c                0x00000000   Number         0  fcmple.o ABSOLUTE
    ../fplib/microlib/fpcmp.c                0x00000000   Number         0  fcmplt.o ABSOLUTE
    ../fplib/microlib/fpcmp.c                0x00000000   Number         0  fcmpge.o ABSOLUTE
    ../fplib/microlib/fpcmp.c                0x00000000   Number         0  fcmpgt.o ABSOLUTE
    ../fplib/microlib/fpcmp.c                0x00000000   Number         0  dcmple.o ABSOLUTE
    ../fplib/microlib/fpcmp.c                0x00000000   Number         0  dcmpgt.o ABSOLUTE
    ../fplib/microlib/fpdiv.c                0x00000000   Number         0  fdiv.o ABSOLUTE
    ../fplib/microlib/fpepilogue.c           0x00000000   Number         0  fepilogue.o ABSOLUTE
    ../fplib/microlib/fpfix.c                0x00000000   Number         0  ffixi.o ABSOLUTE
    ../fplib/microlib/fpflt.c                0x00000000   Number         0  fflti.o ABSOLUTE
    ../fplib/microlib/fpflt.c                0x00000000   Number         0  ffltui.o ABSOLUTE
    ../fplib/microlib/fpmul.c                0x00000000   Number         0  fmul.o ABSOLUTE
    ../fplib/microlib/fprnd.c                0x00000000   Number         0  frnd.o ABSOLUTE
    ../fplib/microlib/fpscalb.c              0x00000000   Number         0  fscalb.o ABSOLUTE
    ../fplib/microlib/fpsqrt.c               0x00000000   Number         0  fsqrt.o ABSOLUTE
    ../mathlib/asinf.c                       0x00000000   Number         0  asinf.o ABSOLUTE
    ../mathlib/atan2f.c                      0x00000000   Number         0  atan2f.o ABSOLUTE
    ../mathlib/cosf.c                        0x00000000   Number         0  cosf.o ABSOLUTE
    ../mathlib/fpclassifyf.c                 0x00000000   Number         0  fpclassifyf.o ABSOLUTE
    ../mathlib/funder.c                      0x00000000   Number         0  funder.o ABSOLUTE
    ../mathlib/rredf.c                       0x00000000   Number         0  rredf.o ABSOLUTE
    ../mathlib/sinf.c                        0x00000000   Number         0  sinf.o ABSOLUTE
    ../mathlib/sqrtf.c                       0x00000000   Number         0  sqrtf.o ABSOLUTE
    ../mathlib/tanf.c                        0x00000000   Number         0  tanf.o ABSOLUTE
    dc.s                                     0x00000000   Number         0  dc.o ABSOLUTE
    handlers.s                               0x00000000   Number         0  handlers.o ABSOLUTE
    imualgo_axis9.c                          0x00000000   Number         0  imualgo_axis9.o ABSOLUTE
    init.s                                   0x00000000   Number         0  init.o ABSOLUTE
    main.c                                   0x00000000   Number         0  main.o ABSOLUTE
    py32f002b_hal.c                          0x00000000   Number         0  py32f002b_hal.o ABSOLUTE
    py32f002b_hal_cortex.c                   0x00000000   Number         0  py32f002b_hal_cortex.o ABSOLUTE
    py32f002b_hal_gpio.c                     0x00000000   Number         0  py32f002b_hal_gpio.o ABSOLUTE
    py32f002b_hal_msp.c                      0x00000000   Number         0  py32f002b_hal_msp.o ABSOLUTE
    py32f002b_hal_pwr.c                      0x00000000   Number         0  py32f002b_hal_pwr.o ABSOLUTE
    py32f002b_hal_rcc.c                      0x00000000   Number         0  py32f002b_hal_rcc.o ABSOLUTE
    py32f002b_hal_rcc_ex.c                   0x00000000   Number         0  py32f002b_hal_rcc_ex.o ABSOLUTE
    py32f002b_it.c                           0x00000000   Number         0  py32f002b_it.o ABSOLUTE
    startup_py32f002bxx.s                    0x00000000   Number         0  startup_py32f002bxx.o ABSOLUTE
    system_py32f002b.c                       0x00000000   Number         0  system_py32f002b.o ABSOLUTE
    RESET                                    0x08000000   Section      192  startup_py32f002bxx.o(RESET)
    .ARM.Collect$$$$00000000                 0x080000c0   Section        0  entry.o(.ARM.Collect$$$$00000000)
    .ARM.Collect$$$$00000001                 0x080000c0   Section        4  entry2.o(.ARM.Collect$$$$00000001)
    .ARM.Collect$$$$00000004                 0x080000c4   Section        4  entry5.o(.ARM.Collect$$$$00000004)
    .ARM.Collect$$$$00000008                 0x080000c8   Section        0  entry7b.o(.ARM.Collect$$$$00000008)
    .ARM.Collect$$$$0000000A                 0x080000c8   Section        0  entry8b.o(.ARM.Collect$$$$0000000A)
    .ARM.Collect$$$$0000000B                 0x080000c8   Section        8  entry9a.o(.ARM.Collect$$$$0000000B)
    __lit__00000000                          0x080000d0   Data           4  entry2.o(.ARM.Collect$$$$00002712)
    .ARM.Collect$$$$0000000D                 0x080000d0   Section        0  entry10a.o(.ARM.Collect$$$$0000000D)
    .ARM.Collect$$$$0000000F                 0x080000d0   Section        0  entry11a.o(.ARM.Collect$$$$0000000F)
    .ARM.Collect$$$$00002712                 0x080000d0   Section        4  entry2.o(.ARM.Collect$$$$00002712)
    .text                                    0x080000d4   Section       28  startup_py32f002bxx.o(.text)
    .text                                    0x080000f0   Section        0  memseta.o(.text)
    .text                                    0x08000114   Section        0  fadd.o(.text)
    .text                                    0x080001c6   Section        0  fmul.o(.text)
    .text                                    0x08000240   Section        0  fdiv.o(.text)
    .text                                    0x080002bc   Section        0  fcmple.o(.text)
    .text                                    0x080002d8   Section        0  fcmplt.o(.text)
    .text                                    0x080002f4   Section        0  fcmpge.o(.text)
    .text                                    0x08000310   Section        0  fcmpgt.o(.text)
    .text                                    0x0800032c   Section        0  dcmple.o(.text)
    .text                                    0x08000358   Section        0  dcmpgt.o(.text)
    .text                                    0x08000384   Section        0  f2d.o(.text)
    .text                                    0x080003ac   Section        0  uidiv_div0.o(.text)
    .text                                    0x080003ea   Section        0  iusefp.o(.text)
    .text                                    0x080003ea   Section        0  fepilogue.o(.text)
    .text                                    0x0800046c   Section        0  fscalb.o(.text)
    .text                                    0x08000484   Section        0  fsqrt.o(.text)
    .text                                    0x080004dc   Section        0  frnd.o(.text)
    .text                                    0x0800051a   Section        0  ffixi.o(.text)
    .text                                    0x0800054c   Section       36  init.o(.text)
    .text                                    0x08000570   Section        0  fflti.o(.text)
    .text                                    0x08000586   Section        0  ffltui.o(.text)
    [Anonymous Symbol]                       0x08000594   Section        0  imualgo_axis9.o(.text.Filter_Apply)
    [Anonymous Symbol]                       0x080005f4   Section        0  py32f002b_hal.o(.text.HAL_GetTick)
    [Anonymous Symbol]                       0x080005fc   Section        0  py32f002b_hal.o(.text.HAL_IncTick)
    __arm_cp.5_1                             0x0800060c   Number         4  py32f002b_hal.o(.text.HAL_IncTick)
    [Anonymous Symbol]                       0x08000610   Section        0  py32f002b_hal.o(.text.HAL_Init)
    [Anonymous Symbol]                       0x08000628   Section        0  py32f002b_hal.o(.text.HAL_InitTick)
    __arm_cp.1_0                             0x08000668   Number         4  py32f002b_hal.o(.text.HAL_InitTick)
    [Anonymous Symbol]                       0x0800066c   Section        0  py32f002b_hal_msp.o(.text.HAL_MspInit)
    __arm_cp.0_0                             0x08000694   Number         4  py32f002b_hal_msp.o(.text.HAL_MspInit)
    [Anonymous Symbol]                       0x08000698   Section        0  py32f002b_hal_cortex.o(.text.HAL_NVIC_SetPriority)
    __arm_cp.0_0                             0x080006c8   Number         4  py32f002b_hal_cortex.o(.text.HAL_NVIC_SetPriority)
    __arm_cp.0_1                             0x080006cc   Number         4  py32f002b_hal_cortex.o(.text.HAL_NVIC_SetPriority)
    [Anonymous Symbol]                       0x080006d0   Section        0  py32f002b_hal_rcc.o(.text.HAL_RCC_ClockConfig)
    __arm_cp.3_0                             0x08000864   Number         4  py32f002b_hal_rcc.o(.text.HAL_RCC_ClockConfig)
    __arm_cp.3_1                             0x08000868   Number         4  py32f002b_hal_rcc.o(.text.HAL_RCC_ClockConfig)
    __arm_cp.3_2                             0x0800086c   Number         4  py32f002b_hal_rcc.o(.text.HAL_RCC_ClockConfig)
    __arm_cp.3_3                             0x08000870   Number         4  py32f002b_hal_rcc.o(.text.HAL_RCC_ClockConfig)
    __arm_cp.3_6                             0x08000874   Number         4  py32f002b_hal_rcc.o(.text.HAL_RCC_ClockConfig)
    __arm_cp.3_7                             0x08000878   Number         4  py32f002b_hal_rcc.o(.text.HAL_RCC_ClockConfig)
    [Anonymous Symbol]                       0x0800087c   Section        0  py32f002b_hal_rcc.o(.text.HAL_RCC_OscConfig)
    __arm_cp.1_0                             0x08000bb8   Number         4  py32f002b_hal_rcc.o(.text.HAL_RCC_OscConfig)
    __arm_cp.1_2                             0x08000bbc   Number         4  py32f002b_hal_rcc.o(.text.HAL_RCC_OscConfig)
    __arm_cp.1_3                             0x08000bc0   Number         4  py32f002b_hal_rcc.o(.text.HAL_RCC_OscConfig)
    __arm_cp.1_4                             0x08000bc4   Number         4  py32f002b_hal_rcc.o(.text.HAL_RCC_OscConfig)
    __arm_cp.1_5                             0x08000bc8   Number         4  py32f002b_hal_rcc.o(.text.HAL_RCC_OscConfig)
    __arm_cp.1_6                             0x08000bcc   Number         4  py32f002b_hal_rcc.o(.text.HAL_RCC_OscConfig)
    __arm_cp.1_7                             0x08000bd0   Number         4  py32f002b_hal_rcc.o(.text.HAL_RCC_OscConfig)
    __arm_cp.1_9                             0x08000bd4   Number         4  py32f002b_hal_rcc.o(.text.HAL_RCC_OscConfig)
    [Anonymous Symbol]                       0x08000bd8   Section        0  py32f002b_hal_cortex.o(.text.HAL_SYSTICK_Config)
    __arm_cp.4_0                             0x08000c00   Number         4  py32f002b_hal_cortex.o(.text.HAL_SYSTICK_Config)
    __arm_cp.4_1                             0x08000c04   Number         4  py32f002b_hal_cortex.o(.text.HAL_SYSTICK_Config)
    __arm_cp.4_2                             0x08000c08   Number         4  py32f002b_hal_cortex.o(.text.HAL_SYSTICK_Config)
    [Anonymous Symbol]                       0x08000c0c   Section        0  py32f002b_it.o(.text.HardFault_Handler)
    [Anonymous Symbol]                       0x08000c0e   Section        0  py32f002b_it.o(.text.NMI_Handler)
    [Anonymous Symbol]                       0x08000c10   Section        0  py32f002b_it.o(.text.PendSV_Handler)
    [Anonymous Symbol]                       0x08000c12   Section        0  py32f002b_it.o(.text.SVC_Handler)
    [Anonymous Symbol]                       0x08000c14   Section        0  py32f002b_it.o(.text.SysTick_Handler)
    [Anonymous Symbol]                       0x08000c1c   Section        0  system_py32f002b.o(.text.SystemInit)
    __arm_cp.1_0                             0x08000c5c   Number         4  system_py32f002b.o(.text.SystemInit)
    __arm_cp.1_1                             0x08000c60   Number         4  system_py32f002b.o(.text.SystemInit)
    __arm_cp.1_3                             0x08000c64   Number         4  system_py32f002b.o(.text.SystemInit)
    __arm_cp.1_4                             0x08000c68   Number         4  system_py32f002b.o(.text.SystemInit)
    __arm_cp.1_5                             0x08000c6c   Number         4  system_py32f002b.o(.text.SystemInit)
    [Anonymous Symbol]                       0x08000c70   Section        0  main.o(.text.imu_algo_task)
    __arm_cp.1_0                             0x08000cf0   Number         4  main.o(.text.imu_algo_task)
    __arm_cp.1_1                             0x08000cf4   Number         4  main.o(.text.imu_algo_task)
    __arm_cp.1_3                             0x08000cf8   Number         4  main.o(.text.imu_algo_task)
    __arm_cp.1_4                             0x08000cfc   Number         4  main.o(.text.imu_algo_task)
    __arm_cp.1_5                             0x08000d00   Number         4  main.o(.text.imu_algo_task)
    __arm_cp.1_7                             0x08000d04   Number         4  main.o(.text.imu_algo_task)
    __arm_cp.1_8                             0x08000d08   Number         4  main.o(.text.imu_algo_task)
    __arm_cp.1_9                             0x08000d0c   Number         4  main.o(.text.imu_algo_task)
    __arm_cp.1_10                            0x08000d10   Number         4  main.o(.text.imu_algo_task)
    __arm_cp.1_11                            0x08000d14   Number         4  main.o(.text.imu_algo_task)
    [Anonymous Symbol]                       0x08000d18   Section        0  main.o(.text.main)
    __arm_cp.2_0                             0x08000d8c   Number         4  main.o(.text.main)
    __arm_cp.2_1                             0x08000d90   Number         4  main.o(.text.main)
    __arm_cp.2_2                             0x08000d94   Number         4  main.o(.text.main)
    __arm_cp.2_3                             0x08000d98   Number         4  main.o(.text.main)
    [Anonymous Symbol]                       0x08000d9c   Section        0  imualgo_axis9.o(.text.qst_fusion_init)
    __arm_cp.6_0                             0x08001104   Number         4  imualgo_axis9.o(.text.qst_fusion_init)
    __arm_cp.6_1                             0x08001108   Number         4  imualgo_axis9.o(.text.qst_fusion_init)
    __arm_cp.6_2                             0x0800110c   Number         4  imualgo_axis9.o(.text.qst_fusion_init)
    [Anonymous Symbol]                       0x08001110   Section        0  imualgo_axis9.o(.text.qst_fusion_nomag_rotation_matrix)
    __arm_cp.5_0                             0x08001244   Number         4  imualgo_axis9.o(.text.qst_fusion_nomag_rotation_matrix)
    __arm_cp.5_1                             0x08001248   Number         4  imualgo_axis9.o(.text.qst_fusion_nomag_rotation_matrix)
    [Anonymous Symbol]                       0x0800124c   Section        0  imualgo_axis9.o(.text.qst_fusion_update)
    __arm_cp.7_23                            0x0800148c   Number         4  imualgo_axis9.o(.text.qst_fusion_update)
    __arm_cp.7_24                            0x08001490   Number         4  imualgo_axis9.o(.text.qst_fusion_update)
    __arm_cp.7_25                            0x08001494   Number         4  imualgo_axis9.o(.text.qst_fusion_update)
    __arm_cp.7_26                            0x08001498   Number         4  imualgo_axis9.o(.text.qst_fusion_update)
    __arm_cp.7_27                            0x0800149c   Number         4  imualgo_axis9.o(.text.qst_fusion_update)
    __arm_cp.7_28                            0x080014a0   Number         4  imualgo_axis9.o(.text.qst_fusion_update)
    __arm_cp.7_35                            0x080017e0   Number         4  imualgo_axis9.o(.text.qst_fusion_update)
    __arm_cp.7_36                            0x080017e4   Number         4  imualgo_axis9.o(.text.qst_fusion_update)
    __arm_cp.7_37                            0x08001bb0   Number         4  imualgo_axis9.o(.text.qst_fusion_update)
    __arm_cp.7_38                            0x08001bb4   Number         4  imualgo_axis9.o(.text.qst_fusion_update)
    __arm_cp.7_39                            0x08001bb8   Number         4  imualgo_axis9.o(.text.qst_fusion_update)
    __arm_cp.7_40                            0x08001bbc   Number         4  imualgo_axis9.o(.text.qst_fusion_update)
    __arm_cp.7_41                            0x08001bc0   Number         4  imualgo_axis9.o(.text.qst_fusion_update)
    __arm_cp.7_42                            0x08001bc4   Number         4  imualgo_axis9.o(.text.qst_fusion_update)
    __arm_cp.7_0                             0x08001c9c   Number         4  imualgo_axis9.o(.text.qst_fusion_update)
    __arm_cp.7_15                            0x08001ca0   Number         4  imualgo_axis9.o(.text.qst_fusion_update)
    __arm_cp.7_16                            0x08001ca4   Number         4  imualgo_axis9.o(.text.qst_fusion_update)
    __arm_cp.7_17                            0x08001ca8   Number         4  imualgo_axis9.o(.text.qst_fusion_update)
    __arm_cp.7_18                            0x08001cac   Number         4  imualgo_axis9.o(.text.qst_fusion_update)
    __arm_cp.7_19                            0x08001cb0   Number         4  imualgo_axis9.o(.text.qst_fusion_update)
    __arm_cp.7_20                            0x08001cb4   Number         4  imualgo_axis9.o(.text.qst_fusion_update)
    __arm_cp.7_21                            0x08001cb8   Number         4  imualgo_axis9.o(.text.qst_fusion_update)
    [Anonymous Symbol]                       0x08001cbc   Section        0  imualgo_axis9.o(.text.set_cutoff_frequency)
    __arm_cp.1_1                             0x08001d48   Number         4  imualgo_axis9.o(.text.set_cutoff_frequency)
    __arm_cp.1_2                             0x08001d4c   Number         4  imualgo_axis9.o(.text.set_cutoff_frequency)
    __arm_cp.1_3                             0x08001d50   Number         4  imualgo_axis9.o(.text.set_cutoff_frequency)
    [Anonymous Symbol]                       0x08001d54   Section        0  imualgo_axis9.o(.text.wrap_PI)
    __arm_cp.4_0                             0x08001d94   Number         4  imualgo_axis9.o(.text.wrap_PI)
    __arm_cp.4_1                             0x08001d98   Number         4  imualgo_axis9.o(.text.wrap_PI)
    __arm_cp.4_2                             0x08001d9c   Number         4  imualgo_axis9.o(.text.wrap_PI)
    __arm_cp.4_3                             0x08001da0   Number         4  imualgo_axis9.o(.text.wrap_PI)
    i.__ARM_common_ll_muluu                  0x08001da4   Section        0  rredf.o(i.__ARM_common_ll_muluu)
    i.__ARM_fpclassifyf                      0x08001dd6   Section        0  fpclassifyf.o(i.__ARM_fpclassifyf)
    i.__mathlib_flt_infnan                   0x08001df8   Section        0  funder.o(i.__mathlib_flt_infnan)
    i.__mathlib_flt_infnan2                  0x08001e02   Section        0  funder.o(i.__mathlib_flt_infnan2)
    i.__mathlib_flt_invalid                  0x08001e0a   Section        0  funder.o(i.__mathlib_flt_invalid)
    i.__mathlib_flt_underflow                0x08001e16   Section        0  funder.o(i.__mathlib_flt_underflow)
    i.__mathlib_rredf2                       0x08001e24   Section        0  rredf.o(i.__mathlib_rredf2)
    i.__scatterload_copy                     0x08001fa4   Section       14  handlers.o(i.__scatterload_copy)
    i.__scatterload_null                     0x08001fb2   Section        2  handlers.o(i.__scatterload_null)
    i.__scatterload_zeroinit                 0x08001fb4   Section       14  handlers.o(i.__scatterload_zeroinit)
    i.__set_errno                            0x08001fc4   Section        0  errno.o(i.__set_errno)
    i.asinf                                  0x08001fd0   Section        0  asinf.o(i.asinf)
    i.atan2f                                 0x080020e8   Section        0  atan2f.o(i.atan2f)
    i.cosf                                   0x08002384   Section        0  cosf.o(i.cosf)
    i.sinf                                   0x080024fc   Section        0  sinf.o(i.sinf)
    i.sqrtf                                  0x08002680   Section        0  sqrtf.o(i.sqrtf)
    i.tanf                                   0x080026ac   Section        0  tanf.o(i.tanf)
    twooverpi                                0x0800281c   Data          32  rredf.o(.constdata)
    .constdata                               0x0800281c   Section       32  rredf.o(.constdata)
    [Anonymous Symbol]                       0x0800287c   Section        0  py32f002b_hal_rcc.o(.rodata.cst32)
    _errno                                   0x20000000   Data           4  errno.o(.data)
    .data                                    0x20000000   Section        4  errno.o(.data)
    [Anonymous Symbol]                       0x20000004   Section        0  imualgo_axis9.o(.data..L_MergedGlobals)
    [Anonymous Symbol]                       0x20000070   Section        0  imualgo_axis9.o(.bss..L_MergedGlobals.1)
    qst_fusion_version                       0x20000073   Data           1  imualgo_axis9.o(.bss..L_MergedGlobals.1)
    STACK                                    0x20000198   Section     1024  startup_py32f002bxx.o(STACK)

    Global Symbols

    Symbol Name                              Value     Ov Type        Size  Object(Section)

    BuildAttributes$$THM_ISAv3M$S$PE$A:L22$X:L11$S22$IEEE1$IW$~IW$USESV6$~STKCKD$USESV7$~SHL$OTIME$ROPI$IEEEX$EBA8$MICROLIB$REQ8$PRES8$EABIv2 0x00000000   Number         0  anon$$obj.o ABSOLUTE
    __cpp_initialize__aeabi_                  - Undefined Weak Reference
    __cxa_finalize                            - Undefined Weak Reference
    __decompress                              - Undefined Weak Reference
    _clock_init                               - Undefined Weak Reference
    _microlib_exit                            - Undefined Weak Reference
    __Vectors_Size                           0x000000c0   Number         0  startup_py32f002bxx.o ABSOLUTE
    __Vectors                                0x08000000   Data           4  startup_py32f002bxx.o(RESET)
    __Vectors_End                            0x080000c0   Data           0  startup_py32f002bxx.o(RESET)
    __main                                   0x080000c1   Thumb Code     0  entry.o(.ARM.Collect$$$$00000000)
    _main_stk                                0x080000c1   Thumb Code     0  entry2.o(.ARM.Collect$$$$00000001)
    _main_scatterload                        0x080000c5   Thumb Code     0  entry5.o(.ARM.Collect$$$$00000004)
    __main_after_scatterload                 0x080000c9   Thumb Code     0  entry5.o(.ARM.Collect$$$$00000004)
    _main_clock                              0x080000c9   Thumb Code     0  entry7b.o(.ARM.Collect$$$$00000008)
    _main_cpp_init                           0x080000c9   Thumb Code     0  entry8b.o(.ARM.Collect$$$$0000000A)
    _main_init                               0x080000c9   Thumb Code     0  entry9a.o(.ARM.Collect$$$$0000000B)
    __rt_final_cpp                           0x080000d1   Thumb Code     0  entry10a.o(.ARM.Collect$$$$0000000D)
    __rt_final_exit                          0x080000d1   Thumb Code     0  entry11a.o(.ARM.Collect$$$$0000000F)
    Reset_Handler                            0x080000d5   Thumb Code     8  startup_py32f002bxx.o(.text)
    ADC_COMP_IRQHandler                      0x080000e7   Thumb Code     0  startup_py32f002bxx.o(.text)
    EXTI0_1_IRQHandler                       0x080000e7   Thumb Code     0  startup_py32f002bxx.o(.text)
    EXTI2_3_IRQHandler                       0x080000e7   Thumb Code     0  startup_py32f002bxx.o(.text)
    EXTI4_15_IRQHandler                      0x080000e7   Thumb Code     0  startup_py32f002bxx.o(.text)
    FLASH_IRQHandler                         0x080000e7   Thumb Code     0  startup_py32f002bxx.o(.text)
    I2C1_IRQHandler                          0x080000e7   Thumb Code     0  startup_py32f002bxx.o(.text)
    LPTIM1_IRQHandler                        0x080000e7   Thumb Code     0  startup_py32f002bxx.o(.text)
    RCC_IRQHandler                           0x080000e7   Thumb Code     0  startup_py32f002bxx.o(.text)
    SPI1_IRQHandler                          0x080000e7   Thumb Code     0  startup_py32f002bxx.o(.text)
    TIM14_IRQHandler                         0x080000e7   Thumb Code     0  startup_py32f002bxx.o(.text)
    TIM1_BRK_UP_TRG_COM_IRQHandler           0x080000e7   Thumb Code     0  startup_py32f002bxx.o(.text)
    TIM1_CC_IRQHandler                       0x080000e7   Thumb Code     0  startup_py32f002bxx.o(.text)
    USART1_IRQHandler                        0x080000e7   Thumb Code     0  startup_py32f002bxx.o(.text)
    __aeabi_memset                           0x080000f1   Thumb Code    14  memseta.o(.text)
    __aeabi_memset4                          0x080000f1   Thumb Code     0  memseta.o(.text)
    __aeabi_memset8                          0x080000f1   Thumb Code     0  memseta.o(.text)
    __aeabi_memclr                           0x080000ff   Thumb Code     4  memseta.o(.text)
    __aeabi_memclr4                          0x080000ff   Thumb Code     0  memseta.o(.text)
    __aeabi_memclr8                          0x080000ff   Thumb Code     0  memseta.o(.text)
    _memset$wrapper                          0x08000103   Thumb Code    18  memseta.o(.text)
    __aeabi_fadd                             0x08000115   Thumb Code   162  fadd.o(.text)
    __aeabi_fsub                             0x080001b7   Thumb Code     8  fadd.o(.text)
    __aeabi_frsub                            0x080001bf   Thumb Code     8  fadd.o(.text)
    __aeabi_fmul                             0x080001c7   Thumb Code   122  fmul.o(.text)
    __aeabi_fdiv                             0x08000241   Thumb Code   124  fdiv.o(.text)
    __aeabi_fcmple                           0x080002bd   Thumb Code    28  fcmple.o(.text)
    __aeabi_fcmplt                           0x080002d9   Thumb Code    28  fcmplt.o(.text)
    __aeabi_fcmpge                           0x080002f5   Thumb Code    28  fcmpge.o(.text)
    __aeabi_fcmpgt                           0x08000311   Thumb Code    28  fcmpgt.o(.text)
    __aeabi_dcmple                           0x0800032d   Thumb Code    44  dcmple.o(.text)
    __aeabi_dcmpgt                           0x08000359   Thumb Code    44  dcmpgt.o(.text)
    __aeabi_f2d                              0x08000385   Thumb Code    40  f2d.o(.text)
    __aeabi_uidiv                            0x080003ad   Thumb Code     0  uidiv_div0.o(.text)
    __aeabi_uidivmod                         0x080003ad   Thumb Code    62  uidiv_div0.o(.text)
    __I$use$fp                               0x080003eb   Thumb Code     0  iusefp.o(.text)
    _float_round                             0x080003eb   Thumb Code    16  fepilogue.o(.text)
    _float_epilogue                          0x080003fb   Thumb Code   114  fepilogue.o(.text)
    __ARM_scalbnf                            0x0800046d   Thumb Code    24  fscalb.o(.text)
    scalbnf                                  0x0800046d   Thumb Code     0  fscalb.o(.text)
    _fsqrt                                   0x08000485   Thumb Code    88  fsqrt.o(.text)
    _frnd                                    0x080004dd   Thumb Code    62  frnd.o(.text)
    __aeabi_f2iz                             0x0800051b   Thumb Code    50  ffixi.o(.text)
    __scatterload                            0x0800054d   Thumb Code    28  init.o(.text)
    __scatterload_rt2                        0x0800054d   Thumb Code     0  init.o(.text)
    __aeabi_i2f                              0x08000571   Thumb Code    22  fflti.o(.text)
    __aeabi_ui2f                             0x08000587   Thumb Code    14  ffltui.o(.text)
    Filter_Apply                             0x08000595   Thumb Code    96  imualgo_axis9.o(.text.Filter_Apply)
    HAL_GetTick                              0x080005f5   Thumb Code     8  py32f002b_hal.o(.text.HAL_GetTick)
    HAL_IncTick                              0x080005fd   Thumb Code    16  py32f002b_hal.o(.text.HAL_IncTick)
    HAL_Init                                 0x08000611   Thumb Code    24  py32f002b_hal.o(.text.HAL_Init)
    HAL_InitTick                             0x08000629   Thumb Code    64  py32f002b_hal.o(.text.HAL_InitTick)
    HAL_MspInit                              0x0800066d   Thumb Code    40  py32f002b_hal_msp.o(.text.HAL_MspInit)
    HAL_NVIC_SetPriority                     0x08000699   Thumb Code    48  py32f002b_hal_cortex.o(.text.HAL_NVIC_SetPriority)
    HAL_RCC_ClockConfig                      0x080006d1   Thumb Code   404  py32f002b_hal_rcc.o(.text.HAL_RCC_ClockConfig)
    HAL_RCC_OscConfig                        0x0800087d   Thumb Code   828  py32f002b_hal_rcc.o(.text.HAL_RCC_OscConfig)
    HAL_SYSTICK_Config                       0x08000bd9   Thumb Code    40  py32f002b_hal_cortex.o(.text.HAL_SYSTICK_Config)
    HardFault_Handler                        0x08000c0d   Thumb Code     2  py32f002b_it.o(.text.HardFault_Handler)
    NMI_Handler                              0x08000c0f   Thumb Code     2  py32f002b_it.o(.text.NMI_Handler)
    PendSV_Handler                           0x08000c11   Thumb Code     2  py32f002b_it.o(.text.PendSV_Handler)
    SVC_Handler                              0x08000c13   Thumb Code     2  py32f002b_it.o(.text.SVC_Handler)
    SysTick_Handler                          0x08000c15   Thumb Code     8  py32f002b_it.o(.text.SysTick_Handler)
    SystemInit                               0x08000c1d   Thumb Code    64  system_py32f002b.o(.text.SystemInit)
    imu_algo_task                            0x08000c71   Thumb Code   128  main.o(.text.imu_algo_task)
    main                                     0x08000d19   Thumb Code   116  main.o(.text.main)
    qst_fusion_init                          0x08000d9d   Thumb Code   872  imualgo_axis9.o(.text.qst_fusion_init)
    qst_fusion_nomag_rotation_matrix         0x08001111   Thumb Code   308  imualgo_axis9.o(.text.qst_fusion_nomag_rotation_matrix)
    qst_fusion_update                        0x0800124d   Thumb Code  2640  imualgo_axis9.o(.text.qst_fusion_update)
    set_cutoff_frequency                     0x08001cbd   Thumb Code   140  imualgo_axis9.o(.text.set_cutoff_frequency)
    wrap_PI                                  0x08001d55   Thumb Code    64  imualgo_axis9.o(.text.wrap_PI)
    __ARM_common_ll_muluu                    0x08001da5   Thumb Code    50  rredf.o(i.__ARM_common_ll_muluu)
    __ARM_fpclassifyf                        0x08001dd7   Thumb Code    34  fpclassifyf.o(i.__ARM_fpclassifyf)
    __mathlib_flt_infnan                     0x08001df9   Thumb Code    10  funder.o(i.__mathlib_flt_infnan)
    __mathlib_flt_infnan2                    0x08001e03   Thumb Code     8  funder.o(i.__mathlib_flt_infnan2)
    __mathlib_flt_invalid                    0x08001e0b   Thumb Code    12  funder.o(i.__mathlib_flt_invalid)
    __mathlib_flt_underflow                  0x08001e17   Thumb Code    14  funder.o(i.__mathlib_flt_underflow)
    __mathlib_rredf2                         0x08001e25   Thumb Code   366  rredf.o(i.__mathlib_rredf2)
    __scatterload_copy                       0x08001fa5   Thumb Code    14  handlers.o(i.__scatterload_copy)
    __scatterload_null                       0x08001fb3   Thumb Code     2  handlers.o(i.__scatterload_null)
    __scatterload_zeroinit                   0x08001fb5   Thumb Code    14  handlers.o(i.__scatterload_zeroinit)
    __set_errno                              0x08001fc5   Thumb Code     6  errno.o(i.__set_errno)
    asinf                                    0x08001fd1   Thumb Code   242  asinf.o(i.asinf)
    atan2f                                   0x080020e9   Thumb Code   592  atan2f.o(i.atan2f)
    cosf                                     0x08002385   Thumb Code   318  cosf.o(i.cosf)
    sinf                                     0x080024fd   Thumb Code   330  sinf.o(i.sinf)
    sqrtf                                    0x08002681   Thumb Code    44  sqrtf.o(i.sqrtf)
    tanf                                     0x080026ad   Thumb Code   312  tanf.o(i.tanf)
    AHBPrescTable                            0x0800283c   Data          64  system_py32f002b.o(.rodata.AHBPrescTable)
    Region$$Table$$Base                      0x0800289c   Number         0  anon$$obj.o(Region$$Table)
    Region$$Table$$Limit                     0x080028bc   Number         0  anon$$obj.o(Region$$Table)
    fusion_nomag_q0                          0x20000004   Data           4  imualgo_axis9.o(.data..L_MergedGlobals)
    fusion_nomag_kp                          0x20000008   Data           4  imualgo_axis9.o(.data..L_MergedGlobals)
    fusion_nomag_ki                          0x2000000c   Data           4  imualgo_axis9.o(.data..L_MergedGlobals)
    gyro_max                                 0x20000010   Data           4  imualgo_axis9.o(.data..L_MergedGlobals)
    fusion_nomag_rot_mat                     0x20000014   Data          36  imualgo_axis9.o(.data..L_MergedGlobals)
    SystemCoreClock                          0x20000038   Data           4  system_py32f002b.o(.data.SystemCoreClock)
    accel_filter                             0x2000003c   Data          20  imualgo_axis9.o(.data.accel_filter)
    dt                                       0x20000050   Data           4  main.o(.data.dt)
    gyro_filter                              0x20000054   Data          20  imualgo_axis9.o(.data.gyro_filter)
    uwTickFreq                               0x20000068   Data           4  py32f002b_hal.o(.data.uwTickFreq)
    uwTickPrio                               0x2000006c   Data           4  py32f002b_hal.o(.data.uwTickPrio)
    qmi8658_chip_id                          0x20000070   Data           1  imualgo_axis9.o(.bss..L_MergedGlobals.1)
    fusion_inited                            0x20000071   Data           1  imualgo_axis9.o(.bss..L_MergedGlobals.1)
    imu_offset_static                        0x20000072   Data           1  imualgo_axis9.o(.bss..L_MergedGlobals.1)
    cali_count_static                        0x20000074   Data           2  imualgo_axis9.o(.bss..L_MergedGlobals.1)
    sum_counter                              0x20000076   Data           2  imualgo_axis9.o(.bss..L_MergedGlobals.1)
    region_detect_read_reg                   0x20000078   Data           4  imualgo_axis9.o(.bss..L_MergedGlobals.1)
    fusion_nomag_q1                          0x2000007c   Data           4  imualgo_axis9.o(.bss..L_MergedGlobals.1)
    fusion_nomag_q2                          0x20000080   Data           4  imualgo_axis9.o(.bss..L_MergedGlobals.1)
    fusion_nomag_q3                          0x20000084   Data           4  imualgo_axis9.o(.bss..L_MergedGlobals.1)
    fusion_nomag_exInt                       0x20000088   Data           4  imualgo_axis9.o(.bss..L_MergedGlobals.1)
    fusion_nomag_eyInt                       0x2000008c   Data           4  imualgo_axis9.o(.bss..L_MergedGlobals.1)
    fusion_nomag_ezInt                       0x20000090   Data           4  imualgo_axis9.o(.bss..L_MergedGlobals.1)
    yaw_init                                 0x20000094   Data           4  imualgo_axis9.o(.bss..L_MergedGlobals.1)
    static_delay                             0x20000098   Data           4  imualgo_axis9.o(.bss..L_MergedGlobals.1)
    static_flag                              0x2000009c   Data           4  imualgo_axis9.o(.bss..L_MergedGlobals.1)
    sum_gz                                   0x200000a0   Data           4  imualgo_axis9.o(.bss..L_MergedGlobals.1)
    gyro_static_offset                       0x200000a4   Data          12  imualgo_axis9.o(.bss..L_MergedGlobals.1)
    gyro_staticn_sum                         0x200000b0   Data          12  imualgo_axis9.o(.bss..L_MergedGlobals.1)
    accel_buffer_speed                       0x200000bc   Data          40  imualgo_axis9.o(.bss..L_MergedGlobals.1)
    accel_buf                                0x200000e4   Data          24  main.o(.bss.accel_buf)
    accel_correct                            0x200000fc   Data          12  main.o(.bss.accel_correct)
    accl                                     0x20000108   Data          12  main.o(.bss.accl)
    euler_angle                              0x20000114   Data          12  main.o(.bss.euler_angle)
    gyro                                     0x20000120   Data          12  main.o(.bss.gyro)
    gyro_buf                                 0x2000012c   Data          24  main.o(.bss.gyro_buf)
    gyro_buffer_speed                        0x20000144   Data          40  imualgo_axis9.o(.bss.gyro_buffer_speed)
    gyro_correct                             0x2000016c   Data          12  main.o(.bss.gyro_correct)
    line_acc                                 0x20000178   Data          12  main.o(.bss.line_acc)
    quater                                   0x20000184   Data          16  main.o(.bss.quater)
    uwTick                                   0x20000194   Data           4  py32f002b_hal.o(.bss.uwTick)
    __initial_sp                             0x20000598   Data           0  startup_py32f002bxx.o(STACK)



==============================================================================

Memory Map of the image

  Image Entry point : 0x080000c1

  Load Region LR_IROM1 (Base: 0x08000000, Size: 0x00002930, Max: 0x00006000, ABSOLUTE)

    Execution Region ER_IROM1 (Exec base: 0x08000000, Load base: 0x08000000, Size: 0x000028bc, Max: 0x00006000, ABSOLUTE)

    Exec Addr    Load Addr    Size         Type   Attr      Idx    E Section Name        Object

    0x08000000   0x08000000   0x000000c0   Data   RO            3    RESET               startup_py32f002bxx.o
    0x080000c0   0x080000c0   0x00000000   Code   RO          346  * .ARM.Collect$$$$00000000  mc_p.l(entry.o)
    0x080000c0   0x080000c0   0x00000004   Code   RO          398    .ARM.Collect$$$$00000001  mc_p.l(entry2.o)
    0x080000c4   0x080000c4   0x00000004   Code   RO          401    .ARM.Collect$$$$00000004  mc_p.l(entry5.o)
    0x080000c8   0x080000c8   0x00000000   Code   RO          403    .ARM.Collect$$$$00000008  mc_p.l(entry7b.o)
    0x080000c8   0x080000c8   0x00000000   Code   RO          405    .ARM.Collect$$$$0000000A  mc_p.l(entry8b.o)
    0x080000c8   0x080000c8   0x00000008   Code   RO          406    .ARM.Collect$$$$0000000B  mc_p.l(entry9a.o)
    0x080000d0   0x080000d0   0x00000000   Code   RO          408    .ARM.Collect$$$$0000000D  mc_p.l(entry10a.o)
    0x080000d0   0x080000d0   0x00000000   Code   RO          410    .ARM.Collect$$$$0000000F  mc_p.l(entry11a.o)
    0x080000d0   0x080000d0   0x00000004   Code   RO          399    .ARM.Collect$$$$00002712  mc_p.l(entry2.o)
    0x080000d4   0x080000d4   0x0000001c   Code   RO            4    .text               startup_py32f002bxx.o
    0x080000f0   0x080000f0   0x00000024   Code   RO          355    .text               mc_p.l(memseta.o)
    0x08000114   0x08000114   0x000000b2   Code   RO          357    .text               mf_p.l(fadd.o)
    0x080001c6   0x080001c6   0x0000007a   Code   RO          359    .text               mf_p.l(fmul.o)
    0x08000240   0x08000240   0x0000007c   Code   RO          361    .text               mf_p.l(fdiv.o)
    0x080002bc   0x080002bc   0x0000001c   Code   RO          363    .text               mf_p.l(fcmple.o)
    0x080002d8   0x080002d8   0x0000001c   Code   RO          365    .text               mf_p.l(fcmplt.o)
    0x080002f4   0x080002f4   0x0000001c   Code   RO          367    .text               mf_p.l(fcmpge.o)
    0x08000310   0x08000310   0x0000001c   Code   RO          369    .text               mf_p.l(fcmpgt.o)
    0x0800032c   0x0800032c   0x0000002c   Code   RO          371    .text               mf_p.l(dcmple.o)
    0x08000358   0x08000358   0x0000002c   Code   RO          373    .text               mf_p.l(dcmpgt.o)
    0x08000384   0x08000384   0x00000028   Code   RO          375    .text               mf_p.l(f2d.o)
    0x080003ac   0x080003ac   0x0000003e   Code   RO          416    .text               mc_p.l(uidiv_div0.o)
    0x080003ea   0x080003ea   0x00000000   Code   RO          429    .text               mc_p.l(iusefp.o)
    0x080003ea   0x080003ea   0x00000082   Code   RO          430    .text               mf_p.l(fepilogue.o)
    0x0800046c   0x0800046c   0x00000018   Code   RO          432    .text               mf_p.l(fscalb.o)
    0x08000484   0x08000484   0x00000058   Code   RO          434    .text               mf_p.l(fsqrt.o)
    0x080004dc   0x080004dc   0x0000003e   Code   RO          436    .text               mf_p.l(frnd.o)
    0x0800051a   0x0800051a   0x00000032   Code   RO          438    .text               mf_p.l(ffixi.o)
    0x0800054c   0x0800054c   0x00000024   Code   RO          440    .text               mc_p.l(init.o)
    0x08000570   0x08000570   0x00000016   Code   RO          442    .text               mf_p.l(fflti.o)
    0x08000586   0x08000586   0x0000000e   Code   RO          444    .text               mf_p.l(ffltui.o)
    0x08000594   0x08000594   0x00000060   Code   RO          290    .text.Filter_Apply  imualgo_axis9.lib(imualgo_axis9.o)
    0x080005f4   0x080005f4   0x00000008   Code   RO           90    .text.HAL_GetTick   py32f002b_hal.o
    0x080005fc   0x080005fc   0x00000014   Code   RO           88    .text.HAL_IncTick   py32f002b_hal.o
    0x08000610   0x08000610   0x00000018   Code   RO           78    .text.HAL_Init      py32f002b_hal.o
    0x08000628   0x08000628   0x00000044   Code   RO           80    .text.HAL_InitTick  py32f002b_hal.o
    0x0800066c   0x0800066c   0x0000002c   Code   RO           53    .text.HAL_MspInit   py32f002b_hal_msp.o
    0x08000698   0x08000698   0x00000038   Code   RO          254    .text.HAL_NVIC_SetPriority  py32f002b_hal_cortex.o
    0x080006d0   0x080006d0   0x000001ac   Code   RO          155    .text.HAL_RCC_ClockConfig  py32f002b_hal_rcc.o
    0x0800087c   0x0800087c   0x0000035c   Code   RO          151    .text.HAL_RCC_OscConfig  py32f002b_hal_rcc.o
    0x08000bd8   0x08000bd8   0x00000034   Code   RO          262    .text.HAL_SYSTICK_Config  py32f002b_hal_cortex.o
    0x08000c0c   0x08000c0c   0x00000002   Code   RO           63    .text.HardFault_Handler  py32f002b_it.o
    0x08000c0e   0x08000c0e   0x00000002   Code   RO           61    .text.NMI_Handler   py32f002b_it.o
    0x08000c10   0x08000c10   0x00000002   Code   RO           67    .text.PendSV_Handler  py32f002b_it.o
    0x08000c12   0x08000c12   0x00000002   Code   RO           65    .text.SVC_Handler   py32f002b_it.o
    0x08000c14   0x08000c14   0x00000008   Code   RO           69    .text.SysTick_Handler  py32f002b_it.o
    0x08000c1c   0x08000c1c   0x00000054   Code   RO           13    .text.SystemInit    system_py32f002b.o
    0x08000c70   0x08000c70   0x000000a8   Code   RO           29    .text.imu_algo_task  main.o
    0x08000d18   0x08000d18   0x00000084   Code   RO           31    .text.main          main.o
    0x08000d9c   0x08000d9c   0x00000374   Code   RO          298    .text.qst_fusion_init  imualgo_axis9.lib(imualgo_axis9.o)
    0x08001110   0x08001110   0x0000013c   Code   RO          296    .text.qst_fusion_nomag_rotation_matrix  imualgo_axis9.lib(imualgo_axis9.o)
    0x0800124c   0x0800124c   0x00000a70   Code   RO          300    .text.qst_fusion_update  imualgo_axis9.lib(imualgo_axis9.o)
    0x08001cbc   0x08001cbc   0x00000098   Code   RO          288    .text.set_cutoff_frequency  imualgo_axis9.lib(imualgo_axis9.o)
    0x08001d54   0x08001d54   0x00000050   Code   RO          294    .text.wrap_PI       imualgo_axis9.lib(imualgo_axis9.o)
    0x08001da4   0x08001da4   0x00000032   Code   RO          396    i.__ARM_common_ll_muluu  m_ps.l(rredf.o)
    0x08001dd6   0x08001dd6   0x00000022   Code   RO          377    i.__ARM_fpclassifyf  m_ps.l(fpclassifyf.o)
    0x08001df8   0x08001df8   0x0000000a   Code   RO          380    i.__mathlib_flt_infnan  m_ps.l(funder.o)
    0x08001e02   0x08001e02   0x00000008   Code   RO          381    i.__mathlib_flt_infnan2  m_ps.l(funder.o)
    0x08001e0a   0x08001e0a   0x0000000c   Code   RO          382    i.__mathlib_flt_invalid  m_ps.l(funder.o)
    0x08001e16   0x08001e16   0x0000000e   Code   RO          385    i.__mathlib_flt_underflow  m_ps.l(funder.o)
    0x08001e24   0x08001e24   0x00000180   Code   RO          393    i.__mathlib_rredf2  m_ps.l(rredf.o)
    0x08001fa4   0x08001fa4   0x0000000e   Code   RO          448    i.__scatterload_copy  mc_p.l(handlers.o)
    0x08001fb2   0x08001fb2   0x00000002   Code   RO          449    i.__scatterload_null  mc_p.l(handlers.o)
    0x08001fb4   0x08001fb4   0x0000000e   Code   RO          450    i.__scatterload_zeroinit  mc_p.l(handlers.o)
    0x08001fc2   0x08001fc2   0x00000002   PAD
    0x08001fc4   0x08001fc4   0x0000000c   Code   RO          424    i.__set_errno       mc_p.l(errno.o)
    0x08001fd0   0x08001fd0   0x00000118   Code   RO          323    i.asinf             m_ps.l(asinf.o)
    0x080020e8   0x080020e8   0x0000029c   Code   RO          327    i.atan2f            m_ps.l(atan2f.o)
    0x08002384   0x08002384   0x00000178   Code   RO          331    i.cosf              m_ps.l(cosf.o)
    0x080024fc   0x080024fc   0x00000184   Code   RO          335    i.sinf              m_ps.l(sinf.o)
    0x08002680   0x08002680   0x0000002c   Code   RO          339    i.sqrtf             m_ps.l(sqrtf.o)
    0x080026ac   0x080026ac   0x00000170   Code   RO          343    i.tanf              m_ps.l(tanf.o)
    0x0800281c   0x0800281c   0x00000020   Data   RO          394    .constdata          m_ps.l(rredf.o)
    0x0800283c   0x0800283c   0x00000040   Data   RO           16    .rodata.AHBPrescTable  system_py32f002b.o
    0x0800287c   0x0800287c   0x00000020   Data   RO          177    .rodata.cst32       py32f002b_hal_rcc.o
    0x0800289c   0x0800289c   0x00000020   Data   RO          447    Region$$Table       anon$$obj.o


    Execution Region RW_IRAM1 (Exec base: 0x20000000, Load base: 0x080028c0, Size: 0x00000598, Max: 0x00000c00, ABSOLUTE)

    Exec Addr    Load Addr    Size         Type   Attr      Idx    E Section Name        Object

    0x20000000   0x080028c0   0x00000004   Data   RW          425    .data               mc_p.l(errno.o)
    0x20000004   0x080028c4   0x00000034   Data   RW          313    .data..L_MergedGlobals  imualgo_axis9.lib(imualgo_axis9.o)
    0x20000038   0x080028f8   0x00000004   Data   RW           15    .data.SystemCoreClock  system_py32f002b.o
    0x2000003c   0x080028fc   0x00000014   Data   RW          306    .data.accel_filter  imualgo_axis9.lib(imualgo_axis9.o)
    0x20000050   0x08002910   0x00000004   Data   RW           37    .data.dt            main.o
    0x20000054   0x08002914   0x00000014   Data   RW          305    .data.gyro_filter   imualgo_axis9.lib(imualgo_axis9.o)
    0x20000068   0x08002928   0x00000004   Data   RW          139    .data.uwTickFreq    py32f002b_hal.o
    0x2000006c   0x0800292c   0x00000004   Data   RW          138    .data.uwTickPrio    py32f002b_hal.o
    0x20000070        -       0x00000074   Zero   RW          314    .bss..L_MergedGlobals.1  imualgo_axis9.lib(imualgo_axis9.o)
    0x200000e4        -       0x00000018   Zero   RW           42    .bss.accel_buf      main.o
    0x200000fc        -       0x0000000c   Zero   RW           35    .bss.accel_correct  main.o
    0x20000108        -       0x0000000c   Zero   RW           41    .bss.accl           main.o
    0x20000114        -       0x0000000c   Zero   RW           38    .bss.euler_angle    main.o
    0x20000120        -       0x0000000c   Zero   RW           43    .bss.gyro           main.o
    0x2000012c        -       0x00000018   Zero   RW           44    .bss.gyro_buf       main.o
    0x20000144        -       0x00000028   Zero   RW          309    .bss.gyro_buffer_speed  imualgo_axis9.lib(imualgo_axis9.o)
    0x2000016c        -       0x0000000c   Zero   RW           36    .bss.gyro_correct   main.o
    0x20000178        -       0x0000000c   Zero   RW           40    .bss.line_acc       main.o
    0x20000184        -       0x00000010   Zero   RW           39    .bss.quater         main.o
    0x20000194        -       0x00000004   Zero   RW          140    .bss.uwTick         py32f002b_hal.o
    0x20000198        -       0x00000400   Zero   RW            1    STACK               startup_py32f002bxx.o


==============================================================================

Image component sizes


      Code (inc. data)   RO Data    RW Data    ZI Data      Debug   Object Name

       300         56          0          4        136       2443   main.o
       120          8          0          8          4       6772   py32f002b_hal.o
       108         20          0          0          0       5168   py32f002b_hal_cortex.o
        44          4          0          0          0       1361   py32f002b_hal_msp.o
      1288         56         32          0          0       7796   py32f002b_hal_rcc.o
        16          0          0          0          0        760   py32f002b_it.o
        28          8        192          0       1024        676   startup_py32f002bxx.o
        84         20         64          4          0       2235   system_py32f002b.o

    ----------------------------------------------------------------------
      1988        172        320         16       1164      27211   Object Totals
         0          0         32          0          0          0   (incl. Generated)
         0          0          0          0          0          0   (incl. Padding)

    ----------------------------------------------------------------------

      Code (inc. data)   RO Data    RW Data    ZI Data      Debug   Library Member Name

      4200        164          0         92        156      12120   imualgo_axis9.o
       280         38          0          0          0         76   asinf.o
       668         76          0          0          0        120   atan2f.o
       376         58          0          0          0        104   cosf.o
        34          0          0          0          0         60   fpclassifyf.o
        44          0          0          0          0        272   funder.o
       434         18         32          0          0        168   rredf.o
       388         58          0          0          0        104   sinf.o
        44          0          0          0          0         72   sqrtf.o
       368         56          0          0          0        100   tanf.o
         0          0          0          0          0          0   entry.o
         0          0          0          0          0          0   entry10a.o
         0          0          0          0          0          0   entry11a.o
         8          4          0          0          0          0   entry2.o
         4          0          0          0          0          0   entry5.o
         0          0          0          0          0          0   entry7b.o
         0          0          0          0          0          0   entry8b.o
         8          4          0          0          0          0   entry9a.o
        12          6          0          4          0         60   errno.o
        30          0          0          0          0          0   handlers.o
        36          8          0          0          0         68   init.o
         0          0          0          0          0          0   iusefp.o
        36          0          0          0          0        100   memseta.o
        62          0          0          0          0         72   uidiv_div0.o
        44          0          0          0          0         68   dcmpgt.o
        44          0          0          0          0         68   dcmple.o
        40          0          0          0          0         60   f2d.o
       178          0          0          0          0        108   fadd.o
        28          0          0          0          0         60   fcmpge.o
        28          0          0          0          0         60   fcmpgt.o
        28          0          0          0          0         60   fcmple.o
        28          0          0          0          0         60   fcmplt.o
       124          0          0          0          0         72   fdiv.o
       130          0          0          0          0        144   fepilogue.o
        50          0          0          0          0         60   ffixi.o
        22          0          0          0          0         68   fflti.o
        14          0          0          0          0         68   ffltui.o
       122          0          0          0          0         72   fmul.o
        62          0          0          0          0         68   frnd.o
        24          0          0          0          0         60   fscalb.o
        88          0          0          0          0         72   fsqrt.o

    ----------------------------------------------------------------------
      8088        490         32         96        156      14724   Library Totals
         2          0          0          0          0          0   (incl. Padding)

    ----------------------------------------------------------------------

      Code (inc. data)   RO Data    RW Data    ZI Data      Debug   Library Name

      4200        164          0         92        156      12120   imualgo_axis9.lib
      2636        304         32          0          0       1076   m_ps.l
       196         22          0          4          0        300   mc_p.l
      1054          0          0          0          0       1228   mf_p.l

    ----------------------------------------------------------------------
      8088        490         32         96        156      14724   Library Totals

    ----------------------------------------------------------------------

==============================================================================


      Code (inc. data)   RO Data    RW Data    ZI Data      Debug   

     10076        662        352        112       1320      40627   Grand Totals
     10076        662        352        112       1320      40627   ELF Image Totals
     10076        662        352        112          0          0   ROM Totals

==============================================================================

    Total RO  Size (Code + RO Data)                10428 (  10.18kB)
    Total RW  Size (RW Data + ZI Data)              1432 (   1.40kB)
    Total ROM Size (Code + RO Data + RW Data)      10540 (  10.29kB)

==============================================================================

