Component: Arm Compiler for Embedded 6.19 Tool: armlink [5e73cb00]

==============================================================================

Section Cross References

    flash_handle.o(.ARM.exidx.text.flash_read_data) refers to flash_handle.o(.text.flash_read_data) for [Anonymous Symbol]
    flash_handle.o(.text.device_pair_id_read) refers to function_handle.o(.bss.packet_dat) for packet_dat
    flash_handle.o(.ARM.exidx.text.device_pair_id_read) refers to flash_handle.o(.text.device_pair_id_read) for [Anonymous Symbol]
    function_handle.o(.ARM.exidx.text.send_data_check_set) refers to function_handle.o(.text.send_data_check_set) for [Anonymous Symbol]
    function_handle.o(.text.send_key_ntc_packet) refers to led_driver.o(.text.led_open) for led_open
    function_handle.o(.text.send_key_ntc_packet) refers to function_handle.o(.text.send_data_check_set) for send_data_check_set
    function_handle.o(.text.send_key_ntc_packet) refers to app.o(.text.re_send_enable) for re_send_enable
    function_handle.o(.text.send_key_ntc_packet) refers to function_handle.o(.bss.packet_dat) for packet_dat
    function_handle.o(.text.send_key_ntc_packet) refers to app.o(.bss.dev_st) for dev_st
    function_handle.o(.ARM.exidx.text.send_key_ntc_packet) refers to function_handle.o(.text.send_key_ntc_packet) for [Anonymous Symbol]
    function_handle.o(.ARM.exidx.text.send_sensor_packet) refers to function_handle.o(.text.send_sensor_packet) for [Anonymous Symbol]
    qmi8658a_driver.o(.text.qmi8658a_write_byte) refers to i2c_driver.o(.text.i2c_write_byte) for i2c_write_byte
    qmi8658a_driver.o(.text.qmi8658a_write_byte) refers to py32f002b_ll_utils.o(.text.WaitMs) for WaitMs
    qmi8658a_driver.o(.ARM.exidx.text.qmi8658a_write_byte) refers to qmi8658a_driver.o(.text.qmi8658a_write_byte) for [Anonymous Symbol]
    qmi8658a_driver.o(.text.qmi8658a_read_byte) refers to i2c_driver.o(.text.i2c_read_byte) for i2c_read_byte
    qmi8658a_driver.o(.ARM.exidx.text.qmi8658a_read_byte) refers to qmi8658a_driver.o(.text.qmi8658a_read_byte) for [Anonymous Symbol]
    qmi8658a_driver.o(.text.qmi8658a_init) refers to qmi8658a_driver.o(.text.qmi8658a_write_byte) for qmi8658a_write_byte
    qmi8658a_driver.o(.text.qmi8658a_init) refers to py32f002b_ll_utils.o(.text.WaitMs) for WaitMs
    qmi8658a_driver.o(.text.qmi8658a_init) refers to qmi8658a_driver.o(.text.qmi8658a_read_byte) for qmi8658a_read_byte
    qmi8658a_driver.o(.ARM.exidx.text.qmi8658a_init) refers to qmi8658a_driver.o(.text.qmi8658a_init) for [Anonymous Symbol]
    qmi8658a_driver.o(.text.qmi8658a_read_accel_float) refers to qmi8658a_driver.o(.text.qmi8658a_read_byte) for qmi8658a_read_byte
    qmi8658a_driver.o(.text.qmi8658a_read_accel_float) refers to fflti.o(.text) for __aeabi_i2f
    qmi8658a_driver.o(.text.qmi8658a_read_accel_float) refers to fmul.o(.text) for __aeabi_fmul
    qmi8658a_driver.o(.ARM.exidx.text.qmi8658a_read_accel_float) refers to qmi8658a_driver.o(.text.qmi8658a_read_accel_float) for [Anonymous Symbol]
    qmi8658a_driver.o(.text.qmi8658a_read_gyro_float) refers to qmi8658a_driver.o(.text.qmi8658a_read_byte) for qmi8658a_read_byte
    qmi8658a_driver.o(.text.qmi8658a_read_gyro_float) refers to fflti.o(.text) for __aeabi_i2f
    qmi8658a_driver.o(.text.qmi8658a_read_gyro_float) refers to fmul.o(.text) for __aeabi_fmul
    qmi8658a_driver.o(.text.qmi8658a_read_gyro_float) refers to fdiv.o(.text) for __aeabi_fdiv
    qmi8658a_driver.o(.ARM.exidx.text.qmi8658a_read_gyro_float) refers to qmi8658a_driver.o(.text.qmi8658a_read_gyro_float) for [Anonymous Symbol]
    qmi8658a_driver.o(.text.qmi8658a_read_sensors_float) refers to qmi8658a_driver.o(.text.qmi8658a_read_accel_float) for qmi8658a_read_accel_float
    qmi8658a_driver.o(.text.qmi8658a_read_sensors_float) refers to qmi8658a_driver.o(.text.qmi8658a_read_gyro_float) for qmi8658a_read_gyro_float
    qmi8658a_driver.o(.ARM.exidx.text.qmi8658a_read_sensors_float) refers to qmi8658a_driver.o(.text.qmi8658a_read_sensors_float) for [Anonymous Symbol]
    qmi8658a_driver.o(.text.qmi8658_read_reg) refers to i2c_driver.o(.text.i2c_read_byte) for i2c_read_byte
    qmi8658a_driver.o(.ARM.exidx.text.qmi8658_read_reg) refers to qmi8658a_driver.o(.text.qmi8658_read_reg) for [Anonymous Symbol]
    qmi8658a_driver.o(.text.qst_algo_init) refers to imualgo_axis9.o(.text.set_cutoff_frequency) for set_cutoff_frequency
    qmi8658a_driver.o(.text.qst_algo_init) refers to imualgo_axis9.o(.data.gyro_filter) for gyro_filter
    qmi8658a_driver.o(.text.qst_algo_init) refers to imualgo_axis9.o(.data.accel_filter) for accel_filter
    qmi8658a_driver.o(.ARM.exidx.text.qst_algo_init) refers to qmi8658a_driver.o(.text.qst_algo_init) for [Anonymous Symbol]
    qmi8658a_driver.o(.text.qmi8658a_data_process) refers to qmi8658a_driver.o(.text.qmi8658a_read_sensors_float) for qmi8658a_read_sensors_float
    qmi8658a_driver.o(.text.qmi8658a_data_process) refers to imualgo_axis9.o(.text.qst_fusion_update) for qst_fusion_update
[...]
    handlers.s                               0x00000000   Number         0  handlers.o ABSOLUTE
    i2c_driver.c                             0x00000000   Number         0  i2c_driver.o ABSOLUTE
    imualgo_axis9.c                          0x00000000   Number         0  imualgo_axis9.o ABSOLUTE
    init.s                                   0x00000000   Number         0  init.o ABSOLUTE
    keyboard_driver.c                        0x00000000   Number         0  keyboard_driver.o ABSOLUTE
    keyboard_handle.c                        0x00000000   Number         0  keyboard_handle.o ABSOLUTE
    led_driver.c                             0x00000000   Number         0  led_driver.o ABSOLUTE
    main.c                                   0x00000000   Number         0  main.o ABSOLUTE
    ntc_driver.c                             0x00000000   Number         0  ntc_driver.o ABSOLUTE
    ntc_handle.c                             0x00000000   Number         0  ntc_handle.o ABSOLUTE
    power_driver.c                           0x00000000   Number         0  power_driver.o ABSOLUTE
    py32f002b_bsp_clock.c                    0x00000000   Number         0  py32f002b_bsp_clock.o ABSOLUTE
    py32f002b_bsp_printf.c                   0x00000000   Number         0  py32f002b_bsp_printf.o ABSOLUTE
    py32f002b_it.c                           0x00000000   Number         0  py32f002b_it.o ABSOLUTE
    py32f002b_ll_adc.c                       0x00000000   Number         0  py32f002b_ll_adc.o ABSOLUTE
    py32f002b_ll_comp.c                      0x00000000   Number         0  py32f002b_ll_comp.o ABSOLUTE
    py32f002b_ll_crc.c                       0x00000000   Number         0  py32f002b_ll_crc.o ABSOLUTE
    py32f002b_ll_exti.c                      0x00000000   Number         0  py32f002b_ll_exti.o ABSOLUTE
    py32f002b_ll_flash.c                     0x00000000   Number         0  py32f002b_ll_flash.o ABSOLUTE
    py32f002b_ll_gpio.c                      0x00000000   Number         0  py32f002b_ll_gpio.o ABSOLUTE
    py32f002b_ll_i2c.c                       0x00000000   Number         0  py32f002b_ll_i2c.o ABSOLUTE
    py32f002b_ll_lptim.c                     0x00000000   Number         0  py32f002b_ll_lptim.o ABSOLUTE
    py32f002b_ll_pwr.c                       0x00000000   Number         0  py32f002b_ll_pwr.o ABSOLUTE
    py32f002b_ll_rcc.c                       0x00000000   Number         0  py32f002b_ll_rcc.o ABSOLUTE
    py32f002b_ll_spi.c                       0x00000000   Number         0  py32f002b_ll_spi.o ABSOLUTE
    py32f002b_ll_tim.c                       0x00000000   Number         0  py32f002b_ll_tim.o ABSOLUTE
    py32f002b_ll_usart.c                     0x00000000   Number         0  py32f002b_ll_usart.o ABSOLUTE
    py32f002b_ll_utils.c                     0x00000000   Number         0  py32f002b_ll_utils.o ABSOLUTE
    qmi8658a_driver.c                        0x00000000   Number         0  qmi8658a_driver.o ABSOLUTE
    qmi8658a_handle.c                        0x00000000   Number         0  qmi8658a_handle.o ABSOLUTE
    startup_py32f002bxx.s                    0x00000000   Number         0  startup_py32f002bxx.o ABSOLUTE
    system_py32f002b.c                       0x00000000   Number         0  system_py32f002b.o ABSOLUTE
    RESET                                    0x08000000   Section      192  startup_py32f002bxx.o(RESET)
    .ARM.Collect$$$$00000000                 0x080000c0   Section        0  entry.o(.ARM.Collect$$$$00000000)
    .ARM.Collect$$$$00000001                 0x080000c0   Section        4  entry2.o(.ARM.Collect$$$$00000001)
    .ARM.Collect$$$$00000004                 0x080000c4   Section        4  entry5.o(.ARM.Collect$$$$00000004)
    .ARM.Collect$$$$00000008                 0x080000c8   Section        0  entry7b.o(.ARM.Collect$$$$00000008)
    .ARM.Collect$$$$0000000A                 0x080000c8   Section        0  entry8b.o(.ARM.Collect$$$$0000000A)
    .ARM.Collect$$$$0000000B                 0x080000c8   Section        8  entry9a.o(.ARM.Collect$$$$0000000B)
    __lit__00000000                          0x080000d0   Data           4  entry2.o(.ARM.Collect$$$$00002712)
    .ARM.Collect$$$$0000000D                 0x080000d0   Section        0  entry10a.o(.ARM.Collect$$$$0000000D)
    .ARM.Collect$$$$0000000F                 0x080000d0   Section        0  entry11a.o(.ARM.Collect$$$$0000000F)
    .ARM.Collect$$$$00002712                 0x080000d0   Section        4  entry2.o(.ARM.Collect$$$$00002712)
    .text                                    0x080000d4   Section       28  startup_py32f002bxx.o(.text)
    .text                                    0x080000f0   Section        0  uldiv.o(.text)
    .text                                    0x08000150   Section        0  memcpya.o(.text)
    .text                                    0x08000174   Section        0  memseta.o(.text)
    .text                                    0x08000198   Section        0  fadd.o(.text)
    .text                                    0x0800024a   Section        0  fmul.o(.text)
    .text                                    0x080002c4   Section        0  fdiv.o(.text)
    .text                                    0x08000340   Section        0  fcmple.o(.text)
    .text                                    0x0800035c   Section        0  fcmplt.o(.text)
    .text                                    0x08000378   Section        0  fcmpge.o(.text)
    .text                                    0x08000394   Section        0  fcmpgt.o(.text)
    .text                                    0x080003b0   Section        0  dcmple.o(.text)
    .text                                    0x080003dc   Section        0  dcmpgt.o(.text)
    .text                                    0x08000408   Section        0  fflti.o(.text)
    .text                                    0x0800041e   Section        0  ffixi.o(.text)
    .text                                    0x08000450   Section        0  f2d.o(.text)
    .text                                    0x08000478   Section        0  uidiv_div0.o(.text)
    .text                                    0x080004b6   Section        0  llshl.o(.text)
    .text                                    0x080004d6   Section        0  llushr.o(.text)
    .text                                    0x080004f8   Section        0  iusefp.o(.text)
    .text                                    0x080004f8   Section        0  fepilogue.o(.text)
    .text                                    0x0800057a   Section        0  fscalb.o(.text)
    .text                                    0x08000592   Section        0  fsqrt.o(.text)
    .text                                    0x080005ea   Section        0  frnd.o(.text)
    .text                                    0x08000628   Section       36  init.o(.text)
    .text                                    0x0800064c   Section        0  ffltui.o(.text)
    [Anonymous Symbol]                       0x0800065c   Section        0  py32f002b_bsp_clock.o(.text.BSP_RCC_HSI_48MConfig)
    __arm_cp.1_0                             0x080006b8   Number         4  py32f002b_bsp_clock.o(.text.BSP_RCC_HSI_48MConfig)
    __arm_cp.1_1                             0x080006bc   Number         4  py32f002b_bsp_clock.o(.text.BSP_RCC_HSI_48MConfig)
    __arm_cp.1_2                             0x080006c0   Number         4  py32f002b_bsp_clock.o(.text.BSP_RCC_HSI_48MConfig)
    __arm_cp.1_3                             0x080006c4   Number         4  py32f002b_bsp_clock.o(.text.BSP_RCC_HSI_48MConfig)
    __arm_cp.1_4                             0x080006c8   Number         4  py32f002b_bsp_clock.o(.text.BSP_RCC_HSI_48MConfig)
    [Anonymous Symbol]                       0x080006cc   Section        0  imualgo_axis9.o(.text.Filter_Apply)
    [Anonymous Symbol]                       0x0800072c   Section        0  py32f002b_it.o(.text.HardFault_Handler)
    [Anonymous Symbol]                       0x08000730   Section        0  py32f002b_ll_exti.o(.text.LL_EXTI_Init)
    __arm_cp.1_0                             0x080007cc   Number         4  py32f002b_ll_exti.o(.text.LL_EXTI_Init)
    __arm_cp.1_1                             0x080007d0   Number         4  py32f002b_ll_exti.o(.text.LL_EXTI_Init)
    [Anonymous Symbol]                       0x080007d4   Section        0  py32f002b_ll_gpio.o(.text.LL_GPIO_Init)
    LL_I2C_ClearFlag_ADDR                    0x08000879   Thumb Code    20  i2c_driver.o(.text.LL_I2C_ClearFlag_ADDR)
    [Anonymous Symbol]                       0x08000878   Section        0  i2c_driver.o(.text.LL_I2C_ClearFlag_ADDR)
    __arm_cp.3_0                             0x0800088c   Number         4  i2c_driver.o(.text.LL_I2C_ClearFlag_ADDR)
    [Anonymous Symbol]                       0x08000890   Section        0  py32f002b_ll_i2c.o(.text.LL_I2C_Init)
    __arm_cp.1_0                             0x08000958   Number         4  py32f002b_ll_i2c.o(.text.LL_I2C_Init)
    __arm_cp.1_1                             0x0800095c   Number         4  py32f002b_ll_i2c.o(.text.LL_I2C_Init)
    __arm_cp.1_2                             0x08000960   Number         4  py32f002b_ll_i2c.o(.text.LL_I2C_Init)
    __arm_cp.1_3                             0x08000964   Number         4  py32f002b_ll_i2c.o(.text.LL_I2C_Init)
    LL_IOP_GRP1_EnableClock                  0x08000969   Thumb Code    24  i2c_driver.o(.text.LL_IOP_GRP1_EnableClock)
    [Anonymous Symbol]                       0x08000968   Section        0  i2c_driver.o(.text.LL_IOP_GRP1_EnableClock)
    __arm_cp.1_0                             0x08000980   Number         4  i2c_driver.o(.text.LL_IOP_GRP1_EnableClock)
    [Anonymous Symbol]                       0x08000984   Section        0  py32f002b_ll_utils.o(.text.LL_Init1msTick)
    __arm_cp.0_0                             0x080009a0   Number         4  py32f002b_ll_utils.o(.text.LL_Init1msTick)
    [Anonymous Symbol]                       0x080009a4   Section        0  py32f002b_ll_rcc.o(.text.LL_RCC_GetSystemClocksFreq)
    __arm_cp.1_0                             0x080009d8   Number         4  py32f002b_ll_rcc.o(.text.LL_RCC_GetSystemClocksFreq)
    __arm_cp.1_1                             0x080009dc   Number         4  py32f002b_ll_rcc.o(.text.LL_RCC_GetSystemClocksFreq)
    __arm_cp.1_2                             0x080009e0   Number         4  py32f002b_ll_rcc.o(.text.LL_RCC_GetSystemClocksFreq)
    LL_RCC_LSI_GetFreq                       0x080009e5   Thumb Code    48  py32f002b_ll_rcc.o(.text.LL_RCC_LSI_GetFreq)
    [Anonymous Symbol]                       0x080009e4   Section        0  py32f002b_ll_rcc.o(.text.LL_RCC_LSI_GetFreq)
    __arm_cp.6_0                             0x08000a14   Number         4  py32f002b_ll_rcc.o(.text.LL_RCC_LSI_GetFreq)
    __arm_cp.6_1                             0x08000a18   Number         4  py32f002b_ll_rcc.o(.text.LL_RCC_LSI_GetFreq)
    __arm_cp.6_2                             0x08000a1c   Number         4  py32f002b_ll_rcc.o(.text.LL_RCC_LSI_GetFreq)
    [Anonymous Symbol]                       0x08000a20   Section        0  py32f002b_ll_utils.o(.text.LL_SetSystemCoreClock)
    __arm_cp.7_0                             0x08000a28   Number         4  py32f002b_ll_utils.o(.text.LL_SetSystemCoreClock)
    [Anonymous Symbol]                       0x08000a2c   Section        0  py32f002b_ll_tim.o(.text.LL_TIM_Init)
    __arm_cp.2_0                             0x08000a74   Number         4  py32f002b_ll_tim.o(.text.LL_TIM_Init)
    __arm_cp.2_1                             0x08000a78   Number         4  py32f002b_ll_tim.o(.text.LL_TIM_Init)
    [Anonymous Symbol]                       0x08000a7c   Section        0  py32f002b_it.o(.text.NMI_Handler)
    [Anonymous Symbol]                       0x08000a7e   Section        0  py32f002b_it.o(.text.PendSV_Handler)
    [Anonymous Symbol]                       0x08000a80   Section        0  py32f002b_ll_rcc.o(.text.RCC_GetSystemClockFreq)
    __arm_cp.2_0                             0x08000ab0   Number         4  py32f002b_ll_rcc.o(.text.RCC_GetSystemClockFreq)
    __arm_cp.2_1                             0x08000ab4   Number         4  py32f002b_ll_rcc.o(.text.RCC_GetSystemClockFreq)
    __arm_cp.2_2                             0x08000ab8   Number         4  py32f002b_ll_rcc.o(.text.RCC_GetSystemClockFreq)
    [Anonymous Symbol]                       0x08000abc   Section        0  segger_rtt.o(.text.SEGGER_RTT_Write)
    [Anonymous Symbol]                       0x08000aec   Section        0  segger_rtt.o(.text.SEGGER_RTT_WriteNoLock)
    __arm_cp.11_0                            0x08000b50   Number         4  segger_rtt.o(.text.SEGGER_RTT_WriteNoLock)
    [Anonymous Symbol]                       0x08000b54   Section        0  segger_rtt_printf.o(.text.SEGGER_RTT_vprintf)
    [Anonymous Symbol]                       0x08000dce   Section        0  py32f002b_it.o(.text.SVC_Handler)
    [Anonymous Symbol]                       0x08000dd0   Section        0  py32f002b_it.o(.text.SysTick_Handler)
    [Anonymous Symbol]                       0x08000dd4   Section        0  system_py32f002b.o(.text.SystemInit)
    __arm_cp.1_0                             0x08000e14   Number         4  system_py32f002b.o(.text.SystemInit)
    __arm_cp.1_1                             0x08000e18   Number         4  system_py32f002b.o(.text.SystemInit)
    __arm_cp.1_2                             0x08000e1c   Number         4  system_py32f002b.o(.text.SystemInit)
    __arm_cp.1_3                             0x08000e20   Number         4  system_py32f002b.o(.text.SystemInit)
    __arm_cp.1_4                             0x08000e24   Number         4  system_py32f002b.o(.text.SystemInit)
    __arm_cp.1_5                             0x08000e28   Number         4  system_py32f002b.o(.text.SystemInit)
    [Anonymous Symbol]                       0x08000e2c   Section        0  qmi8658a_driver.o(.text.TIM14_IRQHandler)
    __arm_cp.13_0                            0x08000e4c   Number         4  qmi8658a_driver.o(.text.TIM14_IRQHandler)
    __arm_cp.13_1                            0x08000e50   Number         4  qmi8658a_driver.o(.text.TIM14_IRQHandler)
    [Anonymous Symbol]                       0x08000e54   Section        0  433_send_driver.o(.text.TIM1_BRK_UP_TRG_COM_IRQHandler)
    __arm_cp.2_0                             0x08000ea4   Number         4  433_send_driver.o(.text.TIM1_BRK_UP_TRG_COM_IRQHandler)
    __arm_cp.2_1                             0x08000ea8   Number         4  433_send_driver.o(.text.TIM1_BRK_UP_TRG_COM_IRQHandler)
    __arm_cp.2_2                             0x08000eac   Number         4  433_send_driver.o(.text.TIM1_BRK_UP_TRG_COM_IRQHandler)
    [Anonymous Symbol]                       0x08000eb0   Section        0  py32f002b_ll_utils.o(.text.WaitMs)
    [Anonymous Symbol]                       0x08000eca   Section        0  py32f002b_ll_utils.o(.text.WaitUs)
    _DoInit                                  0x08000ee1   Thumb Code    76  segger_rtt.o(.text._DoInit)
    [Anonymous Symbol]                       0x08000ee0   Section        0  segger_rtt.o(.text._DoInit)
    __arm_cp.1_0                             0x08000f2c   Number         4  segger_rtt.o(.text._DoInit)
    __arm_cp.1_1                             0x08000f30   Number         4  segger_rtt.o(.text._DoInit)
    __arm_cp.1_2                             0x08000f34   Number         4  segger_rtt.o(.text._DoInit)
    __arm_cp.1_3                             0x08000f38   Number         4  segger_rtt.o(.text._DoInit)
    _DoInit._aInitStr                        0x08000f3c   Number         0  segger_rtt.o(.text._DoInit)
    _GetAvailWriteSpace                      0x08000f51   Thumb Code    22  segger_rtt.o(.text._GetAvailWriteSpace)
    [Anonymous Symbol]                       0x08000f50   Section        0  segger_rtt.o(.text._GetAvailWriteSpace)
    _PrintUnsigned                           0x08000f69   Thumb Code   244  segger_rtt_printf.o(.text._PrintUnsigned)
    [Anonymous Symbol]                       0x08000f68   Section        0  segger_rtt_printf.o(.text._PrintUnsigned)
    _PrintUnsigned._aV2C                     0x0800105c   Number         0  segger_rtt_printf.o(.text._PrintUnsigned)
    _StoreChar                               0x0800106d   Thumb Code    64  segger_rtt_printf.o(.text._StoreChar)
    [Anonymous Symbol]                       0x0800106c   Section        0  segger_rtt_printf.o(.text._StoreChar)
    _WriteBlocking                           0x080010ad   Thumb Code    92  segger_rtt.o(.text._WriteBlocking)
    [Anonymous Symbol]                       0x080010ac   Section        0  segger_rtt.o(.text._WriteBlocking)
    _WriteNoCheck                            0x08001109   Thumb Code    54  segger_rtt.o(.text._WriteNoCheck)
    [Anonymous Symbol]                       0x08001108   Section        0  segger_rtt.o(.text._WriteNoCheck)
    [Anonymous Symbol]                       0x08001140   Section        0  keyboard_handle.o(.text.all_key_release_event)
    __arm_cp.6_0                             0x08001154   Number         4  keyboard_handle.o(.text.all_key_release_event)
    [Anonymous Symbol]                       0x08001158   Section        0  py32f002b_ll_utils.o(.text.clock_time)
    __arm_cp.3_0                             0x08001188   Number         4  py32f002b_ll_utils.o(.text.clock_time)
    __arm_cp.3_1                             0x0800118c   Number         4  py32f002b_ll_utils.o(.text.clock_time)
    __arm_cp.3_2                             0x08001190   Number         4  py32f002b_ll_utils.o(.text.clock_time)
    [Anonymous Symbol]                       0x08001194   Section        0  py32f002b_ll_utils.o(.text.clock_time_exceed)
    [Anonymous Symbol]                       0x080011ac   Section        0  i2c_driver.o(.text.dev_iic_config)
    __arm_cp.0_0                             0x08001220   Number         4  i2c_driver.o(.text.dev_iic_config)
    __arm_cp.0_2                             0x08001224   Number         4  i2c_driver.o(.text.dev_iic_config)
    [Anonymous Symbol]                       0x08001228   Section        0  flash_handle.o(.text.device_pair_id_read)
    __arm_cp.1_0                             0x0800123c   Number         4  flash_handle.o(.text.device_pair_id_read)
    [Anonymous Symbol]                       0x08001240   Section        0  app.o(.text.device_status_init)
    [Anonymous Symbol]                       0x08001254   Section        0  app.o(.text.device_status_loop)
    __arm_cp.2_0                             0x08001268   Number         4  app.o(.text.device_status_loop)
    [Anonymous Symbol]                       0x0800126c   Section        0  i2c_driver.o(.text.i2c_read_byte)
    __arm_cp.4_2                             0x080013fc   Number         4  i2c_driver.o(.text.i2c_read_byte)
    [Anonymous Symbol]                       0x08001400   Section        0  i2c_driver.o(.text.i2c_write_byte)
    __arm_cp.2_0                             0x080014a4   Number         4  i2c_driver.o(.text.i2c_write_byte)
    __arm_cp.2_1                             0x080014a8   Number         4  i2c_driver.o(.text.i2c_write_byte)
    [Anonymous Symbol]                       0x080014ac   Section        0  imualgo_axis9.o(.text.init_state_recognition)
    __arm_cp.0_0                             0x080014b8   Number         4  imualgo_axis9.o(.text.init_state_recognition)
    [Anonymous Symbol]                       0x080014bc   Section        0  keyboard_driver.o(.text.kb_gpio_event_handler)
    __arm_cp.1_1                             0x080014f4   Number         4  keyboard_driver.o(.text.kb_gpio_event_handler)
    [Anonymous Symbol]                       0x080014f8   Section        0  keyboard_driver.o(.text.kb_gpio_init_col)
    [Anonymous Symbol]                       0x08001512   Section        0  keyboard_driver.o(.text.kb_gpio_init_row)
    [Anonymous Symbol]                       0x08001530   Section        0  keyboard_driver.o(.text.kb_gpio_set_high)
    [Anonymous Symbol]                       0x08001538   Section        0  keyboard_driver.o(.text.kb_gpio_set_low)
    [Anonymous Symbol]                       0x08001540   Section        0  keyboard_driver.o(.text.kb_matrix_scan)
    __arm_cp.8_1                             0x080016a4   Number         4  keyboard_driver.o(.text.kb_matrix_scan)
    __arm_cp.8_2                             0x080016a8   Number         4  keyboard_driver.o(.text.kb_matrix_scan)
    __arm_cp.8_3                             0x080016ac   Number         4  keyboard_driver.o(.text.kb_matrix_scan)
    __arm_cp.8_5                             0x080016b0   Number         4  keyboard_driver.o(.text.kb_matrix_scan)
    __arm_cp.8_6                             0x080016b4   Number         4  keyboard_driver.o(.text.kb_matrix_scan)
    __arm_cp.8_7                             0x080016b8   Number         4  keyboard_driver.o(.text.kb_matrix_scan)
    [Anonymous Symbol]                       0x080016bc   Section        0  keyboard_driver.o(.text.kb_wakeup_exti_config)
    __arm_cp.0_0                             0x08001760   Number         4  keyboard_driver.o(.text.kb_wakeup_exti_config)
    __arm_cp.0_1                             0x08001764   Number         4  keyboard_driver.o(.text.kb_wakeup_exti_config)
    __arm_cp.0_2                             0x08001768   Number         4  keyboard_driver.o(.text.kb_wakeup_exti_config)
    __arm_cp.0_3                             0x0800176c   Number         4  keyboard_driver.o(.text.kb_wakeup_exti_config)
    __arm_cp.0_4                             0x08001770   Number         4  keyboard_driver.o(.text.kb_wakeup_exti_config)
    __arm_cp.0_5                             0x08001774   Number         4  keyboard_driver.o(.text.kb_wakeup_exti_config)
    [Anonymous Symbol]                       0x08001778   Section        0  keyboard_handle.o(.text.key_combination_events)
    [Anonymous Symbol]                       0x0800179c   Section        0  keyboard_handle.o(.text.key_press_timeout_event)
    [Anonymous Symbol]                       0x080017ac   Section        0  keyboard_handle.o(.text.key_status_set_event)
    __arm_cp.7_1                             0x08001800   Number         4  keyboard_handle.o(.text.key_status_set_event)
    __arm_cp.7_2                             0x08001804   Number         4  keyboard_handle.o(.text.key_status_set_event)
    [Anonymous Symbol]                       0x08001808   Section        0  keyboard_handle.o(.text.keyboard_loop)
    __arm_cp.8_0                             0x08001888   Number         4  keyboard_handle.o(.text.keyboard_loop)
    __arm_cp.8_2                             0x0800188c   Number         4  keyboard_handle.o(.text.keyboard_loop)
    [Anonymous Symbol]                       0x08001890   Section        0  keyboard_driver.o(.text.keybroad_init)
    __arm_cp.6_1                             0x080018f0   Number         4  keyboard_driver.o(.text.keybroad_init)
    __arm_cp.6_2                             0x080018f4   Number         4  keyboard_driver.o(.text.keybroad_init)
    __arm_cp.6_3                             0x080018f8   Number         4  keyboard_driver.o(.text.keybroad_init)
    __arm_cp.6_4                             0x080018fc   Number         4  keyboard_driver.o(.text.keybroad_init)
    __arm_cp.6_5                             0x08001900   Number         4  keyboard_driver.o(.text.keybroad_init)
    [Anonymous Symbol]                       0x08001904   Section        0  led_driver.o(.text.led_close)
    __arm_cp.2_0                             0x0800190c   Number         4  led_driver.o(.text.led_close)
    [Anonymous Symbol]                       0x08001910   Section        0  led_driver.o(.text.led_init)
    [Anonymous Symbol]                       0x0800193c   Section        0  led_driver.o(.text.led_open)
    __arm_cp.1_0                             0x08001944   Number         4  led_driver.o(.text.led_open)
    [Anonymous Symbol]                       0x08001948   Section        0  main.o(.text.main)
    [Anonymous Symbol]                       0x08001964   Section        0  app.o(.text.main_loop)
    [Anonymous Symbol]                       0x08001978   Section        0  keyboard_handle.o(.text.one_key_long_press_event)
    [Anonymous Symbol]                       0x0800199c   Section        0  keyboard_handle.o(.text.one_key_short_press_event)
    __arm_cp.1_0                             0x080019c0   Number         4  keyboard_handle.o(.text.one_key_short_press_event)
    __arm_cp.1_1                             0x080019c4   Number         4  keyboard_handle.o(.text.one_key_short_press_event)
    [Anonymous Symbol]                       0x080019c8   Section        0  433_protocol.o(.text.protocol_command_encode)
    __arm_cp.1_0                             0x08001aa4   Number         4  433_protocol.o(.text.protocol_command_encode)
    [Anonymous Symbol]                       0x08001aa8   Section        0  qmi8658a_driver.o(.text.qmi8658_read_reg)
    [Anonymous Symbol]                       0x08001abc   Section        0  qmi8658a_driver.o(.text.qmi8658a_data_process)
    __arm_cp.8_2                             0x08001b38   Number         4  qmi8658a_driver.o(.text.qmi8658a_data_process)
    __arm_cp.8_4                             0x08001b3c   Number         4  qmi8658a_driver.o(.text.qmi8658a_data_process)
    [Anonymous Symbol]                       0x08001b40   Section        0  qmi8658a_driver.o(.text.qmi8658a_driver_config)
    __arm_cp.11_0                            0x08001b68   Number         4  qmi8658a_driver.o(.text.qmi8658a_driver_config)
    __arm_cp.11_1                            0x08001b6c   Number         4  qmi8658a_driver.o(.text.qmi8658a_driver_config)
    [Anonymous Symbol]                       0x08001b70   Section        0  qmi8658a_driver.o(.text.qmi8658a_init)
    __arm_cp.2_0                             0x08001bd0   Number         4  qmi8658a_driver.o(.text.qmi8658a_init)
    [Anonymous Symbol]                       0x08001bd4   Section        0  qmi8658a_driver.o(.text.qmi8658a_loop)
    __arm_cp.15_0                            0x08001c1c   Number         4  qmi8658a_driver.o(.text.qmi8658a_loop)
    [Anonymous Symbol]                       0x08001c48   Section        0  qmi8658a_driver.o(.text.qmi8658a_read_accel_float)
    __arm_cp.3_0                             0x08001c9c   Number         4  qmi8658a_driver.o(.text.qmi8658a_read_accel_float)
    [Anonymous Symbol]                       0x08001ca0   Section        0  qmi8658a_driver.o(.text.qmi8658a_read_byte)
    [Anonymous Symbol]                       0x08001cb4   Section        0  qmi8658a_driver.o(.text.qmi8658a_read_gyro_float)
    __arm_cp.4_0                             0x08001d14   Number         4  qmi8658a_driver.o(.text.qmi8658a_read_gyro_float)
    __arm_cp.4_1                             0x08001d18   Number         4  qmi8658a_driver.o(.text.qmi8658a_read_gyro_float)
    [Anonymous Symbol]                       0x08001d1c   Section        0  qmi8658a_driver.o(.text.qmi8658a_read_sensors_float)
    [Anonymous Symbol]                       0x08001d2c   Section        0  qmi8658a_driver.o(.text.qmi8658a_setup_init)
    __arm_cp.14_0                            0x08001d58   Number         4  qmi8658a_driver.o(.text.qmi8658a_setup_init)
    [Anonymous Symbol]                       0x08001d5c   Section        0  qmi8658a_driver.o(.text.qmi8658a_tim_config)
    __arm_cp.12_0                            0x08001dc0   Number         4  qmi8658a_driver.o(.text.qmi8658a_tim_config)
    __arm_cp.12_1                            0x08001dc4   Number         4  qmi8658a_driver.o(.text.qmi8658a_tim_config)
    __arm_cp.12_2                            0x08001dc8   Number         4  qmi8658a_driver.o(.text.qmi8658a_tim_config)
    __arm_cp.12_3                            0x08001dcc   Number         4  qmi8658a_driver.o(.text.qmi8658a_tim_config)
    __arm_cp.12_4                            0x08001dd0   Number         4  qmi8658a_driver.o(.text.qmi8658a_tim_config)
    [Anonymous Symbol]                       0x08001dd4   Section        0  qmi8658a_driver.o(.text.qmi8658a_write_byte)
    [Anonymous Symbol]                       0x08001df0   Section        0  qmi8658a_driver.o(.text.qst_algo_init)
    __arm_cp.7_0                             0x08001e10   Number         4  qmi8658a_driver.o(.text.qst_algo_init)
    __arm_cp.7_1                             0x08001e14   Number         4  qmi8658a_driver.o(.text.qst_algo_init)
    __arm_cp.7_2                             0x08001e18   Number         4  qmi8658a_driver.o(.text.qst_algo_init)
    [Anonymous Symbol]                       0x08001e1c   Section        0  imualgo_axis9.o(.text.qst_fusion_init)
    __arm_cp.6_0                             0x08002184   Number         4  imualgo_axis9.o(.text.qst_fusion_init)
    __arm_cp.6_1                             0x08002188   Number         4  imualgo_axis9.o(.text.qst_fusion_init)
    __arm_cp.6_2                             0x0800218c   Number         4  imualgo_axis9.o(.text.qst_fusion_init)
    [Anonymous Symbol]                       0x08002190   Section        0  imualgo_axis9.o(.text.qst_fusion_nomag_rotation_matrix)
    __arm_cp.5_0                             0x080022c4   Number         4  imualgo_axis9.o(.text.qst_fusion_nomag_rotation_matrix)
    __arm_cp.5_1                             0x080022c8   Number         4  imualgo_axis9.o(.text.qst_fusion_nomag_rotation_matrix)
    [Anonymous Symbol]                       0x080022cc   Section        0  imualgo_axis9.o(.text.qst_fusion_update)
    __arm_cp.7_23                            0x0800250c   Number         4  imualgo_axis9.o(.text.qst_fusion_update)
    __arm_cp.7_24                            0x08002510   Number         4  imualgo_axis9.o(.text.qst_fusion_update)
    __arm_cp.7_25                            0x08002514   Number         4  imualgo_axis9.o(.text.qst_fusion_update)
    __arm_cp.7_26                            0x08002518   Number         4  imualgo_axis9.o(.text.qst_fusion_update)
    __arm_cp.7_27                            0x0800251c   Number         4  imualgo_axis9.o(.text.qst_fusion_update)
    __arm_cp.7_28                            0x08002520   Number         4  imualgo_axis9.o(.text.qst_fusion_update)
    __arm_cp.7_35                            0x08002860   Number         4  imualgo_axis9.o(.text.qst_fusion_update)
    __arm_cp.7_36                            0x08002864   Number         4  imualgo_axis9.o(.text.qst_fusion_update)
    __arm_cp.7_37                            0x08002c30   Number         4  imualgo_axis9.o(.text.qst_fusion_update)
    __arm_cp.7_38                            0x08002c34   Number         4  imualgo_axis9.o(.text.qst_fusion_update)
    __arm_cp.7_39                            0x08002c38   Number         4  imualgo_axis9.o(.text.qst_fusion_update)
    __arm_cp.7_40                            0x08002c3c   Number         4  imualgo_axis9.o(.text.qst_fusion_update)
    __arm_cp.7_41                            0x08002c40   Number         4  imualgo_axis9.o(.text.qst_fusion_update)
    __arm_cp.7_42                            0x08002c44   Number         4  imualgo_axis9.o(.text.qst_fusion_update)
    __arm_cp.7_0                             0x08002d1c   Number         4  imualgo_axis9.o(.text.qst_fusion_update)
    __arm_cp.7_15                            0x08002d20   Number         4  imualgo_axis9.o(.text.qst_fusion_update)
    __arm_cp.7_16                            0x08002d24   Number         4  imualgo_axis9.o(.text.qst_fusion_update)
    __arm_cp.7_17                            0x08002d28   Number         4  imualgo_axis9.o(.text.qst_fusion_update)
    __arm_cp.7_18                            0x08002d2c   Number         4  imualgo_axis9.o(.text.qst_fusion_update)
    __arm_cp.7_19                            0x08002d30   Number         4  imualgo_axis9.o(.text.qst_fusion_update)
    __arm_cp.7_20                            0x08002d34   Number         4  imualgo_axis9.o(.text.qst_fusion_update)
    __arm_cp.7_21                            0x08002d38   Number         4  imualgo_axis9.o(.text.qst_fusion_update)
    [Anonymous Symbol]                       0x08002d3c   Section        0  app.o(.text.re_send_enable)
    [Anonymous Symbol]                       0x08002d50   Section        0  433_send_driver.o(.text.rf_driver_init)
    __arm_cp.1_0                             0x08002ddc   Number         4  433_send_driver.o(.text.rf_driver_init)
    __arm_cp.1_1                             0x08002de0   Number         4  433_send_driver.o(.text.rf_driver_init)
    __arm_cp.1_2                             0x08002de4   Number         4  433_send_driver.o(.text.rf_driver_init)
    __arm_cp.1_3                             0x08002de8   Number         4  433_send_driver.o(.text.rf_driver_init)
    __arm_cp.1_4                             0x08002dec   Number         4  433_send_driver.o(.text.rf_driver_init)
    [Anonymous Symbol]                       0x08002df0   Section        0  433_send_driver.o(.text.rf_send)
    __arm_cp.6_1                             0x08002e24   Number         4  433_send_driver.o(.text.rf_send)
    [Anonymous Symbol]                       0x08002e28   Section        0  433_send_driver.o(.text.rf_send_is_working)
    __arm_cp.4_0                             0x08002e34   Number         4  433_send_driver.o(.text.rf_send_is_working)
    [Anonymous Symbol]                       0x08002e38   Section        0  app.o(.text.rf_send_loop)
    __arm_cp.3_0                             0x08002e84   Number         4  app.o(.text.rf_send_loop)
    __arm_cp.3_1                             0x08002e88   Number         4  app.o(.text.rf_send_loop)
    [Anonymous Symbol]                       0x08002e8c   Section        0  segger_rtt_printf.o(.text.rtt_printf)
    [Anonymous Symbol]                       0x08002eac   Section        0  function_handle.o(.text.send_data_check_set)
    [Anonymous Symbol]                       0x08002ec0   Section        0  function_handle.o(.text.send_key_ntc_packet)
    __arm_cp.1_0                             0x08002ef4   Number         4  function_handle.o(.text.send_key_ntc_packet)
    __arm_cp.1_1                             0x08002ef8   Number         4  function_handle.o(.text.send_key_ntc_packet)
    [Anonymous Symbol]                       0x08002efc   Section        0  imualgo_axis9.o(.text.set_cutoff_frequency)
    __arm_cp.1_1                             0x08002f88   Number         4  imualgo_axis9.o(.text.set_cutoff_frequency)
    __arm_cp.1_2                             0x08002f8c   Number         4  imualgo_axis9.o(.text.set_cutoff_frequency)
    __arm_cp.1_3                             0x08002f90   Number         4  imualgo_axis9.o(.text.set_cutoff_frequency)
    [Anonymous Symbol]                       0x08002f94   Section        0  py32f002b_ll_utils.o(.text.systick_init)
    __arm_cp.2_0                             0x08002fa4   Number         4  py32f002b_ll_utils.o(.text.systick_init)
    __arm_cp.2_1                             0x08002fa8   Number         4  py32f002b_ll_utils.o(.text.systick_init)
    [Anonymous Symbol]                       0x08002fac   Section        0  keyboard_handle.o(.text.two_key_long_press_event)
    [Anonymous Symbol]                       0x08002fe4   Section        0  keyboard_handle.o(.text.two_key_short_press_event)
    [Anonymous Symbol]                       0x08003016   Section        0  app.o(.text.user_init)
    [Anonymous Symbol]                       0x08003040   Section        0  imualgo_axis9.o(.text.wrap_PI)
    __arm_cp.4_0                             0x08003080   Number         4  imualgo_axis9.o(.text.wrap_PI)
    __arm_cp.4_1                             0x08003084   Number         4  imualgo_axis9.o(.text.wrap_PI)
    __arm_cp.4_2                             0x08003088   Number         4  imualgo_axis9.o(.text.wrap_PI)
    __arm_cp.4_3                             0x0800308c   Number         4  imualgo_axis9.o(.text.wrap_PI)
    i.__ARM_common_ll_muluu                  0x08003090   Section        0  rredf.o(i.__ARM_common_ll_muluu)
    i.__ARM_fpclassifyf                      0x080030c2   Section        0  fpclassifyf.o(i.__ARM_fpclassifyf)
    i.__mathlib_flt_infnan                   0x080030e4   Section        0  funder.o(i.__mathlib_flt_infnan)
    i.__mathlib_flt_infnan2                  0x080030ee   Section        0  funder.o(i.__mathlib_flt_infnan2)
    i.__mathlib_flt_invalid                  0x080030f6   Section        0  funder.o(i.__mathlib_flt_invalid)
    i.__mathlib_flt_underflow                0x08003102   Section        0  funder.o(i.__mathlib_flt_underflow)
    i.__mathlib_rredf2                       0x08003110   Section        0  rredf.o(i.__mathlib_rredf2)
    i.__scatterload_copy                     0x08003290   Section       14  handlers.o(i.__scatterload_copy)
    i.__scatterload_null                     0x0800329e   Section        2  handlers.o(i.__scatterload_null)
    i.__scatterload_zeroinit                 0x080032a0   Section       14  handlers.o(i.__scatterload_zeroinit)
    i.__set_errno                            0x080032b0   Section        0  errno.o(i.__set_errno)
    i.asinf                                  0x080032bc   Section        0  asinf.o(i.asinf)
    i.atan2f                                 0x080033d4   Section        0  atan2f.o(i.atan2f)
    i.cosf                                   0x08003670   Section        0  cosf.o(i.cosf)
    i.sinf                                   0x080037e8   Section        0  sinf.o(i.sinf)
    i.sqrtf                                  0x0800396c   Section        0  sqrtf.o(i.sqrtf)
    i.tanf                                   0x08003998   Section        0  tanf.o(i.tanf)
    twooverpi                                0x08003b08   Data          32  rredf.o(.constdata)
    .constdata                               0x08003b08   Section       32  rredf.o(.constdata)
    [Anonymous Symbol]                       0x08003bf0   Section        0  segger_rtt.o(.rodata.str1.1)
    _errno                                   0x20000000   Data           4  errno.o(.data)
    .data                                    0x20000000   Section        4  errno.o(.data)
    [Anonymous Symbol]                       0x20000004   Section        0  qmi8658a_driver.o(.data..L_MergedGlobals)
    [Anonymous Symbol]                       0x20000018   Section        0  imualgo_axis9.o(.data..L_MergedGlobals)
    [Anonymous Symbol]                       0x20000078   Section        0  keyboard_driver.o(.bss..L_MergedGlobals)
    TIM1_BRK_UP_TRG_COM_IRQHandler.i         0x20000090   Data           2  433_send_driver.o(.bss..L_MergedGlobals)
    [Anonymous Symbol]                       0x20000090   Section        0  433_send_driver.o(.bss..L_MergedGlobals)
    wm_send_struct                           0x20000098   Data           8  433_send_driver.o(.bss..L_MergedGlobals)
    clock_time.overflow_count                0x200000a0   Data           4  py32f002b_ll_utils.o(.bss..L_MergedGlobals)
    [Anonymous Symbol]                       0x200000a0   Section        0  py32f002b_ll_utils.o(.bss..L_MergedGlobals)
    clock_time.last_value                    0x200000a4   Data           4  py32f002b_ll_utils.o(.bss..L_MergedGlobals)
    [Anonymous Symbol]                       0x200000a8   Section        0  qmi8658a_driver.o(.bss..L_MergedGlobals.1)
    [Anonymous Symbol]                       0x20000124   Section        0  imualgo_axis9.o(.bss..L_MergedGlobals.1)
    qst_fusion_version                       0x20000127   Data           1  imualgo_axis9.o(.bss..L_MergedGlobals.1)
    _acDownBuffer                            0x20000240   Data          16  segger_rtt.o(.bss._acDownBuffer)
    [Anonymous Symbol]                       0x20000240   Section        0  segger_rtt.o(.bss._acDownBuffer)
    _acUpBuffer                              0x20000250   Data        1024  segger_rtt.o(.bss._acUpBuffer)
    [Anonymous Symbol]                       0x20000250   Section        0  segger_rtt.o(.bss._acUpBuffer)
    i2cState                                 0x20000680   Data           4  i2c_driver.o(.bss.i2cState)
    [Anonymous Symbol]                       0x20000680   Section        0  i2c_driver.o(.bss.i2cState)
    keyboard_loop.tick                       0x20000684   Data           4  keyboard_handle.o(.bss.keyboard_loop.tick)
    [Anonymous Symbol]                       0x20000684   Section        0  keyboard_handle.o(.bss.keyboard_loop.tick)
    wm_send_parameters                       0x2000069c   Data         226  433_send_driver.o(.bss.wm_send_parameters)
    [Anonymous Symbol]                       0x2000069c   Section        0  433_send_driver.o(.bss.wm_send_parameters)
    STACK                                    0x20000780   Section     1024  startup_py32f002bxx.o(STACK)

    Global Symbols

    Symbol Name                              Value     Ov Type        Size  Object(Section)

    BuildAttributes$$THM_ISAv3M$S$PE$A:L22$X:L11$S22$IEEE1$IW$~IW$USESV6$~STKCKD$USESV7$~SHL$OTIME$ROPI$IEEEX$EBA8$MICROLIB$REQ8$PRES8$EABIv2 0x00000000   Number         0  anon$$obj.o ABSOLUTE
    __cpp_initialize__aeabi_                  - Undefined Weak Reference
    __cxa_finalize                            - Undefined Weak Reference
    __decompress                              - Undefined Weak Reference
    _clock_init                               - Undefined Weak Reference
    _microlib_exit                            - Undefined Weak Reference
    __Vectors_Size                           0x000000c0   Number         0  startup_py32f002bxx.o ABSOLUTE
    __Vectors                                0x08000000   Data           4  startup_py32f002bxx.o(RESET)
    __Vectors_End                            0x080000c0   Data           0  startup_py32f002bxx.o(RESET)
    __main                                   0x080000c1   Thumb Code     0  entry.o(.ARM.Collect$$$$00000000)
    _main_stk                                0x080000c1   Thumb Code     0  entry2.o(.ARM.Collect$$$$00000001)
    _main_scatterload                        0x080000c5   Thumb Code     0  entry5.o(.ARM.Collect$$$$00000004)
    __main_after_scatterload                 0x080000c9   Thumb Code     0  entry5.o(.ARM.Collect$$$$00000004)
    _main_clock                              0x080000c9   Thumb Code     0  entry7b.o(.ARM.Collect$$$$00000008)
    _main_cpp_init                           0x080000c9   Thumb Code     0  entry8b.o(.ARM.Collect$$$$0000000A)
    _main_init                               0x080000c9   Thumb Code     0  entry9a.o(.ARM.Collect$$$$0000000B)
    __rt_final_cpp                           0x080000d1   Thumb Code     0  entry10a.o(.ARM.Collect$$$$0000000D)
    __rt_final_exit                          0x080000d1   Thumb Code     0  entry11a.o(.ARM.Collect$$$$0000000F)
    Reset_Handler                            0x080000d5   Thumb Code     8  startup_py32f002bxx.o(.text)
    ADC_COMP_IRQHandler                      0x080000e7   Thumb Code     0  startup_py32f002bxx.o(.text)
    EXTI0_1_IRQHandler                       0x080000e7   Thumb Code     0  startup_py32f002bxx.o(.text)
    EXTI2_3_IRQHandler                       0x080000e7   Thumb Code     0  startup_py32f002bxx.o(.text)
    EXTI4_15_IRQHandler                      0x080000e7   Thumb Code     0  startup_py32f002bxx.o(.text)
    FLASH_IRQHandler                         0x080000e7   Thumb Code     0  startup_py32f002bxx.o(.text)
    I2C1_IRQHandler                          0x080000e7   Thumb Code     0  startup_py32f002bxx.o(.text)
    LPTIM1_IRQHandler                        0x080000e7   Thumb Code     0  startup_py32f002bxx.o(.text)
    RCC_IRQHandler                           0x080000e7   Thumb Code     0  startup_py32f002bxx.o(.text)
    SPI1_IRQHandler                          0x080000e7   Thumb Code     0  startup_py32f002bxx.o(.text)
    TIM1_CC_IRQHandler                       0x080000e7   Thumb Code     0  startup_py32f002bxx.o(.text)
    USART1_IRQHandler                        0x080000e7   Thumb Code     0  startup_py32f002bxx.o(.text)
    __aeabi_uldivmod                         0x080000f1   Thumb Code    96  uldiv.o(.text)
    __aeabi_memcpy                           0x08000151   Thumb Code    36  memcpya.o(.text)
    __aeabi_memcpy4                          0x08000151   Thumb Code     0  memcpya.o(.text)
    __aeabi_memcpy8                          0x08000151   Thumb Code     0  memcpya.o(.text)
    __aeabi_memset                           0x08000175   Thumb Code    14  memseta.o(.text)
    __aeabi_memset4                          0x08000175   Thumb Code     0  memseta.o(.text)
    __aeabi_memset8                          0x08000175   Thumb Code     0  memseta.o(.text)
    __aeabi_memclr                           0x08000183   Thumb Code     4  memseta.o(.text)
    __aeabi_memclr4                          0x08000183   Thumb Code     0  memseta.o(.text)
    __aeabi_memclr8                          0x08000183   Thumb Code     0  memseta.o(.text)
    _memset$wrapper                          0x08000187   Thumb Code    18  memseta.o(.text)
    __aeabi_fadd                             0x08000199   Thumb Code   162  fadd.o(.text)
    __aeabi_fsub                             0x0800023b   Thumb Code     8  fadd.o(.text)
    __aeabi_frsub                            0x08000243   Thumb Code     8  fadd.o(.text)
    __aeabi_fmul                             0x0800024b   Thumb Code   122  fmul.o(.text)
    __aeabi_fdiv                             0x080002c5   Thumb Code   124  fdiv.o(.text)
    __aeabi_fcmple                           0x08000341   Thumb Code    28  fcmple.o(.text)
    __aeabi_fcmplt                           0x0800035d   Thumb Code    28  fcmplt.o(.text)
    __aeabi_fcmpge                           0x08000379   Thumb Code    28  fcmpge.o(.text)
    __aeabi_fcmpgt                           0x08000395   Thumb Code    28  fcmpgt.o(.text)
    __aeabi_dcmple                           0x080003b1   Thumb Code    44  dcmple.o(.text)
    __aeabi_dcmpgt                           0x080003dd   Thumb Code    44  dcmpgt.o(.text)
    __aeabi_i2f                              0x08000409   Thumb Code    22  fflti.o(.text)
    __aeabi_f2iz                             0x0800041f   Thumb Code    50  ffixi.o(.text)
    __aeabi_f2d                              0x08000451   Thumb Code    40  f2d.o(.text)
    __aeabi_uidiv                            0x08000479   Thumb Code     0  uidiv_div0.o(.text)
    __aeabi_uidivmod                         0x08000479   Thumb Code    62  uidiv_div0.o(.text)
    __aeabi_llsl                             0x080004b7   Thumb Code    32  llshl.o(.text)
    _ll_shift_l                              0x080004b7   Thumb Code     0  llshl.o(.text)
    __aeabi_llsr                             0x080004d7   Thumb Code    34  llushr.o(.text)
    _ll_ushift_r                             0x080004d7   Thumb Code     0  llushr.o(.text)
    __I$use$fp                               0x080004f9   Thumb Code     0  iusefp.o(.text)
    _float_round                             0x080004f9   Thumb Code    16  fepilogue.o(.text)
    _float_epilogue                          0x08000509   Thumb Code   114  fepilogue.o(.text)
    __ARM_scalbnf                            0x0800057b   Thumb Code    24  fscalb.o(.text)
    scalbnf                                  0x0800057b   Thumb Code     0  fscalb.o(.text)
    _fsqrt                                   0x08000593   Thumb Code    88  fsqrt.o(.text)
    _frnd                                    0x080005eb   Thumb Code    62  frnd.o(.text)
    __scatterload                            0x08000629   Thumb Code    28  init.o(.text)
    __scatterload_rt2                        0x08000629   Thumb Code     0  init.o(.text)
    __aeabi_ui2f                             0x0800064d   Thumb Code    14  ffltui.o(.text)
    BSP_RCC_HSI_48MConfig                    0x0800065d   Thumb Code    92  py32f002b_bsp_clock.o(.text.BSP_RCC_HSI_48MConfig)
    Filter_Apply                             0x080006cd   Thumb Code    96  imualgo_axis9.o(.text.Filter_Apply)
    HardFault_Handler                        0x0800072d   Thumb Code     2  py32f002b_it.o(.text.HardFault_Handler)
    LL_EXTI_Init                             0x08000731   Thumb Code   156  py32f002b_ll_exti.o(.text.LL_EXTI_Init)
    LL_GPIO_Init                             0x080007d5   Thumb Code   164  py32f002b_ll_gpio.o(.text.LL_GPIO_Init)
    LL_I2C_Init                              0x08000891   Thumb Code   200  py32f002b_ll_i2c.o(.text.LL_I2C_Init)
    LL_Init1msTick                           0x08000985   Thumb Code    28  py32f002b_ll_utils.o(.text.LL_Init1msTick)
    LL_RCC_GetSystemClocksFreq               0x080009a5   Thumb Code    52  py32f002b_ll_rcc.o(.text.LL_RCC_GetSystemClocksFreq)
    LL_SetSystemCoreClock                    0x08000a21   Thumb Code     8  py32f002b_ll_utils.o(.text.LL_SetSystemCoreClock)
    LL_TIM_Init                              0x08000a2d   Thumb Code    72  py32f002b_ll_tim.o(.text.LL_TIM_Init)
    NMI_Handler                              0x08000a7d   Thumb Code     2  py32f002b_it.o(.text.NMI_Handler)
    PendSV_Handler                           0x08000a7f   Thumb Code     2  py32f002b_it.o(.text.PendSV_Handler)
    RCC_GetSystemClockFreq                   0x08000a81   Thumb Code    48  py32f002b_ll_rcc.o(.text.RCC_GetSystemClockFreq)
    SEGGER_RTT_Write                         0x08000abd   Thumb Code    48  segger_rtt.o(.text.SEGGER_RTT_Write)
    SEGGER_RTT_WriteNoLock                   0x08000aed   Thumb Code   100  segger_rtt.o(.text.SEGGER_RTT_WriteNoLock)
    SEGGER_RTT_vprintf                       0x08000b55   Thumb Code   634  segger_rtt_printf.o(.text.SEGGER_RTT_vprintf)
    SVC_Handler                              0x08000dcf   Thumb Code     2  py32f002b_it.o(.text.SVC_Handler)
    SysTick_Handler                          0x08000dd1   Thumb Code     2  py32f002b_it.o(.text.SysTick_Handler)
    SystemInit                               0x08000dd5   Thumb Code    64  system_py32f002b.o(.text.SystemInit)
    TIM14_IRQHandler                         0x08000e2d   Thumb Code    32  qmi8658a_driver.o(.text.TIM14_IRQHandler)
    TIM1_BRK_UP_TRG_COM_IRQHandler           0x08000e55   Thumb Code    80  433_send_driver.o(.text.TIM1_BRK_UP_TRG_COM_IRQHandler)
    WaitMs                                   0x08000eb1   Thumb Code    26  py32f002b_ll_utils.o(.text.WaitMs)
    WaitUs                                   0x08000ecb   Thumb Code    22  py32f002b_ll_utils.o(.text.WaitUs)
    all_key_release_event                    0x08001141   Thumb Code    20  keyboard_handle.o(.text.all_key_release_event)
    clock_time                               0x08001159   Thumb Code    48  py32f002b_ll_utils.o(.text.clock_time)
    clock_time_exceed                        0x08001195   Thumb Code    24  py32f002b_ll_utils.o(.text.clock_time_exceed)
    dev_iic_config                           0x080011ad   Thumb Code   116  i2c_driver.o(.text.dev_iic_config)
    device_pair_id_read                      0x08001229   Thumb Code    20  flash_handle.o(.text.device_pair_id_read)
    device_status_init                       0x08001241   Thumb Code    20  app.o(.text.device_status_init)
    device_status_loop                       0x08001255   Thumb Code    20  app.o(.text.device_status_loop)
    i2c_read_byte                            0x0800126d   Thumb Code   400  i2c_driver.o(.text.i2c_read_byte)
    i2c_write_byte                           0x08001401   Thumb Code   164  i2c_driver.o(.text.i2c_write_byte)
    init_state_recognition                   0x080014ad   Thumb Code    12  imualgo_axis9.o(.text.init_state_recognition)
    kb_gpio_event_handler                    0x080014bd   Thumb Code    56  keyboard_driver.o(.text.kb_gpio_event_handler)
    kb_gpio_init_col                         0x080014f9   Thumb Code    26  keyboard_driver.o(.text.kb_gpio_init_col)
    kb_gpio_init_row                         0x08001513   Thumb Code    30  keyboard_driver.o(.text.kb_gpio_init_row)
    kb_gpio_set_high                         0x08001531   Thumb Code     8  keyboard_driver.o(.text.kb_gpio_set_high)
    kb_gpio_set_low                          0x08001539   Thumb Code     8  keyboard_driver.o(.text.kb_gpio_set_low)
    kb_matrix_scan                           0x08001541   Thumb Code   356  keyboard_driver.o(.text.kb_matrix_scan)
    kb_wakeup_exti_config                    0x080016bd   Thumb Code   164  keyboard_driver.o(.text.kb_wakeup_exti_config)
    key_combination_events                   0x08001779   Thumb Code    36  keyboard_handle.o(.text.key_combination_events)
    key_press_timeout_event                  0x0800179d   Thumb Code    14  keyboard_handle.o(.text.key_press_timeout_event)
    key_status_set_event                     0x080017ad   Thumb Code    84  keyboard_handle.o(.text.key_status_set_event)
    keyboard_loop                            0x08001809   Thumb Code   128  keyboard_handle.o(.text.keyboard_loop)
    keybroad_init                            0x08001891   Thumb Code    96  keyboard_driver.o(.text.keybroad_init)
    led_close                                0x08001905   Thumb Code     8  led_driver.o(.text.led_close)
    led_init                                 0x08001911   Thumb Code    44  led_driver.o(.text.led_init)
    led_open                                 0x0800193d   Thumb Code     8  led_driver.o(.text.led_open)
    main                                     0x08001949   Thumb Code    16  main.o(.text.main)
    main_loop                                0x08001965   Thumb Code    20  app.o(.text.main_loop)
    one_key_long_press_event                 0x08001979   Thumb Code    36  keyboard_handle.o(.text.one_key_long_press_event)
    one_key_short_press_event                0x0800199d   Thumb Code    36  keyboard_handle.o(.text.one_key_short_press_event)
    protocol_command_encode                  0x080019c9   Thumb Code   220  433_protocol.o(.text.protocol_command_encode)
    qmi8658_read_reg                         0x08001aa9   Thumb Code    18  qmi8658a_driver.o(.text.qmi8658_read_reg)
    qmi8658a_data_process                    0x08001abd   Thumb Code   124  qmi8658a_driver.o(.text.qmi8658a_data_process)
    qmi8658a_driver_config                   0x08001b41   Thumb Code    40  qmi8658a_driver.o(.text.qmi8658a_driver_config)
    qmi8658a_init                            0x08001b71   Thumb Code    96  qmi8658a_driver.o(.text.qmi8658a_init)
    qmi8658a_loop                            0x08001bd5   Thumb Code    72  qmi8658a_driver.o(.text.qmi8658a_loop)
    qmi8658a_read_accel_float                0x08001c49   Thumb Code    84  qmi8658a_driver.o(.text.qmi8658a_read_accel_float)
    qmi8658a_read_byte                       0x08001ca1   Thumb Code    20  qmi8658a_driver.o(.text.qmi8658a_read_byte)
    qmi8658a_read_gyro_float                 0x08001cb5   Thumb Code    96  qmi8658a_driver.o(.text.qmi8658a_read_gyro_float)
    qmi8658a_read_sensors_float              0x08001d1d   Thumb Code    16  qmi8658a_driver.o(.text.qmi8658a_read_sensors_float)
    qmi8658a_setup_init                      0x08001d2d   Thumb Code    44  qmi8658a_driver.o(.text.qmi8658a_setup_init)
    qmi8658a_tim_config                      0x08001d5d   Thumb Code   100  qmi8658a_driver.o(.text.qmi8658a_tim_config)
    qmi8658a_write_byte                      0x08001dd5   Thumb Code    28  qmi8658a_driver.o(.text.qmi8658a_write_byte)
    qst_algo_init                            0x08001df1   Thumb Code    32  qmi8658a_driver.o(.text.qst_algo_init)
    qst_fusion_init                          0x08001e1d   Thumb Code   872  imualgo_axis9.o(.text.qst_fusion_init)
    qst_fusion_nomag_rotation_matrix         0x08002191   Thumb Code   308  imualgo_axis9.o(.text.qst_fusion_nomag_rotation_matrix)
    qst_fusion_update                        0x080022cd   Thumb Code  2640  imualgo_axis9.o(.text.qst_fusion_update)
    re_send_enable                           0x08002d3d   Thumb Code    20  app.o(.text.re_send_enable)
    rf_driver_init                           0x08002d51   Thumb Code   140  433_send_driver.o(.text.rf_driver_init)
    rf_send                                  0x08002df1   Thumb Code    52  433_send_driver.o(.text.rf_send)
    rf_send_is_working                       0x08002e29   Thumb Code    12  433_send_driver.o(.text.rf_send_is_working)
    rf_send_loop                             0x08002e39   Thumb Code    76  app.o(.text.rf_send_loop)
    rtt_printf                               0x08002e8d   Thumb Code    32  segger_rtt_printf.o(.text.rtt_printf)
    send_data_check_set                      0x08002ead   Thumb Code    20  function_handle.o(.text.send_data_check_set)
    send_key_ntc_packet                      0x08002ec1   Thumb Code    52  function_handle.o(.text.send_key_ntc_packet)
    set_cutoff_frequency                     0x08002efd   Thumb Code   140  imualgo_axis9.o(.text.set_cutoff_frequency)
    systick_init                             0x08002f95   Thumb Code    16  py32f002b_ll_utils.o(.text.systick_init)
    two_key_long_press_event                 0x08002fad   Thumb Code    56  keyboard_handle.o(.text.two_key_long_press_event)
    two_key_short_press_event                0x08002fe5   Thumb Code    50  keyboard_handle.o(.text.two_key_short_press_event)
    user_init                                0x08003017   Thumb Code    40  app.o(.text.user_init)
    wrap_PI                                  0x08003041   Thumb Code    64  imualgo_axis9.o(.text.wrap_PI)
    __ARM_common_ll_muluu                    0x08003091   Thumb Code    50  rredf.o(i.__ARM_common_ll_muluu)
    __ARM_fpclassifyf                        0x080030c3   Thumb Code    34  fpclassifyf.o(i.__ARM_fpclassifyf)
    __mathlib_flt_infnan                     0x080030e5   Thumb Code    10  funder.o(i.__mathlib_flt_infnan)
    __mathlib_flt_infnan2                    0x080030ef   Thumb Code     8  funder.o(i.__mathlib_flt_infnan2)
    __mathlib_flt_invalid                    0x080030f7   Thumb Code    12  funder.o(i.__mathlib_flt_invalid)
    __mathlib_flt_underflow                  0x08003103   Thumb Code    14  funder.o(i.__mathlib_flt_underflow)
    __mathlib_rredf2                         0x08003111   Thumb Code   366  rredf.o(i.__mathlib_rredf2)
    __scatterload_copy                       0x08003291   Thumb Code    14  handlers.o(i.__scatterload_copy)
    __scatterload_null                       0x0800329f   Thumb Code     2  handlers.o(i.__scatterload_null)
    __scatterload_zeroinit                   0x080032a1   Thumb Code    14  handlers.o(i.__scatterload_zeroinit)
    __set_errno                              0x080032b1   Thumb Code     6  errno.o(i.__set_errno)
    asinf                                    0x080032bd   Thumb Code   242  asinf.o(i.asinf)
    atan2f                                   0x080033d5   Thumb Code   592  atan2f.o(i.atan2f)
    cosf                                     0x08003671   Thumb Code   318  cosf.o(i.cosf)
    sinf                                     0x080037e9   Thumb Code   330  sinf.o(i.sinf)
    sqrtf                                    0x0800396d   Thumb Code    44  sqrtf.o(i.sqrtf)
    tanf                                     0x08003999   Thumb Code   312  tanf.o(i.tanf)
    AHBPrescTable                            0x08003b28   Data          64  system_py32f002b.o(.rodata.AHBPrescTable)
    APBPrescTable                            0x08003b68   Data          32  system_py32f002b.o(.rodata.APBPrescTable)
    HSIFreqTable                             0x08003b88   Data          32  system_py32f002b.o(.rodata.HSIFreqTable)
    SPEC                                     0x08003ba8   Data           7  433_protocol.o(.rodata.SPEC)
    col_pin                                  0x08003bb0   Data           8  keyboard_driver.o(.rodata.col_pin)
    kb_list                                  0x08003bb8   Data          16  keyboard_handle.o(.rodata.kb_list)
    kb_map_num                               0x08003bc8   Data          32  keyboard_driver.o(.rodata.kb_map_num)
    row_pin                                  0x08003be8   Data           8  keyboard_driver.o(.rodata.row_pin)
    Region$$Table$$Base                      0x08003bfc   Number         0  anon$$obj.o(Region$$Table)
    Region$$Table$$Limit                     0x08003c1c   Number         0  anon$$obj.o(Region$$Table)
    dt                                       0x20000004   Data           4  qmi8658a_driver.o(.data..L_MergedGlobals)
    quater                                   0x20000008   Data          16  qmi8658a_driver.o(.data..L_MergedGlobals)
    fusion_nomag_q0                          0x20000018   Data           4  imualgo_axis9.o(.data..L_MergedGlobals)
    fusion_nomag_kp                          0x2000001c   Data           4  imualgo_axis9.o(.data..L_MergedGlobals)
    fusion_nomag_ki                          0x20000020   Data           4  imualgo_axis9.o(.data..L_MergedGlobals)
    gyro_max                                 0x20000024   Data           4  imualgo_axis9.o(.data..L_MergedGlobals)
    fusion_nomag_rot_mat                     0x20000028   Data          36  imualgo_axis9.o(.data..L_MergedGlobals)
    SystemCoreClock                          0x2000004c   Data           4  system_py32f002b.o(.data.SystemCoreClock)
    accel_filter                             0x20000050   Data          20  imualgo_axis9.o(.data.accel_filter)
    gyro_filter                              0x20000064   Data          20  imualgo_axis9.o(.data.gyro_filter)
    current_row                              0x20000078   Data           1  keyboard_driver.o(.bss..L_MergedGlobals)
    key_state                                0x2000007c   Data           4  keyboard_driver.o(.bss..L_MergedGlobals)
    key_timestamp                            0x20000080   Data           4  keyboard_driver.o(.bss..L_MergedGlobals)
    kb_code                                  0x20000084   Data          12  keyboard_driver.o(.bss..L_MergedGlobals)
    task_run                                 0x200000a8   Data           1  qmi8658a_driver.o(.bss..L_MergedGlobals.1)
    show_flag                                0x200000a9   Data           1  qmi8658a_driver.o(.bss..L_MergedGlobals.1)
    accel_correct                            0x200000ac   Data          12  qmi8658a_driver.o(.bss..L_MergedGlobals.1)
    gyro_correct                             0x200000b8   Data          12  qmi8658a_driver.o(.bss..L_MergedGlobals.1)
    euler_angle                              0x200000c4   Data          12  qmi8658a_driver.o(.bss..L_MergedGlobals.1)
    line_acc                                 0x200000d0   Data          12  qmi8658a_driver.o(.bss..L_MergedGlobals.1)
    accl                                     0x200000dc   Data          12  qmi8658a_driver.o(.bss..L_MergedGlobals.1)
    gyro                                     0x200000e8   Data          12  qmi8658a_driver.o(.bss..L_MergedGlobals.1)
    accel_buf                                0x200000f4   Data          24  qmi8658a_driver.o(.bss..L_MergedGlobals.1)
    gyro_buf                                 0x2000010c   Data          24  qmi8658a_driver.o(.bss..L_MergedGlobals.1)
    qmi8658_chip_id                          0x20000124   Data           1  imualgo_axis9.o(.bss..L_MergedGlobals.1)
    fusion_inited                            0x20000125   Data           1  imualgo_axis9.o(.bss..L_MergedGlobals.1)
    imu_offset_static                        0x20000126   Data           1  imualgo_axis9.o(.bss..L_MergedGlobals.1)
    cali_count_static                        0x20000128   Data           2  imualgo_axis9.o(.bss..L_MergedGlobals.1)
    sum_counter                              0x2000012a   Data           2  imualgo_axis9.o(.bss..L_MergedGlobals.1)
    region_detect_read_reg                   0x2000012c   Data           4  imualgo_axis9.o(.bss..L_MergedGlobals.1)
    fusion_nomag_q1                          0x20000130   Data           4  imualgo_axis9.o(.bss..L_MergedGlobals.1)
    fusion_nomag_q2                          0x20000134   Data           4  imualgo_axis9.o(.bss..L_MergedGlobals.1)
    fusion_nomag_q3                          0x20000138   Data           4  imualgo_axis9.o(.bss..L_MergedGlobals.1)
    fusion_nomag_exInt                       0x2000013c   Data           4  imualgo_axis9.o(.bss..L_MergedGlobals.1)
    fusion_nomag_eyInt                       0x20000140   Data           4  imualgo_axis9.o(.bss..L_MergedGlobals.1)
    fusion_nomag_ezInt                       0x20000144   Data           4  imualgo_axis9.o(.bss..L_MergedGlobals.1)
    yaw_init                                 0x20000148   Data           4  imualgo_axis9.o(.bss..L_MergedGlobals.1)
    static_delay                             0x2000014c   Data           4  imualgo_axis9.o(.bss..L_MergedGlobals.1)
    static_flag                              0x20000150   Data           4  imualgo_axis9.o(.bss..L_MergedGlobals.1)
    sum_gz                                   0x20000154   Data           4  imualgo_axis9.o(.bss..L_MergedGlobals.1)
    gyro_static_offset                       0x20000158   Data          12  imualgo_axis9.o(.bss..L_MergedGlobals.1)
    gyro_staticn_sum                         0x20000164   Data          12  imualgo_axis9.o(.bss..L_MergedGlobals.1)
    accel_buffer_speed                       0x20000170   Data          40  imualgo_axis9.o(.bss..L_MergedGlobals.1)
    _SEGGER_RTT                              0x20000198   Data         168  segger_rtt.o(.bss._SEGGER_RTT)
    dev_st                                   0x20000650   Data           8  app.o(.bss.dev_st)
    gyro_buffer_speed                        0x20000658   Data          40  imualgo_axis9.o(.bss.gyro_buffer_speed)
    packet_dat                               0x20000688   Data           9  function_handle.o(.bss.packet_dat)
    rf_send_st                               0x20000694   Data           8  app.o(.bss.rf_send_st)
    __initial_sp                             0x20000b80   Data           0  startup_py32f002bxx.o(STACK)



==============================================================================

Memory Map of the image

  Image Entry point : 0x080000c1

  Load Region LR_IROM1 (Base: 0x08000000, Size: 0x00003c98, Max: 0x00006000, ABSOLUTE)

    Execution Region ER_IROM1 (Exec base: 0x08000000, Load base: 0x08000000, Size: 0x00003c1c, Max: 0x00006000, ABSOLUTE)

    Exec Addr    Load Addr    Size         Type   Attr      Idx    E Section Name        Object

    0x08000000   0x08000000   0x000000c0   Data   RO          250    RESET               startup_py32f002bxx.o
    0x080000c0   0x080000c0   0x00000000   Code   RO          756  * .ARM.Collect$$$$00000000  mc_p.l(entry.o)
    0x080000c0   0x080000c0   0x00000004   Code   RO          820    .ARM.Collect$$$$00000001  mc_p.l(entry2.o)
    0x080000c4   0x080000c4   0x00000004   Code   RO          823    .ARM.Collect$$$$00000004  mc_p.l(entry5.o)
    0x080000c8   0x080000c8   0x00000000   Code   RO          825    .ARM.Collect$$$$00000008  mc_p.l(entry7b.o)
    0x080000c8   0x080000c8   0x00000000   Code   RO          827    .ARM.Collect$$$$0000000A  mc_p.l(entry8b.o)
    0x080000c8   0x080000c8   0x00000008   Code   RO          828    .ARM.Collect$$$$0000000B  mc_p.l(entry9a.o)
    0x080000d0   0x080000d0   0x00000000   Code   RO          830    .ARM.Collect$$$$0000000D  mc_p.l(entry10a.o)
    0x080000d0   0x080000d0   0x00000000   Code   RO          832    .ARM.Collect$$$$0000000F  mc_p.l(entry11a.o)
    0x080000d0   0x080000d0   0x00000004   Code   RO          821    .ARM.Collect$$$$00002712  mc_p.l(entry2.o)
    0x080000d4   0x080000d4   0x0000001c   Code   RO          251    .text               startup_py32f002bxx.o
    0x080000f0   0x080000f0   0x00000060   Code   RO          765    .text               mc_p.l(uldiv.o)
    0x08000150   0x08000150   0x00000024   Code   RO          767    .text               mc_p.l(memcpya.o)
    0x08000174   0x08000174   0x00000024   Code   RO          769    .text               mc_p.l(memseta.o)
    0x08000198   0x08000198   0x000000b2   Code   RO          775    .text               mf_p.l(fadd.o)
    0x0800024a   0x0800024a   0x0000007a   Code   RO          777    .text               mf_p.l(fmul.o)
    0x080002c4   0x080002c4   0x0000007c   Code   RO          779    .text               mf_p.l(fdiv.o)
    0x08000340   0x08000340   0x0000001c   Code   RO          781    .text               mf_p.l(fcmple.o)
    0x0800035c   0x0800035c   0x0000001c   Code   RO          783    .text               mf_p.l(fcmplt.o)
    0x08000378   0x08000378   0x0000001c   Code   RO          785    .text               mf_p.l(fcmpge.o)
    0x08000394   0x08000394   0x0000001c   Code   RO          787    .text               mf_p.l(fcmpgt.o)
    0x080003b0   0x080003b0   0x0000002c   Code   RO          789    .text               mf_p.l(dcmple.o)
    0x080003dc   0x080003dc   0x0000002c   Code   RO          791    .text               mf_p.l(dcmpgt.o)
    0x08000408   0x08000408   0x00000016   Code   RO          793    .text               mf_p.l(fflti.o)
    0x0800041e   0x0800041e   0x00000032   Code   RO          795    .text               mf_p.l(ffixi.o)
    0x08000450   0x08000450   0x00000028   Code   RO          797    .text               mf_p.l(f2d.o)
    0x08000478   0x08000478   0x0000003e   Code   RO          836    .text               mc_p.l(uidiv_div0.o)
    0x080004b6   0x080004b6   0x00000020   Code   RO          842    .text               mc_p.l(llshl.o)
    0x080004d6   0x080004d6   0x00000022   Code   RO          844    .text               mc_p.l(llushr.o)
    0x080004f8   0x080004f8   0x00000000   Code   RO          853    .text               mc_p.l(iusefp.o)
    0x080004f8   0x080004f8   0x00000082   Code   RO          854    .text               mf_p.l(fepilogue.o)
    0x0800057a   0x0800057a   0x00000018   Code   RO          856    .text               mf_p.l(fscalb.o)
    0x08000592   0x08000592   0x00000058   Code   RO          858    .text               mf_p.l(fsqrt.o)
    0x080005ea   0x080005ea   0x0000003e   Code   RO          860    .text               mf_p.l(frnd.o)
    0x08000628   0x08000628   0x00000024   Code   RO          862    .text               mc_p.l(init.o)
    0x0800064c   0x0800064c   0x0000000e   Code   RO          864    .text               mf_p.l(ffltui.o)
    0x0800065a   0x0800065a   0x00000002   PAD
    0x0800065c   0x0800065c   0x00000070   Code   RO          293    .text.BSP_RCC_HSI_48MConfig  py32f002b_bsp_clock.o
    0x080006cc   0x080006cc   0x00000060   Code   RO          700    .text.Filter_Apply  imualgo_axis9.lib(imualgo_axis9.o)
    0x0800072c   0x0800072c   0x00000002   Code   RO          260    .text.HardFault_Handler  py32f002b_it.o
    0x0800072e   0x0800072e   0x00000002   PAD
    0x08000730   0x08000730   0x000000a4   Code   RO          461    .text.LL_EXTI_Init  py32f002b_ll_exti.o
    0x080007d4   0x080007d4   0x000000a4   Code   RO          527    .text.LL_GPIO_Init  py32f002b_ll_gpio.o
    0x08000878   0x08000878   0x00000018   Code   RO           78    .text.LL_I2C_ClearFlag_ADDR  i2c_driver.o
    0x08000890   0x08000890   0x000000d8   Code   RO          541    .text.LL_I2C_Init   py32f002b_ll_i2c.o
    0x08000968   0x08000968   0x0000001c   Code   RO           74    .text.LL_IOP_GRP1_EnableClock  i2c_driver.o
    0x08000984   0x08000984   0x00000020   Code   RO          669    .text.LL_Init1msTick  py32f002b_ll_utils.o
    0x080009a4   0x080009a4   0x00000040   Code   RO          577    .text.LL_RCC_GetSystemClocksFreq  py32f002b_ll_rcc.o
    0x080009e4   0x080009e4   0x0000003c   Code   RO          587    .text.LL_RCC_LSI_GetFreq  py32f002b_ll_rcc.o
    0x08000a20   0x08000a20   0x0000000c   Code   RO          683    .text.LL_SetSystemCoreClock  py32f002b_ll_utils.o
    0x08000a2c   0x08000a2c   0x00000050   Code   RO          621    .text.LL_TIM_Init   py32f002b_ll_tim.o
    0x08000a7c   0x08000a7c   0x00000002   Code   RO          258    .text.NMI_Handler   py32f002b_it.o
    0x08000a7e   0x08000a7e   0x00000002   Code   RO          264    .text.PendSV_Handler  py32f002b_it.o
    0x08000a80   0x08000a80   0x0000003c   Code   RO          579    .text.RCC_GetSystemClockFreq  py32f002b_ll_rcc.o
    0x08000abc   0x08000abc   0x00000030   Code   RO          336    .text.SEGGER_RTT_Write  segger_rtt.o
    0x08000aec   0x08000aec   0x00000068   Code   RO          332    .text.SEGGER_RTT_WriteNoLock  segger_rtt.o
    0x08000b54   0x08000b54   0x0000027a   Code   RO          398    .text.SEGGER_RTT_vprintf  segger_rtt_printf.o
    0x08000dce   0x08000dce   0x00000002   Code   RO          262    .text.SVC_Handler   py32f002b_it.o
    0x08000dd0   0x08000dd0   0x00000002   Code   RO          266    .text.SysTick_Handler  py32f002b_it.o
    0x08000dd2   0x08000dd2   0x00000002   PAD
    0x08000dd4   0x08000dd4   0x00000058   Code   RO          277    .text.SystemInit    system_py32f002b.o
    0x08000e2c   0x08000e2c   0x00000028   Code   RO           55    .text.TIM14_IRQHandler  qmi8658a_driver.o
    0x08000e54   0x08000e54   0x0000005c   Code   RO          191    .text.TIM1_BRK_UP_TRG_COM_IRQHandler  433_send_driver.o
    0x08000eb0   0x08000eb0   0x0000001a   Code   RO          681    .text.WaitMs        py32f002b_ll_utils.o
    0x08000eca   0x08000eca   0x00000016   Code   RO          679    .text.WaitUs        py32f002b_ll_utils.o
    0x08000ee0   0x08000ee0   0x00000070   Code   RO          312    .text._DoInit       segger_rtt.o
    0x08000f50   0x08000f50   0x00000016   Code   RO          326    .text._GetAvailWriteSpace  segger_rtt.o
    0x08000f66   0x08000f66   0x00000002   PAD
    0x08000f68   0x08000f68   0x00000104   Code   RO          402    .text._PrintUnsigned  segger_rtt_printf.o
    0x0800106c   0x0800106c   0x00000040   Code   RO          400    .text._StoreChar    segger_rtt_printf.o
    0x080010ac   0x080010ac   0x0000005c   Code   RO          330    .text._WriteBlocking  segger_rtt.o
    0x08001108   0x08001108   0x00000036   Code   RO          328    .text._WriteNoCheck  segger_rtt.o
    0x0800113e   0x0800113e   0x00000002   PAD
    0x08001140   0x08001140   0x00000018   Code   RO          133    .text.all_key_release_event  keyboard_handle.o
    0x08001158   0x08001158   0x0000003c   Code   RO          675    .text.clock_time    py32f002b_ll_utils.o
    0x08001194   0x08001194   0x00000018   Code   RO          677    .text.clock_time_exceed  py32f002b_ll_utils.o
    0x080011ac   0x080011ac   0x0000007c   Code   RO           72    .text.dev_iic_config  i2c_driver.o
    0x08001228   0x08001228   0x00000018   Code   RO            4    .text.device_pair_id_read  flash_handle.o
    0x08001240   0x08001240   0x00000014   Code   RO          213    .text.device_status_init  app.o
    0x08001254   0x08001254   0x00000018   Code   RO          217    .text.device_status_loop  app.o
    0x0800126c   0x0800126c   0x00000194   Code   RO           80    .text.i2c_read_byte  i2c_driver.o
    0x08001400   0x08001400   0x000000ac   Code   RO           76    .text.i2c_write_byte  i2c_driver.o
    0x080014ac   0x080014ac   0x00000010   Code   RO          696    .text.init_state_recognition  imualgo_axis9.lib(imualgo_axis9.o)
    0x080014bc   0x080014bc   0x0000003c   Code   RO           93    .text.kb_gpio_event_handler  keyboard_driver.o
    0x080014f8   0x080014f8   0x0000001a   Code   RO           97    .text.kb_gpio_init_col  keyboard_driver.o
    0x08001512   0x08001512   0x0000001e   Code   RO           95    .text.kb_gpio_init_row  keyboard_driver.o
    0x08001530   0x08001530   0x00000008   Code   RO           99    .text.kb_gpio_set_high  keyboard_driver.o
    0x08001538   0x08001538   0x00000008   Code   RO          101    .text.kb_gpio_set_low  keyboard_driver.o
    0x08001540   0x08001540   0x0000017c   Code   RO          107    .text.kb_matrix_scan  keyboard_driver.o
    0x080016bc   0x080016bc   0x000000bc   Code   RO           91    .text.kb_wakeup_exti_config  keyboard_driver.o
    0x08001778   0x08001778   0x00000024   Code   RO          121    .text.key_combination_events  keyboard_handle.o
    0x0800179c   0x0800179c   0x0000000e   Code   RO          131    .text.key_press_timeout_event  keyboard_handle.o
    0x080017aa   0x080017aa   0x00000002   PAD
    0x080017ac   0x080017ac   0x0000005c   Code   RO          135    .text.key_status_set_event  keyboard_handle.o
    0x08001808   0x08001808   0x00000088   Code   RO          137    .text.keyboard_loop  keyboard_handle.o
    0x08001890   0x08001890   0x00000074   Code   RO          103    .text.keybroad_init  keyboard_driver.o
    0x08001904   0x08001904   0x0000000c   Code   RO          153    .text.led_close     led_driver.o
    0x08001910   0x08001910   0x0000002c   Code   RO          149    .text.led_init      led_driver.o
    0x0800193c   0x0800193c   0x0000000c   Code   RO          151    .text.led_open      led_driver.o
    0x08001948   0x08001948   0x0000001c   Code   RO          237    .text.main          main.o
    0x08001964   0x08001964   0x00000014   Code   RO          225    .text.main_loop     app.o
    0x08001978   0x08001978   0x00000024   Code   RO          125    .text.one_key_long_press_event  keyboard_handle.o
    0x0800199c   0x0800199c   0x0000002c   Code   RO          123    .text.one_key_short_press_event  keyboard_handle.o
    0x080019c8   0x080019c8   0x000000e0   Code   RO          176    .text.protocol_command_encode  433_protocol.o
    0x08001aa8   0x08001aa8   0x00000012   Code   RO           41    .text.qmi8658_read_reg  qmi8658a_driver.o
    0x08001aba   0x08001aba   0x00000002   PAD
    0x08001abc   0x08001abc   0x00000084   Code   RO           45    .text.qmi8658a_data_process  qmi8658a_driver.o
    0x08001b40   0x08001b40   0x00000030   Code   RO           51    .text.qmi8658a_driver_config  qmi8658a_driver.o
    0x08001b70   0x08001b70   0x00000064   Code   RO           33    .text.qmi8658a_init  qmi8658a_driver.o
    0x08001bd4   0x08001bd4   0x00000074   Code   RO           59    .text.qmi8658a_loop  qmi8658a_driver.o
    0x08001c48   0x08001c48   0x00000058   Code   RO           35    .text.qmi8658a_read_accel_float  qmi8658a_driver.o
    0x08001ca0   0x08001ca0   0x00000014   Code   RO           31    .text.qmi8658a_read_byte  qmi8658a_driver.o
    0x08001cb4   0x08001cb4   0x00000068   Code   RO           37    .text.qmi8658a_read_gyro_float  qmi8658a_driver.o
    0x08001d1c   0x08001d1c   0x00000010   Code   RO           39    .text.qmi8658a_read_sensors_float  qmi8658a_driver.o
    0x08001d2c   0x08001d2c   0x00000030   Code   RO           57    .text.qmi8658a_setup_init  qmi8658a_driver.o
    0x08001d5c   0x08001d5c   0x00000078   Code   RO           53    .text.qmi8658a_tim_config  qmi8658a_driver.o
    0x08001dd4   0x08001dd4   0x0000001c   Code   RO           29    .text.qmi8658a_write_byte  qmi8658a_driver.o
    0x08001df0   0x08001df0   0x0000002c   Code   RO           43    .text.qst_algo_init  qmi8658a_driver.o
    0x08001e1c   0x08001e1c   0x00000374   Code   RO          708    .text.qst_fusion_init  imualgo_axis9.lib(imualgo_axis9.o)
    0x08002190   0x08002190   0x0000013c   Code   RO          706    .text.qst_fusion_nomag_rotation_matrix  imualgo_axis9.lib(imualgo_axis9.o)
    0x080022cc   0x080022cc   0x00000a70   Code   RO          710    .text.qst_fusion_update  imualgo_axis9.lib(imualgo_axis9.o)
    0x08002d3c   0x08002d3c   0x00000014   Code   RO          221    .text.re_send_enable  app.o
    0x08002d50   0x08002d50   0x000000a0   Code   RO          189    .text.rf_driver_init  433_send_driver.o
    0x08002df0   0x08002df0   0x00000038   Code   RO          199    .text.rf_send       433_send_driver.o
    0x08002e28   0x08002e28   0x00000010   Code   RO          195    .text.rf_send_is_working  433_send_driver.o
    0x08002e38   0x08002e38   0x00000054   Code   RO          219    .text.rf_send_loop  app.o
    0x08002e8c   0x08002e8c   0x00000020   Code   RO          404    .text.rtt_printf    segger_rtt_printf.o
    0x08002eac   0x08002eac   0x00000014   Code   RO           14    .text.send_data_check_set  function_handle.o
    0x08002ec0   0x08002ec0   0x0000003c   Code   RO           16    .text.send_key_ntc_packet  function_handle.o
    0x08002efc   0x08002efc   0x00000098   Code   RO          698    .text.set_cutoff_frequency  imualgo_axis9.lib(imualgo_axis9.o)
    0x08002f94   0x08002f94   0x00000018   Code   RO          673    .text.systick_init  py32f002b_ll_utils.o
    0x08002fac   0x08002fac   0x00000038   Code   RO          129    .text.two_key_long_press_event  keyboard_handle.o
    0x08002fe4   0x08002fe4   0x00000032   Code   RO          127    .text.two_key_short_press_event  keyboard_handle.o
    0x08003016   0x08003016   0x00000028   Code   RO          223    .text.user_init     app.o
    0x0800303e   0x0800303e   0x00000002   PAD
    0x08003040   0x08003040   0x00000050   Code   RO          704    .text.wrap_PI       imualgo_axis9.lib(imualgo_axis9.o)
    0x08003090   0x08003090   0x00000032   Code   RO          818    i.__ARM_common_ll_muluu  m_ps.l(rredf.o)
    0x080030c2   0x080030c2   0x00000022   Code   RO          799    i.__ARM_fpclassifyf  m_ps.l(fpclassifyf.o)
    0x080030e4   0x080030e4   0x0000000a   Code   RO          802    i.__mathlib_flt_infnan  m_ps.l(funder.o)
    0x080030ee   0x080030ee   0x00000008   Code   RO          803    i.__mathlib_flt_infnan2  m_ps.l(funder.o)
    0x080030f6   0x080030f6   0x0000000c   Code   RO          804    i.__mathlib_flt_invalid  m_ps.l(funder.o)
    0x08003102   0x08003102   0x0000000e   Code   RO          807    i.__mathlib_flt_underflow  m_ps.l(funder.o)
    0x08003110   0x08003110   0x00000180   Code   RO          815    i.__mathlib_rredf2  m_ps.l(rredf.o)
    0x08003290   0x08003290   0x0000000e   Code   RO          868    i.__scatterload_copy  mc_p.l(handlers.o)
    0x0800329e   0x0800329e   0x00000002   Code   RO          869    i.__scatterload_null  mc_p.l(handlers.o)
    0x080032a0   0x080032a0   0x0000000e   Code   RO          870    i.__scatterload_zeroinit  mc_p.l(handlers.o)
    0x080032ae   0x080032ae   0x00000002   PAD
    0x080032b0   0x080032b0   0x0000000c   Code   RO          848    i.__set_errno       mc_p.l(errno.o)
    0x080032bc   0x080032bc   0x00000118   Code   RO          733    i.asinf             m_ps.l(asinf.o)
    0x080033d4   0x080033d4   0x0000029c   Code   RO          737    i.atan2f            m_ps.l(atan2f.o)
    0x08003670   0x08003670   0x00000178   Code   RO          741    i.cosf              m_ps.l(cosf.o)
    0x080037e8   0x080037e8   0x00000184   Code   RO          745    i.sinf              m_ps.l(sinf.o)
    0x0800396c   0x0800396c   0x0000002c   Code   RO          749    i.sqrtf             m_ps.l(sqrtf.o)
    0x08003998   0x08003998   0x00000170   Code   RO          753    i.tanf              m_ps.l(tanf.o)
    0x08003b08   0x08003b08   0x00000020   Data   RO          816    .constdata          m_ps.l(rredf.o)
    0x08003b28   0x08003b28   0x00000040   Data   RO          280    .rodata.AHBPrescTable  system_py32f002b.o
    0x08003b68   0x08003b68   0x00000020   Data   RO          281    .rodata.APBPrescTable  system_py32f002b.o
    0x08003b88   0x08003b88   0x00000020   Data   RO          282    .rodata.HSIFreqTable  system_py32f002b.o
    0x08003ba8   0x08003ba8   0x00000007   Data   RO          178    .rodata.SPEC        433_protocol.o
    0x08003baf   0x08003baf   0x00000001   PAD
    0x08003bb0   0x08003bb0   0x00000008   Data   RO          110    .rodata.col_pin     keyboard_driver.o
    0x08003bb8   0x08003bb8   0x00000010   Data   RO          139    .rodata.kb_list     keyboard_handle.o
    0x08003bc8   0x08003bc8   0x00000020   Data   RO          111    .rodata.kb_map_num  keyboard_driver.o
    0x08003be8   0x08003be8   0x00000008   Data   RO          109    .rodata.row_pin     keyboard_driver.o
    0x08003bf0   0x08003bf0   0x00000009   Data   RO          387    .rodata.str1.1      segger_rtt.o
    0x08003bf9   0x08003bf9   0x00000003   PAD
    0x08003bfc   0x08003bfc   0x00000020   Data   RO          867    Region$$Table       anon$$obj.o


    Execution Region RW_IRAM1 (Exec base: 0x20000000, Load base: 0x08003c20, Size: 0x00000b80, Max: 0x00000c00, ABSOLUTE)

    Exec Addr    Load Addr    Size         Type   Attr      Idx    E Section Name        Object

    0x20000000   0x08003c20   0x00000004   Data   RW          849    .data               mc_p.l(errno.o)
    0x20000004   0x08003c24   0x00000014   Data   RW           61    .data..L_MergedGlobals  qmi8658a_driver.o
    0x20000018   0x08003c38   0x00000034   Data   RW          723    .data..L_MergedGlobals  imualgo_axis9.lib(imualgo_axis9.o)
    0x2000004c   0x08003c6c   0x00000004   Data   RW          279    .data.SystemCoreClock  system_py32f002b.o
    0x20000050   0x08003c70   0x00000014   Data   RW          716    .data.accel_filter  imualgo_axis9.lib(imualgo_axis9.o)
    0x20000064   0x08003c84   0x00000014   Data   RW          715    .data.gyro_filter   imualgo_axis9.lib(imualgo_axis9.o)
    0x20000078        -       0x00000018   Zero   RW          112    .bss..L_MergedGlobals  keyboard_driver.o
    0x20000090        -       0x00000010   Zero   RW          204    .bss..L_MergedGlobals  433_send_driver.o
    0x200000a0        -       0x00000008   Zero   RW          687    .bss..L_MergedGlobals  py32f002b_ll_utils.o
    0x200000a8        -       0x0000007c   Zero   RW           62    .bss..L_MergedGlobals.1  qmi8658a_driver.o
    0x20000124        -       0x00000074   Zero   RW          724    .bss..L_MergedGlobals.1  imualgo_axis9.lib(imualgo_axis9.o)
    0x20000198        -       0x000000a8   Zero   RW          384    .bss._SEGGER_RTT    segger_rtt.o
    0x20000240        -       0x00000010   Zero   RW          389    .bss._acDownBuffer  segger_rtt.o
    0x20000250        -       0x00000400   Zero   RW          388    .bss._acUpBuffer    segger_rtt.o
    0x20000650        -       0x00000008   Zero   RW          227    .bss.dev_st         app.o
    0x20000658        -       0x00000028   Zero   RW          719    .bss.gyro_buffer_speed  imualgo_axis9.lib(imualgo_axis9.o)
    0x20000680        -       0x00000004   Zero   RW           82    .bss.i2cState       i2c_driver.o
    0x20000684        -       0x00000004   Zero   RW          140    .bss.keyboard_loop.tick  keyboard_handle.o
    0x20000688        -       0x00000009   Zero   RW           20    .bss.packet_dat     function_handle.o
    0x20000691   0x08003c98   0x00000003   PAD
    0x20000694        -       0x00000008   Zero   RW          228    .bss.rf_send_st     app.o
    0x2000069c        -       0x000000e2   Zero   RW          203    .bss.wm_send_parameters  433_send_driver.o
    0x2000077e   0x08003c98   0x00000002   PAD
    0x20000780        -       0x00000400   Zero   RW          248    STACK               startup_py32f002bxx.o


==============================================================================

Image component sizes


      Code (inc. data)   RO Data    RW Data    ZI Data      Debug   Object Name

       224          4          7          0          0       2809   433_protocol.o
       324         40          0          0        242       6861   433_send_driver.o
       208         12          0          0         16       1901   app.o
        24          4          0          0          0        954   flash_handle.o
        80          8          0          0          9       1408   function_handle.o
       752         28          0          0          4       7505   i2c_driver.o
       816         80         48          0         24       6574   keyboard_driver.o
       488         28         16          0          4       2742   keyboard_handle.o
        68          8          0          0          0       2373   led_driver.o
        28         12          0          0          0        610   main.o
       112         20          0          0          0       4271   py32f002b_bsp_clock.o
        10          0          0          0          0        752   py32f002b_it.o
       164         12          0          0          0       2671   py32f002b_ll_exti.o
       164          0          0          0          0       3707   py32f002b_ll_gpio.o
       216         16          0          0          0       3930   py32f002b_ll_i2c.o
       184         36          0          0          0       6036   py32f002b_ll_rcc.o
        80          8          0          0          0      11329   py32f002b_ll_tim.o
       200         28          0          0          8       4253   py32f002b_ll_utils.o
       922        120          0         20        124       8893   qmi8658a_driver.o
       432         40          9          0       1208      19103   segger_rtt.o
       990         36          0          0          0       5914   segger_rtt_printf.o
        28          8        192          0       1024        616   startup_py32f002bxx.o
        88         24        128          4          0       2289   system_py32f002b.o

    ----------------------------------------------------------------------
      6616        572        436         24       2668     107501   Object Totals
         0          0         32          0          0          0   (incl. Generated)
        14          0          4          0          5          0   (incl. Padding)

    ----------------------------------------------------------------------

      Code (inc. data)   RO Data    RW Data    ZI Data      Debug   Library Member Name

      4216        168          0         92        156      12120   imualgo_axis9.o
       280         38          0          0          0         76   asinf.o
       668         76          0          0          0        120   atan2f.o
       376         58          0          0          0        104   cosf.o
        34          0          0          0          0         60   fpclassifyf.o
        44          0          0          0          0        272   funder.o
       434         18         32          0          0        168   rredf.o
       388         58          0          0          0        104   sinf.o
        44          0          0          0          0         72   sqrtf.o
       368         56          0          0          0        100   tanf.o
         0          0          0          0          0          0   entry.o
         0          0          0          0          0          0   entry10a.o
         0          0          0          0          0          0   entry11a.o
         8          4          0          0          0          0   entry2.o
         4          0          0          0          0          0   entry5.o
         0          0          0          0          0          0   entry7b.o
         0          0          0          0          0          0   entry8b.o
         8          4          0          0          0          0   entry9a.o
        12          6          0          4          0         60   errno.o
        30          0          0          0          0          0   handlers.o
        36          8          0          0          0         68   init.o
         0          0          0          0          0          0   iusefp.o
        32          0          0          0          0         68   llshl.o
        34          0          0          0          0         68   llushr.o
        36          0          0          0          0         60   memcpya.o
        36          0          0          0          0        100   memseta.o
        62          0          0          0          0         72   uidiv_div0.o
        96          0          0          0          0         84   uldiv.o
        44          0          0          0          0         68   dcmpgt.o
        44          0          0          0          0         68   dcmple.o
        40          0          0          0          0         60   f2d.o
       178          0          0          0          0        108   fadd.o
        28          0          0          0          0         60   fcmpge.o
        28          0          0          0          0         60   fcmpgt.o
        28          0          0          0          0         60   fcmple.o
        28          0          0          0          0         60   fcmplt.o
       124          0          0          0          0         72   fdiv.o
       130          0          0          0          0        144   fepilogue.o
        50          0          0          0          0         60   ffixi.o
        22          0          0          0          0         68   fflti.o
        14          0          0          0          0         68   ffltui.o
       122          0          0          0          0         72   fmul.o
        62          0          0          0          0         68   frnd.o
        24          0          0          0          0         60   fscalb.o
        88          0          0          0          0         72   fsqrt.o

    ----------------------------------------------------------------------
      8304        494         32         96        156      15004   Library Totals
         4          0          0          0          0          0   (incl. Padding)

    ----------------------------------------------------------------------

      Code (inc. data)   RO Data    RW Data    ZI Data      Debug   Library Name

      4216        168          0         92        156      12120   imualgo_axis9.lib
      2636        304         32          0          0       1076   m_ps.l
       394         22          0          4          0        580   mc_p.l
      1054          0          0          0          0       1228   mf_p.l

    ----------------------------------------------------------------------
      8304        494         32         96        156      15004   Library Totals

    ----------------------------------------------------------------------

==============================================================================


      Code (inc. data)   RO Data    RW Data    ZI Data      Debug   

     14920       1066        468        120       2824     120721   Grand Totals
     14920       1066        468        120       2824     120721   ELF Image Totals
     14920       1066        468        120          0          0   ROM Totals

==============================================================================

    Total RO  Size (Code + RO Data)                15388 (  15.03kB)
    Total RW  Size (RW Data + ZI Data)              2944 (   2.88kB)
    Total ROM Size (Code + RO Data + RW Data)      15508 (  15.14kB)

==============================================================================

