<html>
<body>
<pre>
<h1>µVision Build Log</h1>
<h2>Tool Versions:</h2>
IDE-Version: ¦ÌVision V5.38.0.0
Copyright (C) 2022 ARM Ltd and ARM Germany GmbH. All rights reserved.
License Information: hu tutu, hengchuang, LIC=LSNXV-PH35T-JJ56S-L69KH-TV5YL-NT1CC
 
Tool Versions:
Toolchain:       MDK-ARM Plus  Version: 5.38.0.0
Toolchain Path:  E:\1.software\57.puya_keil\ARM\ARMCLANG\Bin
C Compiler:      ArmClang.exe V6.19
Assembler:       Armasm.exe V6.19
Linker/Locator:  ArmLink.exe V6.19
Library Manager: ArmAr.exe V6.19
Hex Converter:   FromElf.exe V6.19
CPU DLL:         SARMCM3.DLL V5.38.0.0
Dialog DLL:      DARMCM1.DLL V1.19.6.0
Target DLL:      Segger\JL2CM3.dll V2.99.42.0
Dialog DLL:      TARMCM1.DLL V1.14.6.0
 
<h2>Project:</h2>
D:\Users\148005\Desktop\git_PY32F002B_Remote\MDK-ARM\Project.uvprojx
Project File Date:  03/16/2025

<h2>Output:</h2>
*** Using Compiler 'V6.19', folder: 'E:\1.software\57.puya_keil\ARM\ARMCLANG\Bin'
Rebuild target 'PY32F002Bx5_Project'
compiling qmi8658a_handle.c...
compiling qmi8658a_driver.c...
compiling function_handle.c...
compiling keyboard_handle.c...
compiling i2c_driver.c...
compiling power_driver.c...
compiling ntc_driver.c...
compiling flash_handle.c...
compiling led_driver.c...
compiling ntc_handle.c...
compiling keyboard_driver.c...
compiling 433_protocol.c...
assembling startup_py32f002bxx.s...
compiling 433_send_driver.c...
compiling app.c...
compiling main.c...
compiling py32f002b_it.c...
compiling system_py32f002b.c...
compiling py32f002b_bsp_printf.c...
compiling py32f002b_bsp_clock.c...
compiling SEGGER_RTT_printf.c...
compiling py32f002b_ll_adc.c...
compiling py32f002b_ll_comp.c...
compiling SEGGER_RTT.c...
compiling py32f002b_ll_exti.c...
compiling py32f002b_ll_crc.c...
compiling py32f002b_ll_i2c.c...
compiling py32f002b_ll_gpio.c...
compiling py32f002b_ll_pwr.c...
compiling py32f002b_ll_lptim.c...
compiling py32f002b_ll_flash.c...
compiling py32f002b_ll_spi.c...
compiling py32f002b_ll_rcc.c...
compiling py32f002b_ll_usart.c...
compiling py32f002b_ll_utils.c...
compiling py32f002b_ll_tim.c...
linking...
Program Size: Code=14920 RO-data=468 RW-data=120 ZI-data=2824  
FromELF: creating hex file...
".\Objects\Project.axf" - 0 Error(s), 0 Warning(s).

<h2>Software Packages used:</h2>

Package Vendor: Puya
                https://www.puyasemi.com/uploadfiles/Puya.PY32F0xx_DFP.1.2.2.pack
                Puya.PY32F0xx_DFP.1.2.2
                Puya PY32F0 Series Device Support

<h2>Collection of Component include folders:</h2>
  E:/1.software/57.puya_keil/packs/Puya/PY32F0xx_DFP/1.2.2/Drivers/CMSIS/Device/PY32F0xx/Include

<h2>Collection of Component Files used:</h2>
Build Time Elapsed:  00:00:02
</pre>
</body>
</html>
